Archive member included to satisfy reference by file (symbol)

c:/st/stm32cubeide_1.2.0/stm32cubeide/plugins/com.st.stm32cube.ide.mcu.externaltools.gnu-tools-for-stm32.9-2020-q2-update.win32_1.5.0.202011040924/tools/bin/../lib/gcc/arm-none-eabi/9.3.1/../../../../arm-none-eabi/lib/thumb/v6-m/nofp\libc_nano.a(lib_a-atof.o)
                              BOS\BOS_CLI.o (atof)
c:/st/stm32cubeide_1.2.0/stm32cubeide/plugins/com.st.stm32cube.ide.mcu.externaltools.gnu-tools-for-stm32.9-2020-q2-update.win32_1.5.0.202011040924/tools/bin/../lib/gcc/arm-none-eabi/9.3.1/../../../../arm-none-eabi/lib/thumb/v6-m/nofp\libc_nano.a(lib_a-atoi.o)
                              BOS\BOS_CLI.o (atoi)
c:/st/stm32cubeide_1.2.0/stm32cubeide/plugins/com.st.stm32cube.ide.mcu.externaltools.gnu-tools-for-stm32.9-2020-q2-update.win32_1.5.0.202011040924/tools/bin/../lib/gcc/arm-none-eabi/9.3.1/../../../../arm-none-eabi/lib/thumb/v6-m/nofp\libc_nano.a(lib_a-atol.o)
                              BOS\BOS.o (atol)
c:/st/stm32cubeide_1.2.0/stm32cubeide/plugins/com.st.stm32cube.ide.mcu.externaltools.gnu-tools-for-stm32.9-2020-q2-update.win32_1.5.0.202011040924/tools/bin/../lib/gcc/arm-none-eabi/9.3.1/../../../../arm-none-eabi/lib/thumb/v6-m/nofp\libc_nano.a(lib_a-calloc.o)
                              BOS\BOS.o (calloc)
c:/st/stm32cubeide_1.2.0/stm32cubeide/plugins/com.st.stm32cube.ide.mcu.externaltools.gnu-tools-for-stm32.9-2020-q2-update.win32_1.5.0.202011040924/tools/bin/../lib/gcc/arm-none-eabi/9.3.1/../../../../arm-none-eabi/lib/thumb/v6-m/nofp\libc_nano.a(lib_a-ctype_.o)
                              BOS\BOS_CLI.o (_ctype_)
c:/st/stm32cubeide_1.2.0/stm32cubeide/plugins/com.st.stm32cube.ide.mcu.externaltools.gnu-tools-for-stm32.9-2020-q2-update.win32_1.5.0.202011040924/tools/bin/../lib/gcc/arm-none-eabi/9.3.1/../../../../arm-none-eabi/lib/thumb/v6-m/nofp\libc_nano.a(lib_a-exit.o)
                              c:/st/stm32cubeide_1.2.0/stm32cubeide/plugins/com.st.stm32cube.ide.mcu.externaltools.gnu-tools-for-stm32.9-2020-q2-update.win32_1.5.0.202011040924/tools/bin/../lib/gcc/arm-none-eabi/9.3.1/../../../../arm-none-eabi/lib/thumb/v6-m/nofp/crt0.o (exit)
c:/st/stm32cubeide_1.2.0/stm32cubeide/plugins/com.st.stm32cube.ide.mcu.externaltools.gnu-tools-for-stm32.9-2020-q2-update.win32_1.5.0.202011040924/tools/bin/../lib/gcc/arm-none-eabi/9.3.1/../../../../arm-none-eabi/lib/thumb/v6-m/nofp\libc_nano.a(lib_a-impure.o)
                              c:/st/stm32cubeide_1.2.0/stm32cubeide/plugins/com.st.stm32cube.ide.mcu.externaltools.gnu-tools-for-stm32.9-2020-q2-update.win32_1.5.0.202011040924/tools/bin/../lib/gcc/arm-none-eabi/9.3.1/../../../../arm-none-eabi/lib/thumb/v6-m/nofp\libc_nano.a(lib_a-exit.o) (_global_impure_ptr)
c:/st/stm32cubeide_1.2.0/stm32cubeide/plugins/com.st.stm32cube.ide.mcu.externaltools.gnu-tools-for-stm32.9-2020-q2-update.win32_1.5.0.202011040924/tools/bin/../lib/gcc/arm-none-eabi/9.3.1/../../../../arm-none-eabi/lib/thumb/v6-m/nofp\libc_nano.a(lib_a-init.o)
                              c:/st/stm32cubeide_1.2.0/stm32cubeide/plugins/com.st.stm32cube.ide.mcu.externaltools.gnu-tools-for-stm32.9-2020-q2-update.win32_1.5.0.202011040924/tools/bin/../lib/gcc/arm-none-eabi/9.3.1/../../../../arm-none-eabi/lib/thumb/v6-m/nofp/crt0.o (__libc_init_array)
c:/st/stm32cubeide_1.2.0/stm32cubeide/plugins/com.st.stm32cube.ide.mcu.externaltools.gnu-tools-for-stm32.9-2020-q2-update.win32_1.5.0.202011040924/tools/bin/../lib/gcc/arm-none-eabi/9.3.1/../../../../arm-none-eabi/lib/thumb/v6-m/nofp\libc_nano.a(lib_a-malloc.o)
                              BOS\BOS.o (malloc)
c:/st/stm32cubeide_1.2.0/stm32cubeide/plugins/com.st.stm32cube.ide.mcu.externaltools.gnu-tools-for-stm32.9-2020-q2-update.win32_1.5.0.202011040924/tools/bin/../lib/gcc/arm-none-eabi/9.3.1/../../../../arm-none-eabi/lib/thumb/v6-m/nofp\libc_nano.a(lib_a-memcmp.o)
                              Thirdparty\Middleware\FreeRTOS\Source\tasks.o (memcmp)
c:/st/stm32cubeide_1.2.0/stm32cubeide/plugins/com.st.stm32cube.ide.mcu.externaltools.gnu-tools-for-stm32.9-2020-q2-update.win32_1.5.0.202011040924/tools/bin/../lib/gcc/arm-none-eabi/9.3.1/../../../../arm-none-eabi/lib/thumb/v6-m/nofp\libc_nano.a(lib_a-memcpy-stub.o)
                              BOS\BOS.o (memcpy)
c:/st/stm32cubeide_1.2.0/stm32cubeide/plugins/com.st.stm32cube.ide.mcu.externaltools.gnu-tools-for-stm32.9-2020-q2-update.win32_1.5.0.202011040924/tools/bin/../lib/gcc/arm-none-eabi/9.3.1/../../../../arm-none-eabi/lib/thumb/v6-m/nofp\libc_nano.a(lib_a-memset.o)
                              c:/st/stm32cubeide_1.2.0/stm32cubeide/plugins/com.st.stm32cube.ide.mcu.externaltools.gnu-tools-for-stm32.9-2020-q2-update.win32_1.5.0.202011040924/tools/bin/../lib/gcc/arm-none-eabi/9.3.1/../../../../arm-none-eabi/lib/thumb/v6-m/nofp/crt0.o (memset)
[...]
Memory Configuration

Name             Origin             Length             Attributes
RAM              0x0000000020000000 0x0000000000008000 xrw
FLASH            0x0000000008000000 0x0000000000020000 xr
*default*        0x0000000000000000 0xffffffffffffffff

Linker script and memory map

LOAD c:/st/stm32cubeide_1.2.0/stm32cubeide/plugins/com.st.stm32cube.ide.mcu.externaltools.gnu-tools-for-stm32.9-2020-q2-update.win32_1.5.0.202011040924/tools/bin/../lib/gcc/arm-none-eabi/9.3.1/thumb/v6-m/nofp/crti.o
LOAD c:/st/stm32cubeide_1.2.0/stm32cubeide/plugins/com.st.stm32cube.ide.mcu.externaltools.gnu-tools-for-stm32.9-2020-q2-update.win32_1.5.0.202011040924/tools/bin/../lib/gcc/arm-none-eabi/9.3.1/thumb/v6-m/nofp/crtbegin.o
LOAD c:/st/stm32cubeide_1.2.0/stm32cubeide/plugins/com.st.stm32cube.ide.mcu.externaltools.gnu-tools-for-stm32.9-2020-q2-update.win32_1.5.0.202011040924/tools/bin/../lib/gcc/arm-none-eabi/9.3.1/../../../../arm-none-eabi/lib/thumb/v6-m/nofp/crt0.o
LOAD BOS\BOS.o
LOAD BOS\BOS_CLI.o
LOAD BOS\BOS_CLIcommands.o
LOAD BOS\BOS_dma.o
LOAD BOS\BOS_eeprom.o
LOAD BOS\BOS_freertos.o
LOAD BOS\BOS_inputs.o
LOAD BOS\BOS_messaging.o
LOAD BOS\BOS_msgparser.o
LOAD H01R0\H01R0.o
LOAD H01R0\H01R0_dma.o
LOAD H01R0\H01R0_gpio.o
LOAD H01R0\H01R0_it.o
LOAD H01R0\H01R0_rtc.o
LOAD H01R0\H01R0_timers.o
LOAD H01R0\H01R0_uart.o
LOAD H01R0\startup_stm32f091xc.o
LOAD Thirdparty\CMSIS\Device\ST\STM32F0xx\Source\Templates\system_stm32f0xx.o
LOAD Thirdparty\Middleware\FreeRTOS\Source\CMSIS_RTOS\cmsis_os.o
LOAD Thirdparty\Middleware\FreeRTOS\Source\FreeRTOS_CLI.o
LOAD Thirdparty\Middleware\FreeRTOS\Source\croutine.o
LOAD Thirdparty\Middleware\FreeRTOS\Source\event_groups.o
LOAD Thirdparty\Middleware\FreeRTOS\Source\list.o
LOAD Thirdparty\Middleware\FreeRTOS\Source\portable\GCC\ARM_CM0\port.o
LOAD Thirdparty\Middleware\FreeRTOS\Source\portable\MemMang\heap_4.o
LOAD Thirdparty\Middleware\FreeRTOS\Source\queue.o
LOAD Thirdparty\Middleware\FreeRTOS\Source\tasks.o
LOAD Thirdparty\Middleware\FreeRTOS\Source\timers.o
LOAD Thirdparty\STM32F0xx_HAL_Driver\Src\stm32f0xx_hal.o
LOAD Thirdparty\STM32F0xx_HAL_Driver\Src\stm32f0xx_hal_adc.o
LOAD Thirdparty\STM32F0xx_HAL_Driver\Src\stm32f0xx_hal_adc_ex.o
LOAD Thirdparty\STM32F0xx_HAL_Driver\Src\stm32f0xx_hal_can.o
LOAD Thirdparty\STM32F0xx_HAL_Driver\Src\stm32f0xx_hal_cec.o
LOAD Thirdparty\STM32F0xx_HAL_Driver\Src\stm32f0xx_hal_comp.o
LOAD Thirdparty\STM32F0xx_HAL_Driver\Src\stm32f0xx_hal_cortex.o
LOAD Thirdparty\STM32F0xx_HAL_Driver\Src\stm32f0xx_hal_crc.o
LOAD Thirdparty\STM32F0xx_HAL_Driver\Src\stm32f0xx_hal_crc_ex.o
LOAD Thirdparty\STM32F0xx_HAL_Driver\Src\stm32f0xx_hal_dac.o
LOAD Thirdparty\STM32F0xx_HAL_Driver\Src\stm32f0xx_hal_dac_ex.o
LOAD Thirdparty\STM32F0xx_HAL_Driver\Src\stm32f0xx_hal_dma.o
LOAD Thirdparty\STM32F0xx_HAL_Driver\Src\stm32f0xx_hal_flash.o
LOAD Thirdparty\STM32F0xx_HAL_Driver\Src\stm32f0xx_hal_flash_ex.o
LOAD Thirdparty\STM32F0xx_HAL_Driver\Src\stm32f0xx_hal_gpio.o
LOAD Thirdparty\STM32F0xx_HAL_Driver\Src\stm32f0xx_hal_i2c.o
LOAD Thirdparty\STM32F0xx_HAL_Driver\Src\stm32f0xx_hal_i2c_ex.o
LOAD Thirdparty\STM32F0xx_HAL_Driver\Src\stm32f0xx_hal_i2s.o
LOAD Thirdparty\STM32F0xx_HAL_Driver\Src\stm32f0xx_hal_irda.o
LOAD Thirdparty\STM32F0xx_HAL_Driver\Src\stm32f0xx_hal_iwdg.o
LOAD Thirdparty\STM32F0xx_HAL_Driver\Src\stm32f0xx_hal_msp_template.o
LOAD Thirdparty\STM32F0xx_HAL_Driver\Src\stm32f0xx_hal_pcd.o
LOAD Thirdparty\STM32F0xx_HAL_Driver\Src\stm32f0xx_hal_pcd_ex.o
LOAD Thirdparty\STM32F0xx_HAL_Driver\Src\stm32f0xx_hal_pwr.o
LOAD Thirdparty\STM32F0xx_HAL_Driver\Src\stm32f0xx_hal_pwr_ex.o
LOAD Thirdparty\STM32F0xx_HAL_Driver\Src\stm32f0xx_hal_rcc.o
LOAD Thirdparty\STM32F0xx_HAL_Driver\Src\stm32f0xx_hal_rcc_ex.o
LOAD Thirdparty\STM32F0xx_HAL_Driver\Src\stm32f0xx_hal_rtc.o
LOAD Thirdparty\STM32F0xx_HAL_Driver\Src\stm32f0xx_hal_rtc_ex.o
LOAD Thirdparty\STM32F0xx_HAL_Driver\Src\stm32f0xx_hal_smartcard.o
LOAD Thirdparty\STM32F0xx_HAL_Driver\Src\stm32f0xx_hal_smartcard_ex.o
LOAD Thirdparty\STM32F0xx_HAL_Driver\Src\stm32f0xx_hal_smbus.o
LOAD Thirdparty\STM32F0xx_HAL_Driver\Src\stm32f0xx_hal_spi.o
LOAD Thirdparty\STM32F0xx_HAL_Driver\Src\stm32f0xx_hal_spi_ex.o
LOAD Thirdparty\STM32F0xx_HAL_Driver\Src\stm32f0xx_hal_tim.o
LOAD Thirdparty\STM32F0xx_HAL_Driver\Src\stm32f0xx_hal_tim_ex.o
LOAD Thirdparty\STM32F0xx_HAL_Driver\Src\stm32f0xx_hal_tsc.o
LOAD Thirdparty\STM32F0xx_HAL_Driver\Src\stm32f0xx_hal_uart.o
LOAD Thirdparty\STM32F0xx_HAL_Driver\Src\stm32f0xx_hal_uart_ex.o
LOAD Thirdparty\STM32F0xx_HAL_Driver\Src\stm32f0xx_hal_usart.o
LOAD Thirdparty\STM32F0xx_HAL_Driver\Src\stm32f0xx_hal_wwdg.o
LOAD User\main.o
START GROUP
LOAD c:/st/stm32cubeide_1.2.0/stm32cubeide/plugins/com.st.stm32cube.ide.mcu.externaltools.gnu-tools-for-stm32.9-2020-q2-update.win32_1.5.0.202011040924/tools/bin/../lib/gcc/arm-none-eabi/9.3.1/../../../../arm-none-eabi/lib/thumb/v6-m/nofp\libc_nano.a
LOAD c:/st/stm32cubeide_1.2.0/stm32cubeide/plugins/com.st.stm32cube.ide.mcu.externaltools.gnu-tools-for-stm32.9-2020-q2-update.win32_1.5.0.202011040924/tools/bin/../lib/gcc/arm-none-eabi/9.3.1/../../../../arm-none-eabi/lib/thumb/v6-m/nofp\libm.a
END GROUP
START GROUP
LOAD c:/st/stm32cubeide_1.2.0/stm32cubeide/plugins/com.st.stm32cube.ide.mcu.externaltools.gnu-tools-for-stm32.9-2020-q2-update.win32_1.5.0.202011040924/tools/bin/../lib/gcc/arm-none-eabi/9.3.1/thumb/v6-m/nofp\libgcc.a
LOAD c:/st/stm32cubeide_1.2.0/stm32cubeide/plugins/com.st.stm32cube.ide.mcu.externaltools.gnu-tools-for-stm32.9-2020-q2-update.win32_1.5.0.202011040924/tools/bin/../lib/gcc/arm-none-eabi/9.3.1/../../../../arm-none-eabi/lib/thumb/v6-m/nofp\libc_nano.a
END GROUP
START GROUP
LOAD c:/st/stm32cubeide_1.2.0/stm32cubeide/plugins/com.st.stm32cube.ide.mcu.externaltools.gnu-tools-for-stm32.9-2020-q2-update.win32_1.5.0.202011040924/tools/bin/../lib/gcc/arm-none-eabi/9.3.1/thumb/v6-m/nofp\libgcc.a
LOAD c:/st/stm32cubeide_1.2.0/stm32cubeide/plugins/com.st.stm32cube.ide.mcu.externaltools.gnu-tools-for-stm32.9-2020-q2-update.win32_1.5.0.202011040924/tools/bin/../lib/gcc/arm-none-eabi/9.3.1/../../../../arm-none-eabi/lib/thumb/v6-m/nofp\libc_nano.a
LOAD c:/st/stm32cubeide_1.2.0/stm32cubeide/plugins/com.st.stm32cube.ide.mcu.externaltools.gnu-tools-for-stm32.9-2020-q2-update.win32_1.5.0.202011040924/tools/bin/../lib/gcc/arm-none-eabi/9.3.1/../../../../arm-none-eabi/lib/thumb/v6-m/nofp\libnosys.a
END GROUP
START GROUP
LOAD c:/st/stm32cubeide_1.2.0/stm32cubeide/plugins/com.st.stm32cube.ide.mcu.externaltools.gnu-tools-for-stm32.9-2020-q2-update.win32_1.5.0.202011040924/tools/bin/../lib/gcc/arm-none-eabi/9.3.1/thumb/v6-m/nofp\libgcc.a
LOAD c:/st/stm32cubeide_1.2.0/stm32cubeide/plugins/com.st.stm32cube.ide.mcu.externaltools.gnu-tools-for-stm32.9-2020-q2-update.win32_1.5.0.202011040924/tools/bin/../lib/gcc/arm-none-eabi/9.3.1/../../../../arm-none-eabi/lib/thumb/v6-m/nofp\libc_nano.a
LOAD c:/st/stm32cubeide_1.2.0/stm32cubeide/plugins/com.st.stm32cube.ide.mcu.externaltools.gnu-tools-for-stm32.9-2020-q2-update.win32_1.5.0.202011040924/tools/bin/../lib/gcc/arm-none-eabi/9.3.1/../../../../arm-none-eabi/lib/thumb/v6-m/nofp\libnosys.a
END GROUP
LOAD c:/st/stm32cubeide_1.2.0/stm32cubeide/plugins/com.st.stm32cube.ide.mcu.externaltools.gnu-tools-for-stm32.9-2020-q2-update.win32_1.5.0.202011040924/tools/bin/../lib/gcc/arm-none-eabi/9.3.1/thumb/v6-m/nofp/crtend.o
LOAD c:/st/stm32cubeide_1.2.0/stm32cubeide/plugins/com.st.stm32cube.ide.mcu.externaltools.gnu-tools-for-stm32.9-2020-q2-update.win32_1.5.0.202011040924/tools/bin/../lib/gcc/arm-none-eabi/9.3.1/thumb/v6-m/nofp/crtn.o
                0x0000000020008000                _estack = 0x20008000
                0x0000000000000200                _Min_Heap_Size = 0x200
                0x0000000000000400                _Min_Stack_Size = 0x400

.isr_vector     0x0000000008000000       0xbc
                0x0000000008000000                . = ALIGN (0x4)
 *(.isr_vector)
 .isr_vector    0x0000000008000000       0xbc H01R0\startup_stm32f091xc.o
                0x0000000008000000                g_pfnVectors
                0x00000000080000bc                . = ALIGN (0x4)

.text           0x00000000080000bc    0x16ccc
                0x00000000080000bc                . = ALIGN (0x4)
 *(.text)
 .text          0x00000000080000bc       0x48 c:/st/stm32cubeide_1.2.0/stm32cubeide/plugins/com.st.stm32cube.ide.mcu.externaltools.gnu-tools-for-stm32.9-2020-q2-update.win32_1.5.0.202011040924/tools/bin/../lib/gcc/arm-none-eabi/9.3.1/thumb/v6-m/nofp/crtbegin.o
 .text          0x0000000008000104       0x14 c:/st/stm32cubeide_1.2.0/stm32cubeide/plugins/com.st.stm32cube.ide.mcu.externaltools.gnu-tools-for-stm32.9-2020-q2-update.win32_1.5.0.202011040924/tools/bin/../lib/gcc/arm-none-eabi/9.3.1/../../../../arm-none-eabi/lib/thumb/v6-m/nofp\libc_nano.a(lib_a-strcmp.o)
                0x0000000008000104                strcmp
 .text          0x0000000008000118        0xe c:/st/stm32cubeide_1.2.0/stm32cubeide/plugins/com.st.stm32cube.ide.mcu.externaltools.gnu-tools-for-stm32.9-2020-q2-update.win32_1.5.0.202011040924/tools/bin/../lib/gcc/arm-none-eabi/9.3.1/../../../../arm-none-eabi/lib/thumb/v6-m/nofp\libc_nano.a(lib_a-strlen.o)
                0x0000000008000118                strlen
 *fill*         0x0000000008000126        0x2 
 .text          0x0000000008000128       0x14 c:/st/stm32cubeide_1.2.0/stm32cubeide/plugins/com.st.stm32cube.ide.mcu.externaltools.gnu-tools-for-stm32.9-2020-q2-update.win32_1.5.0.202011040924/tools/bin/../lib/gcc/arm-none-eabi/9.3.1/thumb/v6-m/nofp\libgcc.a(_thumb1_case_uqi.o)
                0x0000000008000128                __gnu_thumb1_case_uqi
 .text          0x000000000800013c       0x14 c:/st/stm32cubeide_1.2.0/stm32cubeide/plugins/com.st.stm32cube.ide.mcu.externaltools.gnu-tools-for-stm32.9-2020-q2-update.win32_1.5.0.202011040924/tools/bin/../lib/gcc/arm-none-eabi/9.3.1/thumb/v6-m/nofp\libgcc.a(_thumb1_case_shi.o)
                0x000000000800013c                __gnu_thumb1_case_shi
 .text          0x0000000008000150      0x114 c:/st/stm32cubeide_1.2.0/stm32cubeide/plugins/com.st.stm32cube.ide.mcu.externaltools.gnu-tools-for-stm32.9-2020-q2-update.win32_1.5.0.202011040924/tools/bin/../lib/gcc/arm-none-eabi/9.3.1/thumb/v6-m/nofp\libgcc.a(_udivsi3.o)
                0x0000000008000150                __aeabi_uidiv
                0x0000000008000150                __udivsi3
                0x000000000800025c                __aeabi_uidivmod
 .text          0x0000000008000264      0x1d4 c:/st/stm32cubeide_1.2.0/stm32cubeide/plugins/com.st.stm32cube.ide.mcu.externaltools.gnu-tools-for-stm32.9-2020-q2-update.win32_1.5.0.202011040924/tools/bin/../lib/gcc/arm-none-eabi/9.3.1/thumb/v6-m/nofp\libgcc.a(_divsi3.o)
                0x0000000008000264                __divsi3
                0x0000000008000264                __aeabi_idiv
                0x0000000008000430                __aeabi_idivmod
 .text          0x0000000008000438        0x4 c:/st/stm32cubeide_1.2.0/stm32cubeide/plugins/com.st.stm32cube.ide.mcu.externaltools.gnu-tools-for-stm32.9-2020-q2-update.win32_1.5.0.202011040924/tools/bin/../lib/gcc/arm-none-eabi/9.3.1/thumb/v6-m/nofp\libgcc.a(_dvmd_tls.o)
                0x0000000008000438                __aeabi_idiv0
                0x0000000008000438                __aeabi_ldiv0
 .text          0x000000000800043c       0x7c c:/st/stm32cubeide_1.2.0/stm32cubeide/plugins/com.st.stm32cube.ide.mcu.externaltools.gnu-tools-for-stm32.9-2020-q2-update.win32_1.5.0.202011040924/tools/bin/../lib/gcc/arm-none-eabi/9.3.1/thumb/v6-m/nofp\libgcc.a(_arm_cmpdf2.o)
                0x000000000800043c                __aeabi_cdrcmple
                0x000000000800044c                __aeabi_cdcmple
                0x000000000800044c                __aeabi_cdcmpeq
                0x000000000800045c                __aeabi_dcmpeq
                0x0000000008000468                __aeabi_dcmplt
                0x000000000800047c                __aeabi_dcmple
                0x0000000008000490                __aeabi_dcmpgt
                0x00000000080004a4                __aeabi_dcmpge
 .text          0x00000000080004b8       0x74 c:/st/stm32cubeide_1.2.0/stm32cubeide/plugins/com.st.stm32cube.ide.mcu.externaltools.gnu-tools-for-stm32.9-2020-q2-update.win32_1.5.0.202011040924/tools/bin/../lib/gcc/arm-none-eabi/9.3.1/thumb/v6-m/nofp\libgcc.a(_arm_cmpsf2.o)
                0x00000000080004b8                __aeabi_cfrcmple
                0x00000000080004c0                __aeabi_cfcmpeq
                0x00000000080004c0                __aeabi_cfcmple
                0x00000000080004d0                __aeabi_fcmpeq
                0x00000000080004dc                __aeabi_fcmplt
                0x00000000080004f0                __aeabi_fcmple
                0x0000000008000504                __aeabi_fcmpgt
                0x0000000008000518                __aeabi_fcmpge
 .text          0x000000000800052c       0x50 c:/st/stm32cubeide_1.2.0/stm32cubeide/plugins/com.st.stm32cube.ide.mcu.externaltools.gnu-tools-for-stm32.9-2020-q2-update.win32_1.5.0.202011040924/tools/bin/../lib/gcc/arm-none-eabi/9.3.1/thumb/v6-m/nofp\libgcc.a(_muldi3.o)
                0x000000000800052c                __muldi3
                0x000000000800052c                __aeabi_lmul
 .text          0x000000000800057c       0x30 c:/st/stm32cubeide_1.2.0/stm32cubeide/plugins/com.st.stm32cube.ide.mcu.externaltools.gnu-tools-for-stm32.9-2020-q2-update.win32_1.5.0.202011040924/tools/bin/../lib/gcc/arm-none-eabi/9.3.1/thumb/v6-m/nofp\libgcc.a(_fixunssfsi.o)
                0x000000000800057c                __fixunssfsi
                0x000000000800057c                __aeabi_f2uiz
 .text          0x00000000080005ac       0x3c c:/st/stm32cubeide_1.2.0/stm32cubeide/plugins/com.st.stm32cube.ide.mcu.externaltools.gnu-tools-for-stm32.9-2020-q2-update.win32_1.5.0.202011040924/tools/bin/../lib/gcc/arm-none-eabi/9.3.1/thumb/v6-m/nofp\libgcc.a(_fixunsdfsi.o)
                0x00000000080005ac                __aeabi_d2uiz
                0x00000000080005ac                __fixunsdfsi
 .text          0x00000000080005e8       0x3c c:/st/stm32cubeide_1.2.0/stm32cubeide/plugins/com.st.stm32cube.ide.mcu.externaltools.gnu-tools-for-stm32.9-2020-q2-update.win32_1.5.0.202011040924/tools/bin/../lib/gcc/arm-none-eabi/9.3.1/thumb/v6-m/nofp\libgcc.a(_fixdfdi.o)
                0x00000000080005e8                __fixdfdi
                0x00000000080005e8                __aeabi_d2lz
 .text          0x0000000008000624       0x3c c:/st/stm32cubeide_1.2.0/stm32cubeide/plugins/com.st.stm32cube.ide.mcu.externaltools.gnu-tools-for-stm32.9-2020-q2-update.win32_1.5.0.202011040924/tools/bin/../lib/gcc/arm-none-eabi/9.3.1/thumb/v6-m/nofp\libgcc.a(_fixunsdfdi.o)
                0x0000000008000624                __fixunsdfdi
                0x0000000008000624                __aeabi_d2ulz
 .text          0x0000000008000660       0x2c c:/st/stm32cubeide_1.2.0/stm32cubeide/plugins/com.st.stm32cube.ide.mcu.externaltools.gnu-tools-for-stm32.9-2020-q2-update.win32_1.5.0.202011040924/tools/bin/../lib/gcc/arm-none-eabi/9.3.1/thumb/v6-m/nofp\libgcc.a(_floatdidf.o)
                0x0000000008000660                __aeabi_l2d
                0x0000000008000660                __floatdidf
 .text          0x000000000800068c      0x218 c:/st/stm32cubeide_1.2.0/stm32cubeide/plugins/com.st.stm32cube.ide.mcu.externaltools.gnu-tools-for-stm32.9-2020-q2-update.win32_1.5.0.202011040924/tools/bin/../lib/gcc/arm-none-eabi/9.3.1/thumb/v6-m/nofp\libgcc.a(divsf3.o)
                0x000000000800068c                __aeabi_fdiv
 .text          0x00000000080008a4       0x50 c:/st/stm32cubeide_1.2.0/stm32cubeide/plugins/com.st.stm32cube.ide.mcu.externaltools.gnu-tools-for-stm32.9-2020-q2-update.win32_1.5.0.202011040924/tools/bin/../lib/gcc/arm-none-eabi/9.3.1/thumb/v6-m/nofp\libgcc.a(eqsf2.o)
                0x00000000080008a4                __eqsf2
                0x00000000080008a4                __nesf2
 .text          0x00000000080008f4       0x98 c:/st/stm32cubeide_1.2.0/stm32cubeide/plugins/com.st.stm32cube.ide.mcu.externaltools.gnu-tools-for-stm32.9-2020-q2-update.win32_1.5.0.202011040924/tools/bin/../lib/gcc/arm-none-eabi/9.3.1/thumb/v6-m/nofp\libgcc.a(gesf2.o)
                0x00000000080008f4                __gesf2
                0x00000000080008f4                __gtsf2
 .text          0x000000000800098c       0x94 c:/st/stm32cubeide_1.2.0/stm32cubeide/plugins/com.st.stm32cube.ide.mcu.externaltools.gnu-tools-for-stm32.9-2020-q2-update.win32_1.5.0.202011040924/tools/bin/../lib/gcc/arm-none-eabi/9.3.1/thumb/v6-m/nofp\libgcc.a(lesf2.o)
                0x000000000800098c                __ltsf2
                0x000000000800098c                __lesf2
 .text          0x0000000008000a20      0x234 c:/st/stm32cubeide_1.2.0/stm32cubeide/plugins/com.st.stm32cube.ide.mcu.externaltools.gnu-tools-for-stm32.9-2020-q2-update.win32_1.5.0.202011040924/tools/bin/../lib/gcc/arm-none-eabi/9.3.1/thumb/v6-m/nofp\libgcc.a(mulsf3.o)
                0x0000000008000a20                __aeabi_fmul
 .text          0x0000000008000c54      0x390 c:/st/stm32cubeide_1.2.0/stm32cubeide/plugins/com.st.stm32cube.ide.mcu.externaltools.gnu-tools-for-stm32.9-2020-q2-update.win32_1.5.0.202011040924/tools/bin/../lib/gcc/arm-none-eabi/9.3.1/thumb/v6-m/nofp\libgcc.a(subsf3.o)
                0x0000000008000c54                __aeabi_fsub
 .text          0x0000000008000fe4       0x40 c:/st/stm32cubeide_1.2.0/stm32cubeide/plugins/com.st.stm32cube.ide.mcu.externaltools.gnu-tools-for-stm32.9-2020-q2-update.win32_1.5.0.202011040924/tools/bin/../lib/gcc/arm-none-eabi/9.3.1/thumb/v6-m/nofp\libgcc.a(fixsfsi.o)
                0x0000000008000fe4                __aeabi_f2iz
 .text          0x0000000008001024       0x78 c:/st/stm32cubeide_1.2.0/stm32cubeide/plugins/com.st.stm32cube.ide.mcu.externaltools.gnu-tools-for-stm32.9-2020-q2-update.win32_1.5.0.202011040924/tools/bin/../lib/gcc/arm-none-eabi/9.3.1/thumb/v6-m/nofp\libgcc.a(floatunsisf.o)
                0x0000000008001024                __aeabi_ui2f
 .text          0x000000000800109c      0x6d4 c:/st/stm32cubeide_1.2.0/stm32cubeide/plugins/com.st.stm32cube.ide.mcu.externaltools.gnu-tools-for-stm32.9-2020-q2-update.win32_1.5.0.202011040924/tools/bin/../lib/gcc/arm-none-eabi/9.3.1/thumb/v6-m/nofp\libgcc.a(adddf3.o)
                0x000000000800109c                __aeabi_dadd
 .text          0x0000000008001770      0x5d0 c:/st/stm32cubeide_1.2.0/stm32cubeide/plugins/com.st.stm32cube.ide.mcu.externaltools.gnu-tools-for-stm32.9-2020-q2-update.win32_1.5.0.202011040924/tools/bin/../lib/gcc/arm-none-eabi/9.3.1/thumb/v6-m/nofp\libgcc.a(divdf3.o)
                0x0000000008001770                __aeabi_ddiv
 .text          0x0000000008001d40       0x78 c:/st/stm32cubeide_1.2.0/stm32cubeide/plugins/com.st.stm32cube.ide.mcu.externaltools.gnu-tools-for-stm32.9-2020-q2-update.win32_1.5.0.202011040924/tools/bin/../lib/gcc/arm-none-eabi/9.3.1/thumb/v6-m/nofp\libgcc.a(eqdf2.o)
                0x0000000008001d40                __nedf2
                0x0000000008001d40                __eqdf2
 .text          0x0000000008001db8       0xe4 c:/st/stm32cubeide_1.2.0/stm32cubeide/plugins/com.st.stm32cube.ide.mcu.externaltools.gnu-tools-for-stm32.9-2020-q2-update.win32_1.5.0.202011040924/tools/bin/../lib/gcc/arm-none-eabi/9.3.1/thumb/v6-m/nofp\libgcc.a(gedf2.o)
                0x0000000008001db8                __gedf2
                0x0000000008001db8                __gtdf2
 .text          0x0000000008001e9c       0xe0 c:/st/stm32cubeide_1.2.0/stm32cubeide/plugins/com.st.stm32cube.ide.mcu.externaltools.gnu-tools-for-stm32.9-2020-q2-update.win32_1.5.0.202011040924/tools/bin/../lib/gcc/arm-none-eabi/9.3.1/thumb/v6-m/nofp\libgcc.a(ledf2.o)
                0x0000000008001e9c                __ledf2
                0x0000000008001e9c                __ltdf2
 .text          0x0000000008001f7c      0x4d8 c:/st/stm32cubeide_1.2.0/stm32cubeide/plugins/com.st.stm32cube.ide.mcu.externaltools.gnu-tools-for-stm32.9-2020-q2-update.win32_1.5.0.202011040924/tools/bin/../lib/gcc/arm-none-eabi/9.3.1/thumb/v6-m/nofp\libgcc.a(muldf3.o)
                0x0000000008001f7c                __aeabi_dmul
 .text          0x0000000008002454      0x724 c:/st/stm32cubeide_1.2.0/stm32cubeide/plugins/com.st.stm32cube.ide.mcu.externaltools.gnu-tools-for-stm32.9-2020-q2-update.win32_1.5.0.202011040924/tools/bin/../lib/gcc/arm-none-eabi/9.3.1/thumb/v6-m/nofp\libgcc.a(subdf3.o)
                0x0000000008002454                __aeabi_dsub
 .text          0x0000000008002b78       0x6c c:/st/stm32cubeide_1.2.0/stm32cubeide/plugins/com.st.stm32cube.ide.mcu.externaltools.gnu-tools-for-stm32.9-2020-q2-update.win32_1.5.0.202011040924/tools/bin/../lib/gcc/arm-none-eabi/9.3.1/thumb/v6-m/nofp\libgcc.a(fixdfsi.o)
                0x0000000008002b78                __aeabi_d2iz
 .text          0x0000000008002be4       0x60 c:/st/stm32cubeide_1.2.0/stm32cubeide/plugins/com.st.stm32cube.ide.mcu.externaltools.gnu-tools-for-stm32.9-2020-q2-update.win32_1.5.0.202011040924/tools/bin/../lib/gcc/arm-none-eabi/9.3.1/thumb/v6-m/nofp\libgcc.a(floatsidf.o)
                0x0000000008002be4                __aeabi_i2d
 .text          0x0000000008002c44       0x4c c:/st/stm32cubeide_1.2.0/stm32cubeide/plugins/com.st.stm32cube.ide.mcu.externaltools.gnu-tools-for-stm32.9-2020-q2-update.win32_1.5.0.202011040924/tools/bin/../lib/gcc/arm-none-eabi/9.3.1/thumb/v6-m/nofp\libgcc.a(floatunsidf.o)
                0x0000000008002c44                __aeabi_ui2d
 .text          0x0000000008002c90       0x90 c:/st/stm32cubeide_1.2.0/stm32cubeide/plugins/com.st.stm32cube.ide.mcu.externaltools.gnu-tools-for-stm32.9-2020-q2-update.win32_1.5.0.202011040924/tools/bin/../lib/gcc/arm-none-eabi/9.3.1/thumb/v6-m/nofp\libgcc.a(extendsfdf2.o)
                0x0000000008002c90                __aeabi_f2d
 .text          0x0000000008002d20      0x110 c:/st/stm32cubeide_1.2.0/stm32cubeide/plugins/com.st.stm32cube.ide.mcu.externaltools.gnu-tools-for-stm32.9-2020-q2-update.win32_1.5.0.202011040924/tools/bin/../lib/gcc/arm-none-eabi/9.3.1/thumb/v6-m/nofp\libgcc.a(truncdfsf2.o)
                0x0000000008002d20                __aeabi_d2f
 .text          0x0000000008002e30       0x3c c:/st/stm32cubeide_1.2.0/stm32cubeide/plugins/com.st.stm32cube.ide.mcu.externaltools.gnu-tools-for-stm32.9-2020-q2-update.win32_1.5.0.202011040924/tools/bin/../lib/gcc/arm-none-eabi/9.3.1/thumb/v6-m/nofp\libgcc.a(_clzsi2.o)
                0x0000000008002e30                __clzsi2
 *(.text*)
 .text.LoadROsnippets
                0x0000000008002e6c       0xfc BOS\BOS.o
                0x0000000008002e6c                LoadROsnippets
 .text.LoadROtopology
                0x0000000008002f68       0xa0 BOS\BOS.o
                0x0000000008002f68                LoadROtopology
 .text.SaveEEportsDir
                0x0000000008003008       0x50 BOS\BOS.o
                0x0000000008003008                SaveEEportsDir
 .text.ClearEEportsDir
                0x0000000008003058       0x58 BOS\BOS.o
                0x0000000008003058                ClearEEportsDir
 .text.LoadEEportsDir
                0x00000000080030b0       0x44 BOS\BOS.o
                0x00000000080030b0                LoadEEportsDir
 .text.SaveEEalias
                0x00000000080030f4       0x88 BOS\BOS.o
                0x00000000080030f4                SaveEEalias
 .text.LoadEEalias
                0x000000000800317c       0x88 BOS\BOS.o
                0x000000000800317c                LoadEEalias
 .text.LoadEEgroup
                0x0000000008003204       0xa0 BOS\BOS.o
                0x0000000008003204                LoadEEgroup
 .text.LoadEEstreams
                0x00000000080032a4      0x15c BOS\BOS.o
                0x00000000080032a4                LoadEEstreams
 .text.SaveEEstreams
                0x0000000008003400       0x94 BOS\BOS.o
                0x0000000008003400                SaveEEstreams
 .text.LoadEEparams
                0x0000000008003494      0x130 BOS\BOS.o
                0x0000000008003494                LoadEEparams
 .text.SaveEEparams
                0x00000000080035c4       0x70 BOS\BOS.o
                0x00000000080035c4                SaveEEparams
 .text.LoadEEbuttons
                0x0000000008003634      0x100 BOS\BOS.o
                0x0000000008003634                LoadEEbuttons
 .text.LoadEEvars
                0x0000000008003734       0x24 BOS\BOS.o
                0x0000000008003734                LoadEEvars
 .text.IsLowerCLIbaud
                0x0000000008003758       0x9c BOS\BOS.o
                0x0000000008003758                IsLowerCLIbaud
 .text.SetupPortForRemoteBootloaderUpdate
                0x00000000080037f4       0x2c BOS\BOS.o
                0x00000000080037f4                SetupPortForRemoteBootloaderUpdate
 .text.IsModuleParameter
                0x0000000008003820       0x18 BOS\BOS.o
                0x0000000008003820                IsModuleParameter
 .text.IsMathOperator
                0x0000000008003838       0x84 BOS\BOS.o
                0x0000000008003838                IsMathOperator
 .text.ExploreNeighbors
                0x00000000080038bc       0x50 BOS\BOS.o
                0x00000000080038bc                ExploreNeighbors
 .text.FindBroadcastRoutes
                0x000000000800390c      0x140 BOS\BOS.o
                0x000000000800390c                FindBroadcastRoutes
 .text.FindRoute
                0x0000000008003a4c      0x1d0 BOS\BOS.o
                0x0000000008003a4c                FindRoute
 .text.remoteBootloaderUpdate
                0x0000000008003c1c      0x10c BOS\BOS.o
                0x0000000008003c1c                remoteBootloaderUpdate
 .text.DisplayTopology
                0x0000000008003d28      0x19c BOS\BOS.o
                0x0000000008003d28                DisplayTopology
 .text.DisplayPortsDir
                0x0000000008003ec4       0xec BOS\BOS.o
                0x0000000008003ec4                DisplayPortsDir
 .text.DisplayModuleStatus
                0x0000000008003fb0      0x2e0 BOS\BOS.o
                0x0000000008003fb0                DisplayModuleStatus
 .text.GetID    0x0000000008004290       0xc4 BOS\BOS.o
                0x0000000008004290                GetID
 .text.NameModule
                0x0000000008004354       0xc8 BOS\BOS.o
                0x0000000008004354                NameModule
 .text.AddModuleToGroup
                0x000000000800441c      0x114 BOS\BOS.o
                0x000000000800441c                AddModuleToGroup
 .text.ReadPortsDir
                0x0000000008004530       0xb4 BOS\BOS.o
                0x0000000008004530                ReadPortsDir
 .text.UpdateMyPortsDir
                0x00000000080045e4       0x48 BOS\BOS.o
                0x00000000080045e4                UpdateMyPortsDir
 .text.BOS_Init
                0x000000000800462c      0x154 BOS\BOS.o
                0x000000000800462c                BOS_Init
 .text.GetDateString
                0x0000000008004780       0x40 BOS\BOS.o
                0x0000000008004780                GetDateString
 .text.Bridge   0x00000000080047c0       0x28 BOS\BOS.o
                0x00000000080047c0                Bridge
 .text.Unbridge
                0x00000000080047e8       0x70 BOS\BOS.o
                0x00000000080047e8                Unbridge
 .text.AddSnippet.part.0
                0x0000000008004858       0xac BOS\BOS_CLI.o
 .text.ParseSnippetCondition
                0x0000000008004904      0x3e8 BOS\BOS_CLI.o
                0x0000000008004904                ParseSnippetCondition
 .text.CLI_CommandParser
                0x0000000008004cec      0x450 BOS\BOS_CLI.o
                0x0000000008004cec                CLI_CommandParser
 .text.prvCLITask
                0x000000000800513c      0x1a8 BOS\BOS_CLI.o
                0x000000000800513c                prvCLITask
 .text.ParseSnippetCommand
                0x00000000080052e4       0x78 BOS\BOS_CLI.o
                0x00000000080052e4                ParseSnippetCommand
 .text.CheckSnippetCondition
                0x000000000800535c       0xd0 BOS\BOS_CLI.o
                0x000000000800535c                CheckSnippetCondition
 .text.ExecuteSnippet
                0x000000000800542c       0xa8 BOS\BOS_CLI.o
                0x000000000800542c                ExecuteSnippet
 .text.exploreCommand
                0x00000000080054d4        0x4 BOS\BOS_CLIcommands.o
 .text.setBaudrateCommand
                0x00000000080054d8       0x80 BOS\BOS_CLIcommands.o
 .text.testportCommand
                0x0000000008005558      0x1c0 BOS\BOS_CLIcommands.o
 .text.unbridgeCommand
                0x0000000008005718       0xb0 BOS\BOS_CLIcommands.o
 .text.bridgeCommand
                0x00000000080057c8       0xb0 BOS\BOS_CLIcommands.o
 .text.delSnipCommand
                0x0000000008005878       0xe4 BOS\BOS_CLIcommands.o
 .text.snipCommand
                0x000000000800595c      0x208 BOS\BOS_CLIcommands.o
 .text.getCommand
                0x0000000008005b64      0x234 BOS\BOS_CLIcommands.o
 .text.defaultCommand
                0x0000000008005d98       0xbc BOS\BOS_CLIcommands.o
 .text.setCommand
                0x0000000008005e54      0x7f4 BOS\BOS_CLIcommands.o
 .text.removebuttonCommand
                0x0000000008006648       0x5c BOS\BOS_CLIcommands.o
 .text.addbuttonCommand
                0x00000000080066a4       0xdc BOS\BOS_CLIcommands.o
 .text.scastCommand
                0x0000000008006780      0x19c BOS\BOS_CLIcommands.o
 .text.infoCommand
                0x000000000800691c       0xf0 BOS\BOS_CLIcommands.o
 .text.groupCommand
                0x0000000008006a0c      0x1c0 BOS\BOS_CLIcommands.o
 .text.bootloaderUpdateCommand
                0x0000000008006bcc      0x1a0 BOS\BOS_CLIcommands.o
 .text.pingCommand
                0x0000000008006d6c       0x64 BOS\BOS_CLIcommands.o
 .text.flashsizeCommand
                0x0000000008006dd0       0x20 BOS\BOS_CLIcommands.o
 .text.actSnipCommand
                0x0000000008006df0       0x74 BOS\BOS_CLIcommands.o
 .text.idcodeCommand
                0x0000000008006e64       0xa8 BOS\BOS_CLIcommands.o
 .text.uuidCommand
                0x0000000008006f0c       0x6c BOS\BOS_CLIcommands.o
 .text.timeCommand
                0x0000000008006f78       0x7c BOS\BOS_CLIcommands.o
 .text.dateCommand
                0x0000000008006ff4       0x24 BOS\BOS_CLIcommands.o
 .text.statusCommand
                0x0000000008007018       0x14 BOS\BOS_CLIcommands.o
 .text.nameCommand
                0x000000000800702c       0x94 BOS\BOS_CLIcommands.o
 .text.prvRunTimeStatsCommand
                0x00000000080070c0       0x24 BOS\BOS_CLIcommands.o
 .text.prvTaskStatsCommand
                0x00000000080070e4       0x24 BOS\BOS_CLIcommands.o
 .text.resetCommand
                0x0000000008007108       0x24 BOS\BOS_CLIcommands.o
 .text.pauseSnipCommand
                0x000000000800712c       0x70 BOS\BOS_CLIcommands.o
 .text.RegisterUserCLICommands
                0x000000000800719c        0x4 BOS\BOS_CLIcommands.o
                0x000000000800719c                RegisterUserCLICommands
 .text.vRegisterCLICommands
                0x00000000080071a0      0x138 BOS\BOS_CLIcommands.o
                0x00000000080071a0                vRegisterCLICommands
 .text.StopStreamDMA
                0x00000000080072d8       0x30 BOS\BOS_dma.o
                0x00000000080072d8                StopStreamDMA
 .text.SwitchMsgDMAToStream
                0x0000000008007308       0x2c BOS\BOS_dma.o
                0x0000000008007308                SwitchMsgDMAToStream
 .text.SwitchStreamDMAToMsg
                0x0000000008007334       0x80 BOS\BOS_dma.o
                0x0000000008007334                SwitchStreamDMAToMsg
 .text.StartDMAstream
                0x00000000080073b4       0x5c BOS\BOS_dma.o
                0x00000000080073b4                StartDMAstream
 .text.DMA_IRQHandler
                0x0000000008007410       0x8c BOS\BOS_dma.o
                0x0000000008007410                DMA_IRQHandler
 .text.ResetUartORE
                0x000000000800749c       0x2c BOS\BOS_dma.o
                0x000000000800749c                ResetUartORE
 .text.EE_VerifyPageFullWriteVariable
                0x00000000080074c8       0xbc BOS\BOS_eeprom.o
 .text.EE_ReadVariable
                0x0000000008007584       0x58 BOS\BOS_eeprom.o
                0x0000000008007584                EE_ReadVariable
 .text.EE_WriteVariable
                0x00000000080075dc      0x12c BOS\BOS_eeprom.o
                0x00000000080075dc                EE_WriteVariable
 .text.EE_Format
                0x0000000008007708       0xa0 BOS\BOS_eeprom.o
                0x0000000008007708                EE_Format
 .text.EE_Init  0x00000000080077a8      0x2c0 BOS\BOS_eeprom.o
                0x00000000080077a8                EE_Init
 .text.StartDefaultTask
                0x0000000008007a68       0x84 BOS\BOS_freertos.o
                0x0000000008007a68                StartDefaultTask
 .text.MX_FREERTOS_Init
                0x0000000008007aec      0x1c0 BOS\BOS_freertos.o
                0x0000000008007aec                MX_FREERTOS_Init
 .text.vMainConfigureTimerForRunTimeStats
                0x0000000008007cac       0x20 BOS\BOS_freertos.o
                0x0000000008007cac                vMainConfigureTimerForRunTimeStats
 .text.ulMainGetRunTimeCounterValue
                0x0000000008007ccc       0x4c BOS\BOS_freertos.o
                0x0000000008007ccc                ulMainGetRunTimeCounterValue
 .text.buttonPressedCallback
                0x0000000008007d18        0x4 BOS\BOS_inputs.o
                0x0000000008007d18                buttonPressedCallback
 .text.buttonReleasedCallback
                0x0000000008007d1c        0x4 BOS\BOS_inputs.o
                0x0000000008007d1c                buttonReleasedCallback
 .text.buttonClickedCallback
                0x0000000008007d20        0x4 BOS\BOS_inputs.o
                0x0000000008007d20                buttonClickedCallback
 .text.buttonDblClickedCallback
                0x0000000008007d24        0x4 BOS\BOS_inputs.o
                0x0000000008007d24                buttonDblClickedCallback
 .text.buttonPressedForXCallback
                0x0000000008007d28        0x4 BOS\BOS_inputs.o
                0x0000000008007d28                buttonPressedForXCallback
 .text.buttonReleasedForYCallback
                0x0000000008007d2c        0x4 BOS\BOS_inputs.o
                0x0000000008007d2c                buttonReleasedForYCallback
 .text.CheckAttachedButtons
                0x0000000008007d30      0x508 BOS\BOS_inputs.o
                0x0000000008007d30                CheckAttachedButtons
 .text.AddPortButton
                0x0000000008008238       0xf4 BOS\BOS_inputs.o
                0x0000000008008238                AddPortButton
 .text.RemovePortButton
                0x000000000800832c      0x118 BOS\BOS_inputs.o
                0x000000000800832c                RemovePortButton
 .text.SetButtonEvents
                0x0000000008008444      0x1cc BOS\BOS_inputs.o
                0x0000000008008444                SetButtonEvents
 .text.MX_ADC_Init
                0x0000000008008610       0x84 BOS\BOS_inputs.o
                0x0000000008008610                MX_ADC_Init
 .text.HAL_ADC_MspInit
                0x0000000008008694       0x60 BOS\BOS_inputs.o
                0x0000000008008694                HAL_ADC_MspInit
 .text.Select_ADC_Channel
                0x00000000080086f4       0xd8 BOS\BOS_inputs.o
                0x00000000080086f4                Select_ADC_Channel
 .text.readADCchannel
                0x00000000080087cc       0xcc BOS\BOS_inputs.o
                0x00000000080087cc                readADCchannel
 .text.StreamTimerCallback
                0x0000000008008898       0x18 BOS\BOS_messaging.o
                0x0000000008008898                StreamTimerCallback
 .text.SetupDMAStreams
                0x00000000080088b0      0x19c BOS\BOS_messaging.o
                0x00000000080088b0                SetupDMAStreams
 .text.NotifyMessagingTask
                0x0000000008008a4c       0x48 BOS\BOS_messaging.o
                0x0000000008008a4c                NotifyMessagingTask
 .text.SendMessageFromPort
                0x0000000008008a94       0x2c BOS\BOS_messaging.o
                0x0000000008008a94                SendMessageFromPort
 .text.SendMessageFromPort.part.0
                0x0000000008008ac0      0x344 BOS\BOS_messaging.o
 .text.BroadcastReceivedMessage
                0x0000000008008e04       0x3c BOS\BOS_messaging.o
                0x0000000008008e04                BroadcastReceivedMessage
 .text.BroadcastMessage
                0x0000000008008e40       0x4c BOS\BOS_messaging.o
                0x0000000008008e40                BroadcastMessage
 .text.ForwardReceivedMessage
                0x0000000008008e8c       0x40 BOS\BOS_messaging.o
                0x0000000008008e8c                ForwardReceivedMessage
 .text.SendMessageToModule
                0x0000000008008ecc       0x4c BOS\BOS_messaging.o
                0x0000000008008ecc                SendMessageToModule
 .text.StartScastDMAStream
                0x0000000008008f18      0x18c BOS\BOS_messaging.o
                0x0000000008008f18                StartScastDMAStream
 .text.BackEndTask
                0x00000000080090a4      0x3b4 BOS\BOS_msgparser.o
                0x00000000080090a4                BackEndTask
 .text.User_MessagingParser
                0x0000000008009458        0x4 BOS\BOS_msgparser.o
                0x0000000008009458                User_MessagingParser
 .text.PxMessagingTask
                0x000000000800945c     0x1384 BOS\BOS_msgparser.o
                0x000000000800945c                PxMessagingTask
 .text.pulseRGBCommand
                0x000000000800a7e0      0x16c H01R0\H01R0.o
                0x000000000800a7e0                pulseRGBCommand
 .text.pulseColorCommand
                0x000000000800a94c      0x1c4 H01R0\H01R0.o
                0x000000000800a94c                pulseColorCommand
 .text.sweepCommand
                0x000000000800ab10      0x170 H01R0\H01R0.o
                0x000000000800ab10                sweepCommand
 .text.dimCommand
                0x000000000800ac80      0x31c H01R0\H01R0.o
                0x000000000800ac80                dimCommand
 .text.SystemClock_Config
                0x000000000800af9c       0xb0 H01R0\H01R0.o
                0x000000000800af9c                SystemClock_Config
 .text.SaveToRO
                0x000000000800b04c      0x204 H01R0\H01R0.o
                0x000000000800b04c                SaveToRO
 .text.ClearROtopology
                0x000000000800b250       0x30 H01R0\H01R0.o
                0x000000000800b250                ClearROtopology
 .text.RegisterModuleCLICommands
                0x000000000800b280       0x68 H01R0\H01R0.o
                0x000000000800b280                RegisterModuleCLICommands
 .text.GetPort  0x000000000800b2e8       0x54 H01R0\H01R0.o
                0x000000000800b2e8                GetPort
 .text.TIM3_Init
                0x000000000800b33c       0xdc H01R0\H01R0.o
                0x000000000800b33c                TIM3_Init
 .text.Module_Init
                0x000000000800b418       0x84 H01R0\H01R0.o
                0x000000000800b418                Module_Init
 .text.startPWM
                0x000000000800b49c       0xc8 H01R0\H01R0.o
                0x000000000800b49c                startPWM
 .text.RGB_LED_on
                0x000000000800b564       0x40 H01R0\H01R0.o
                0x000000000800b564                RGB_LED_on
 .text.onCommand
                0x000000000800b5a4       0x58 H01R0\H01R0.o
                0x000000000800b5a4                onCommand
 .text.RGB_LED_off
                0x000000000800b5fc       0x30 H01R0\H01R0.o
                0x000000000800b5fc                RGB_LED_off
 .text.offCommand
                0x000000000800b62c       0x20 H01R0\H01R0.o
                0x000000000800b62c                offCommand
 .text.RGBsweepFine
                0x000000000800b64c      0x100 H01R0\H01R0.o
                0x000000000800b64c                RGBsweepFine
 .text.RGB_LED_toggle
                0x000000000800b74c       0x1c H01R0\H01R0.o
                0x000000000800b74c                RGB_LED_toggle
 .text.toggleCommand
                0x000000000800b768       0x70 H01R0\H01R0.o
                0x000000000800b768                toggleCommand
 .text.RGB_LED_setRGB
                0x000000000800b7d8       0x34 H01R0\H01R0.o
                0x000000000800b7d8                RGB_LED_setRGB
 .text.RGBCommand
                0x000000000800b80c       0xc4 H01R0\H01R0.o
                0x000000000800b80c                RGBCommand
 .text.RGB_LED_setColor.part.0
                0x000000000800b8d0       0x70 H01R0\H01R0.o
 .text.RGBpulse
                0x000000000800b940       0x8c H01R0\H01R0.o
                0x000000000800b940                RGBpulse
 .text.RGBsweepBasic
                0x000000000800b9cc       0x94 H01R0\H01R0.o
                0x000000000800b9cc                RGBsweepBasic
 .text.demoCommand
                0x000000000800ba60       0xa0 H01R0\H01R0.o
                0x000000000800ba60                demoCommand
 .text.RGB_LED_setColor
                0x000000000800bb00       0x30 H01R0\H01R0.o
                0x000000000800bb00                RGB_LED_setColor
 .text.RGBdim   0x000000000800bb30      0x254 H01R0\H01R0.o
                0x000000000800bb30                RGBdim
 .text.RGBledTask
                0x000000000800bd84       0x84 H01R0\H01R0.o
                0x000000000800bd84                RGBledTask
 .text.colorCommand
                0x000000000800be08      0x150 H01R0\H01R0.o
                0x000000000800be08                colorCommand
 .text.Module_MessagingTask
                0x000000000800bf58      0x248 H01R0\H01R0.o
                0x000000000800bf58                Module_MessagingTask
 .text.DMA_Init
                0x000000000800c1a0      0x188 H01R0\H01R0_dma.o
                0x000000000800c1a0                DMA_Init
 .text.DMA_MSG_RX_CH_Init
                0x000000000800c328       0x24 H01R0\H01R0_dma.o
                0x000000000800c328                DMA_MSG_RX_CH_Init
 .text.DMA_STREAM_CH_Init
                0x000000000800c34c       0x20 H01R0\H01R0_dma.o
                0x000000000800c34c                DMA_STREAM_CH_Init
 .text.SetupDMAInterrupts
                0x000000000800c36c       0xbc H01R0\H01R0_dma.o
                0x000000000800c36c                SetupDMAInterrupts
 .text.UnSetupDMAInterrupts
                0x000000000800c428       0xa4 H01R0\H01R0_dma.o
                0x000000000800c428                UnSetupDMAInterrupts
 .text.DMA_MSG_TX_UnSetup
                0x000000000800c4cc       0x14 H01R0\H01R0_dma.o
                0x000000000800c4cc                DMA_MSG_TX_UnSetup
 .text.RemapAndLinkDMAtoUARTRx
                0x000000000800c4e0      0x5f0 H01R0\H01R0_dma.o
                0x000000000800c4e0                RemapAndLinkDMAtoUARTRx
 .text.DMA_MSG_RX_Setup
                0x000000000800cad0       0x30 H01R0\H01R0_dma.o
                0x000000000800cad0                DMA_MSG_RX_Setup
 .text.SetupMessagingRxDMAs
                0x000000000800cb00       0x94 H01R0\H01R0_dma.o
                0x000000000800cb00                SetupMessagingRxDMAs
 .text.DMA_STREAM_Setup
                0x000000000800cb94       0x40 H01R0\H01R0_dma.o
                0x000000000800cb94                DMA_STREAM_Setup
 .text.RemapAndLinkDMAtoUARTTx
                0x000000000800cbd4      0x5f0 H01R0\H01R0_dma.o
                0x000000000800cbd4                RemapAndLinkDMAtoUARTTx
 .text.DMA_MSG_TX_Setup
                0x000000000800d1c4       0x38 H01R0\H01R0_dma.o
                0x000000000800d1c4                DMA_MSG_TX_Setup
 .text.CRC_Init
                0x000000000800d1fc       0x28 H01R0\H01R0_dma.o
                0x000000000800d1fc                CRC_Init
 .text.HAL_CRC_MspInit
                0x000000000800d224       0x1c H01R0\H01R0_dma.o
                0x000000000800d224                HAL_CRC_MspInit
 .text.CalculateCRC8
                0x000000000800d240       0x3c H01R0\H01R0_dma.o
                0x000000000800d240                CalculateCRC8
 .text.GPIO_Init
                0x000000000800d27c       0x88 H01R0\H01R0_gpio.o
                0x000000000800d27c                GPIO_Init
 .text.GetPortGPIOs
                0x000000000800d304       0xb8 H01R0\H01R0_gpio.o
                0x000000000800d304                GetPortGPIOs
 .text.IsFactoryReset
                0x000000000800d3bc       0xf0 H01R0\H01R0_gpio.o
                0x000000000800d3bc                IsFactoryReset
 .text.SysTick_Handler
                0x000000000800d4ac        0xc H01R0\H01R0_it.o
                0x000000000800d4ac                SysTick_Handler
 .text.HardFault_Handler
                0x000000000800d4b8        0x4 H01R0\H01R0_it.o
                0x000000000800d4b8                HardFault_Handler
 .text.USART1_IRQHandler
                0x000000000800d4bc       0x10 H01R0\H01R0_it.o
                0x000000000800d4bc                USART1_IRQHandler
 .text.USART2_IRQHandler
                0x000000000800d4cc       0x10 H01R0\H01R0_it.o
                0x000000000800d4cc                USART2_IRQHandler
 .text.USART3_8_IRQHandler
                0x000000000800d4dc       0x24 H01R0\H01R0_it.o
                0x000000000800d4dc                USART3_8_IRQHandler
 .text.DMA1_Ch1_IRQHandler
                0x000000000800d500        0xc H01R0\H01R0_it.o
                0x000000000800d500                DMA1_Ch1_IRQHandler
 .text.DMA1_Ch2_3_DMA2_Ch1_2_IRQHandler
                0x000000000800d50c       0x40 H01R0\H01R0_it.o
                0x000000000800d50c                DMA1_Ch2_3_DMA2_Ch1_2_IRQHandler
 .text.DMA1_Ch4_7_DMA2_Ch3_5_IRQHandler
                0x000000000800d54c       0x5c H01R0\H01R0_it.o
                0x000000000800d54c                DMA1_Ch4_7_DMA2_Ch3_5_IRQHandler
 .text.HAL_UART_TxCpltCallback
                0x000000000800d5a8       0x30 H01R0\H01R0_it.o
                0x000000000800d5a8                HAL_UART_TxCpltCallback
 .text.HAL_UART_ErrorCallback
                0x000000000800d5d8       0x48 H01R0\H01R0_it.o
                0x000000000800d5d8                HAL_UART_ErrorCallback
 .text.HAL_UART_RxCpltCallback
                0x000000000800d620       0x64 H01R0\H01R0_it.o
                0x000000000800d620                HAL_UART_RxCpltCallback
 .text.TIM3_IRQHandler
                0x000000000800d684       0x10 H01R0\H01R0_it.o
                0x000000000800d684                TIM3_IRQHandler
 .text.vApplicationStackOverflowHook
                0x000000000800d694        0x4 H01R0\H01R0_it.o
                0x000000000800d694                vApplicationStackOverflowHook
 .text.vApplicationMallocFailedHook
                0x000000000800d698        0x4 H01R0\H01R0_it.o
                0x000000000800d698                vApplicationMallocFailedHook
 .text.RTC_CalendarConfig
                0x000000000800d69c      0x100 H01R0\H01R0_rtc.o
                0x000000000800d69c                RTC_CalendarConfig
 .text.RTC_Init
                0x000000000800d79c       0x88 H01R0\H01R0_rtc.o
                0x000000000800d79c                RTC_Init
 .text.BOS_CalendarConfig
                0x000000000800d824       0xbc H01R0\H01R0_rtc.o
                0x000000000800d824                BOS_CalendarConfig
 .text.GetTimeDate
                0x000000000800d8e0       0x64 H01R0\H01R0_rtc.o
                0x000000000800d8e0                GetTimeDate
 .text.TIM_USEC_Init
                0x000000000800d944       0x64 H01R0\H01R0_timers.o
                0x000000000800d944                TIM_USEC_Init
 .text.TIM_MSEC_Init
                0x000000000800d9a8       0x60 H01R0\H01R0_timers.o
                0x000000000800d9a8                TIM_MSEC_Init
 .text.StartMicroDelay
                0x000000000800da08       0x24 H01R0\H01R0_timers.o
                0x000000000800da08                StartMicroDelay
 .text.StartMilliDelay
                0x000000000800da2c       0x24 H01R0\H01R0_timers.o
                0x000000000800da2c                StartMilliDelay
 .text.MX_USART1_UART_Init
                0x000000000800da50       0x30 H01R0\H01R0_uart.o
                0x000000000800da50                MX_USART1_UART_Init
 .text.MX_USART2_UART_Init
                0x000000000800da80       0x30 H01R0\H01R0_uart.o
                0x000000000800da80                MX_USART2_UART_Init
 .text.MX_USART3_UART_Init
                0x000000000800dab0       0x30 H01R0\H01R0_uart.o
                0x000000000800dab0                MX_USART3_UART_Init
 .text.MX_USART4_UART_Init
                0x000000000800dae0       0x30 H01R0\H01R0_uart.o
                0x000000000800dae0                MX_USART4_UART_Init
 .text.MX_USART5_UART_Init
                0x000000000800db10       0x30 H01R0\H01R0_uart.o
                0x000000000800db10                MX_USART5_UART_Init
 .text.HAL_UART_MspInit
                0x000000000800db40      0x1cc H01R0\H01R0_uart.o
                0x000000000800db40                HAL_UART_MspInit
 .text.writePxMutex
                0x000000000800dd0c       0x6c H01R0\H01R0_uart.o
                0x000000000800dd0c                writePxMutex
 .text.writePxITMutex
                0x000000000800dd78       0x40 H01R0\H01R0_uart.o
                0x000000000800dd78                writePxITMutex
 .text.writePxDMAMutex
                0x000000000800ddb8       0x48 H01R0\H01R0_uart.o
                0x000000000800ddb8                writePxDMAMutex
 .text.UpdateBaudrate
                0x000000000800de00       0x24 H01R0\H01R0_uart.o
                0x000000000800de00                UpdateBaudrate
 .text.GetUart  0x000000000800de24       0x18 H01R0\H01R0_uart.o
                0x000000000800de24                GetUart
 .text.SwapUartPins
                0x000000000800de3c       0x74 H01R0\H01R0_uart.o
                0x000000000800de3c                SwapUartPins
 .text.Reset_Handler
                0x000000000800deb0       0x8c H01R0\startup_stm32f091xc.o
                0x000000000800deb0                Reset_Handler
 .text.Default_Handler
                0x000000000800df3c        0x2 H01R0\startup_stm32f091xc.o
                0x000000000800df3c                TIM1_CC_IRQHandler
                0x000000000800df3c                TSC_IRQHandler
                0x000000000800df3c                ADC1_COMP_IRQHandler
                0x000000000800df3c                NMI_Handler
                0x000000000800df3c                I2C1_IRQHandler
                0x000000000800df3c                RCC_CRS_IRQHandler
                0x000000000800df3c                SPI1_IRQHandler
                0x000000000800df3c                TIM6_DAC_IRQHandler
                0x000000000800df3c                EXTI2_3_IRQHandler
                0x000000000800df3c                I2C2_IRQHandler
                0x000000000800df3c                TIM17_IRQHandler
                0x000000000800df3c                CEC_CAN_IRQHandler
                0x000000000800df3c                RTC_IRQHandler
                0x000000000800df3c                PVD_VDDIO2_IRQHandler
                0x000000000800df3c                TIM16_IRQHandler
                0x000000000800df3c                EXTI4_15_IRQHandler
                0x000000000800df3c                Default_Handler
                0x000000000800df3c                TIM14_IRQHandler
                0x000000000800df3c                TIM7_IRQHandler
                0x000000000800df3c                TIM15_IRQHandler
                0x000000000800df3c                EXTI0_1_IRQHandler
                0x000000000800df3c                SPI2_IRQHandler
                0x000000000800df3c                WWDG_IRQHandler
                0x000000000800df3c                TIM2_IRQHandler
                0x000000000800df3c                FLASH_IRQHandler
                0x000000000800df3c                TIM1_BRK_UP_TRG_COM_IRQHandler
 *fill*         0x000000000800df3e        0x2 
 .text.SystemInit
                0x000000000800df40       0x60 Thirdparty\CMSIS\Device\ST\STM32F0xx\Source\Templates\system_stm32f0xx.o
                0x000000000800df40                SystemInit
 .text.osKernelStart
                0x000000000800dfa0        0xc Thirdparty\Middleware\FreeRTOS\Source\CMSIS_RTOS\cmsis_os.o
                0x000000000800dfa0                osKernelStart
 .text.osDelay  0x000000000800dfac       0x10 Thirdparty\Middleware\FreeRTOS\Source\CMSIS_RTOS\cmsis_os.o
                0x000000000800dfac                osDelay
 .text.osMutexRelease
                0x000000000800dfbc       0x48 Thirdparty\Middleware\FreeRTOS\Source\CMSIS_RTOS\cmsis_os.o
                0x000000000800dfbc                osMutexRelease
 .text.osSemaphoreCreate
                0x000000000800e004       0x2c Thirdparty\Middleware\FreeRTOS\Source\CMSIS_RTOS\cmsis_os.o
                0x000000000800e004                osSemaphoreCreate
 .text.osSemaphoreWait
                0x000000000800e030       0x50 Thirdparty\Middleware\FreeRTOS\Source\CMSIS_RTOS\cmsis_os.o
                0x000000000800e030                osSemaphoreWait
 .text.osSemaphoreRelease
                0x000000000800e080        0x8 Thirdparty\Middleware\FreeRTOS\Source\CMSIS_RTOS\cmsis_os.o
                0x000000000800e080                osSemaphoreRelease
 .text.osSystickHandler
                0x000000000800e088       0x10 Thirdparty\Middleware\FreeRTOS\Source\CMSIS_RTOS\cmsis_os.o
                0x000000000800e088                osSystickHandler
 .text.FreeRTOS_CLIRegisterCommand
                0x000000000800e098       0x38 Thirdparty\Middleware\FreeRTOS\Source\FreeRTOS_CLI.o
                0x000000000800e098                FreeRTOS_CLIRegisterCommand
 .text.FreeRTOS_CLIProcessCommand
                0x000000000800e0d0      0x104 Thirdparty\Middleware\FreeRTOS\Source\FreeRTOS_CLI.o
                0x000000000800e0d0                FreeRTOS_CLIProcessCommand
 .text.FreeRTOS_CLIGetOutputBuffer
                0x000000000800e1d4        0x8 Thirdparty\Middleware\FreeRTOS\Source\FreeRTOS_CLI.o
                0x000000000800e1d4                FreeRTOS_CLIGetOutputBuffer
 .text.FreeRTOS_CLIGetParameter
                0x000000000800e1dc       0x54 Thirdparty\Middleware\FreeRTOS\Source\FreeRTOS_CLI.o
                0x000000000800e1dc                FreeRTOS_CLIGetParameter
 .text.prvHelpCommand
                0x000000000800e230      0x11c Thirdparty\Middleware\FreeRTOS\Source\FreeRTOS_CLI.o
 .text.vListInitialise
                0x000000000800e34c       0x18 Thirdparty\Middleware\FreeRTOS\Source\list.o
                0x000000000800e34c                vListInitialise
 .text.vListInitialiseItem
                0x000000000800e364        0x8 Thirdparty\Middleware\FreeRTOS\Source\list.o
                0x000000000800e364                vListInitialiseItem
 .text.vListInsertEnd
                0x000000000800e36c       0x18 Thirdparty\Middleware\FreeRTOS\Source\list.o
                0x000000000800e36c                vListInsertEnd
 .text.vListInsert
                0x000000000800e384       0x30 Thirdparty\Middleware\FreeRTOS\Source\list.o
                0x000000000800e384                vListInsert
 .text.uxListRemove
                0x000000000800e3b4       0x20 Thirdparty\Middleware\FreeRTOS\Source\list.o
                0x000000000800e3b4                uxListRemove
 .text.prvTaskExitError
                0x000000000800e3d4       0x14 Thirdparty\Middleware\FreeRTOS\Source\portable\GCC\ARM_CM0\port.o
 .text.vPortStartFirstTask
                0x000000000800e3e8       0x20 Thirdparty\Middleware\FreeRTOS\Source\portable\GCC\ARM_CM0\port.o
 .text.pxPortInitialiseStack
                0x000000000800e408       0x20 Thirdparty\Middleware\FreeRTOS\Source\portable\GCC\ARM_CM0\port.o
                0x000000000800e408                pxPortInitialiseStack
 .text.SVC_Handler
                0x000000000800e428        0x4 Thirdparty\Middleware\FreeRTOS\Source\portable\GCC\ARM_CM0\port.o
                0x000000000800e428                SVC_Handler
 .text.xPortStartScheduler
                0x000000000800e42c       0x54 Thirdparty\Middleware\FreeRTOS\Source\portable\GCC\ARM_CM0\port.o
                0x000000000800e42c                xPortStartScheduler
 .text.vPortYield
                0x000000000800e480       0x18 Thirdparty\Middleware\FreeRTOS\Source\portable\GCC\ARM_CM0\port.o
                0x000000000800e480                vPortYield
 .text.vPortEnterCritical
                0x000000000800e498       0x18 Thirdparty\Middleware\FreeRTOS\Source\portable\GCC\ARM_CM0\port.o
                0x000000000800e498                vPortEnterCritical
 .text.vPortExitCritical
                0x000000000800e4b0       0x1c Thirdparty\Middleware\FreeRTOS\Source\portable\GCC\ARM_CM0\port.o
                0x000000000800e4b0                vPortExitCritical
 .text.ulSetInterruptMaskFromISR
                0x000000000800e4cc        0xc Thirdparty\Middleware\FreeRTOS\Source\portable\GCC\ARM_CM0\port.o
                0x000000000800e4cc                ulSetInterruptMaskFromISR
 .text.vClearInterruptMaskFromISR
                0x000000000800e4d8        0x8 Thirdparty\Middleware\FreeRTOS\Source\portable\GCC\ARM_CM0\port.o
                0x000000000800e4d8                vClearInterruptMaskFromISR
 .text.PendSV_Handler
                0x000000000800e4e0       0x44 Thirdparty\Middleware\FreeRTOS\Source\portable\GCC\ARM_CM0\port.o
                0x000000000800e4e0                PendSV_Handler
 .text.xPortSysTickHandler
                0x000000000800e524       0x24 Thirdparty\Middleware\FreeRTOS\Source\portable\GCC\ARM_CM0\port.o
                0x000000000800e524                xPortSysTickHandler
 .text.prvInsertBlockIntoFreeList
                0x000000000800e548       0x50 Thirdparty\Middleware\FreeRTOS\Source\portable\MemMang\heap_4.o
 .text.pvPortMalloc
                0x000000000800e598      0x114 Thirdparty\Middleware\FreeRTOS\Source\portable\MemMang\heap_4.o
                0x000000000800e598                pvPortMalloc
 .text.vPortFree
                0x000000000800e6ac       0x48 Thirdparty\Middleware\FreeRTOS\Source\portable\MemMang\heap_4.o
                0x000000000800e6ac                vPortFree
 .text.prvCopyDataToQueue
                0x000000000800e6f4       0x78 Thirdparty\Middleware\FreeRTOS\Source\queue.o
 .text.prvCopyDataFromQueue
                0x000000000800e76c       0x24 Thirdparty\Middleware\FreeRTOS\Source\queue.o
 .text.prvUnlockQueue
                0x000000000800e790       0x94 Thirdparty\Middleware\FreeRTOS\Source\queue.o
 .text.xQueueGenericReset.part.0
                0x000000000800e824       0x60 Thirdparty\Middleware\FreeRTOS\Source\queue.o
 .text.xQueueGenericCreate.part.0
                0x000000000800e884       0x44 Thirdparty\Middleware\FreeRTOS\Source\queue.o
 .text.xQueueGenericCreate
                0x000000000800e8c8       0x10 Thirdparty\Middleware\FreeRTOS\Source\queue.o
                0x000000000800e8c8                xQueueGenericCreate
 .text.xQueueCreateCountingSemaphore
                0x000000000800e8d8       0x28 Thirdparty\Middleware\FreeRTOS\Source\queue.o
                0x000000000800e8d8                xQueueCreateCountingSemaphore
 .text.xQueueGenericSend
                0x000000000800e900      0x124 Thirdparty\Middleware\FreeRTOS\Source\queue.o
                0x000000000800e900                xQueueGenericSend
 .text.xQueueGenericSendFromISR
                0x000000000800ea24       0x90 Thirdparty\Middleware\FreeRTOS\Source\queue.o
                0x000000000800ea24                xQueueGenericSendFromISR
 .text.xQueueGiveFromISR
                0x000000000800eab4       0x74 Thirdparty\Middleware\FreeRTOS\Source\queue.o
                0x000000000800eab4                xQueueGiveFromISR
 .text.xQueueGenericReceive
                0x000000000800eb28      0x164 Thirdparty\Middleware\FreeRTOS\Source\queue.o
                0x000000000800eb28                xQueueGenericReceive
 .text.xQueueReceiveFromISR
                0x000000000800ec8c       0x7c Thirdparty\Middleware\FreeRTOS\Source\queue.o
                0x000000000800ec8c                xQueueReceiveFromISR
 .text.vQueueAddToRegistry
                0x000000000800ed08       0x28 Thirdparty\Middleware\FreeRTOS\Source\queue.o
                0x000000000800ed08                vQueueAddToRegistry
 .text.vQueueWaitForMessageRestricted
                0x000000000800ed30       0x3c Thirdparty\Middleware\FreeRTOS\Source\queue.o
                0x000000000800ed30                vQueueWaitForMessageRestricted
 .text.prvWriteNameToBuffer
                0x000000000800ed6c       0x2c Thirdparty\Middleware\FreeRTOS\Source\tasks.o
 .text.prvListTaskWithinSingleList.part.0
                0x000000000800ed98       0xa8 Thirdparty\Middleware\FreeRTOS\Source\tasks.o
 .text.prvResetNextTaskUnblockTime.part.0
                0x000000000800ee40       0x18 Thirdparty\Middleware\FreeRTOS\Source\tasks.o
 .text.prvAddCurrentTaskToDelayedList
                0x000000000800ee58       0x4c Thirdparty\Middleware\FreeRTOS\Source\tasks.o
 .text.xTaskGenericCreate.part.0
                0x000000000800eea4      0x1f4 Thirdparty\Middleware\FreeRTOS\Source\tasks.o
 .text.vTaskSwitchContext.part.0
                0x000000000800f098       0xc8 Thirdparty\Middleware\FreeRTOS\Source\tasks.o
 .text.xTaskGenericCreate
                0x000000000800f160       0x28 Thirdparty\Middleware\FreeRTOS\Source\tasks.o
                0x000000000800f160                xTaskGenericCreate
 .text.uxTaskPriorityGet
                0x000000000800f188       0x20 Thirdparty\Middleware\FreeRTOS\Source\tasks.o
                0x000000000800f188                uxTaskPriorityGet
 .text.vTaskPrioritySet
                0x000000000800f1a8       0xac Thirdparty\Middleware\FreeRTOS\Source\tasks.o
                0x000000000800f1a8                vTaskPrioritySet
 .text.vTaskStartScheduler
                0x000000000800f254       0x54 Thirdparty\Middleware\FreeRTOS\Source\tasks.o
                0x000000000800f254                vTaskStartScheduler
 .text.vTaskSuspendAll
                0x000000000800f2a8       0x10 Thirdparty\Middleware\FreeRTOS\Source\tasks.o
                0x000000000800f2a8                vTaskSuspendAll
 .text.xTaskGetTickCount
                0x000000000800f2b8        0xc Thirdparty\Middleware\FreeRTOS\Source\tasks.o
                0x000000000800f2b8                xTaskGetTickCount
 .text.xTaskGetTickCountFromISR
                0x000000000800f2c4        0xc Thirdparty\Middleware\FreeRTOS\Source\tasks.o
                0x000000000800f2c4                xTaskGetTickCountFromISR
 .text.xTaskIncrementTick
                0x000000000800f2d0      0x15c Thirdparty\Middleware\FreeRTOS\Source\tasks.o
                0x000000000800f2d0                xTaskIncrementTick
 .text.xTaskResumeAll.part.0
                0x000000000800f42c       0xe4 Thirdparty\Middleware\FreeRTOS\Source\tasks.o
 .text.xTaskResumeAll
                0x000000000800f510       0x18 Thirdparty\Middleware\FreeRTOS\Source\tasks.o
                0x000000000800f510                xTaskResumeAll
 .text.vTaskDelay
                0x000000000800f528       0x54 Thirdparty\Middleware\FreeRTOS\Source\tasks.o
                0x000000000800f528                vTaskDelay
 .text.prvIdleTask
                0x000000000800f57c       0x88 Thirdparty\Middleware\FreeRTOS\Source\tasks.o
 .text.uxTaskGetSystemState
                0x000000000800f604       0xe0 Thirdparty\Middleware\FreeRTOS\Source\tasks.o
                0x000000000800f604                uxTaskGetSystemState
 .text.vTaskSwitchContext
                0x000000000800f6e4       0x20 Thirdparty\Middleware\FreeRTOS\Source\tasks.o
                0x000000000800f6e4                vTaskSwitchContext
 .text.vTaskPlaceOnEventList
                0x000000000800f704       0x48 Thirdparty\Middleware\FreeRTOS\Source\tasks.o
                0x000000000800f704                vTaskPlaceOnEventList
 .text.vTaskPlaceOnEventListRestricted
                0x000000000800f74c       0x34 Thirdparty\Middleware\FreeRTOS\Source\tasks.o
                0x000000000800f74c                vTaskPlaceOnEventListRestricted
 .text.xTaskRemoveFromEventList
                0x000000000800f780       0x80 Thirdparty\Middleware\FreeRTOS\Source\tasks.o
                0x000000000800f780                xTaskRemoveFromEventList
 .text.vTaskSetTimeOutState
                0x000000000800f800       0x20 Thirdparty\Middleware\FreeRTOS\Source\tasks.o
                0x000000000800f800                vTaskSetTimeOutState
 .text.xTaskCheckForTimeOut
                0x000000000800f820       0x6c Thirdparty\Middleware\FreeRTOS\Source\tasks.o
                0x000000000800f820                xTaskCheckForTimeOut
 .text.vTaskMissedYield
                0x000000000800f88c        0xc Thirdparty\Middleware\FreeRTOS\Source\tasks.o
                0x000000000800f88c                vTaskMissedYield
 .text.xTaskGetSchedulerState
                0x000000000800f898       0x20 Thirdparty\Middleware\FreeRTOS\Source\tasks.o
                0x000000000800f898                xTaskGetSchedulerState
 .text.vTaskPriorityInherit
                0x000000000800f8b8       0x70 Thirdparty\Middleware\FreeRTOS\Source\tasks.o
                0x000000000800f8b8                vTaskPriorityInherit
 .text.xTaskPriorityDisinherit
                0x000000000800f928       0x6c Thirdparty\Middleware\FreeRTOS\Source\tasks.o
                0x000000000800f928                xTaskPriorityDisinherit
 .text.vTaskList
                0x000000000800f994       0xb4 Thirdparty\Middleware\FreeRTOS\Source\tasks.o
                0x000000000800f994                vTaskList
 .text.vTaskGetRunTimeStats
                0x000000000800fa48       0xd8 Thirdparty\Middleware\FreeRTOS\Source\tasks.o
                0x000000000800fa48                vTaskGetRunTimeStats
 .text.pvTaskIncrementMutexHeldCount
                0x000000000800fb20       0x18 Thirdparty\Middleware\FreeRTOS\Source\tasks.o
                0x000000000800fb20                pvTaskIncrementMutexHeldCount
 .text.ulTaskNotifyTake
                0x000000000800fb38       0x88 Thirdparty\Middleware\FreeRTOS\Source\tasks.o
                0x000000000800fb38                ulTaskNotifyTake
 .text.xTaskGenericNotify
                0x000000000800fbc0       0xb4 Thirdparty\Middleware\FreeRTOS\Source\tasks.o
                0x000000000800fbc0                xTaskGenericNotify
 .text.prvCheckForValidListAndQueue
                0x000000000800fc74       0x60 Thirdparty\Middleware\FreeRTOS\Source\timers.o
 .text.prvInsertTimerInActiveList
                0x000000000800fcd4       0x48 Thirdparty\Middleware\FreeRTOS\Source\timers.o
 .text.xTimerCreateTimerTask
                0x000000000800fd1c       0x40 Thirdparty\Middleware\FreeRTOS\Source\timers.o
                0x000000000800fd1c                xTimerCreateTimerTask
 .text.xTimerCreate
                0x000000000800fd5c       0x40 Thirdparty\Middleware\FreeRTOS\Source\timers.o
                0x000000000800fd5c                xTimerCreate
 .text.xTimerGenericCommand
                0x000000000800fd9c       0x54 Thirdparty\Middleware\FreeRTOS\Source\timers.o
                0x000000000800fd9c                xTimerGenericCommand
 .text.prvSwitchTimerLists
                0x000000000800fdf0       0x78 Thirdparty\Middleware\FreeRTOS\Source\timers.o
 .text.prvTimerTask
                0x000000000800fe68      0x1b0 Thirdparty\Middleware\FreeRTOS\Source\timers.o
 .text.pvTimerGetTimerID
                0x0000000008010018       0x18 Thirdparty\Middleware\FreeRTOS\Source\timers.o
                0x0000000008010018                pvTimerGetTimerID
 .text.HAL_InitTick
                0x0000000008010030       0x24 Thirdparty\STM32F0xx_HAL_Driver\Src\stm32f0xx_hal.o
                0x0000000008010030                HAL_InitTick
 .text.HAL_Init
                0x0000000008010054       0x20 Thirdparty\STM32F0xx_HAL_Driver\Src\stm32f0xx_hal.o
                0x0000000008010054                HAL_Init
 .text.HAL_IncTick
                0x0000000008010074       0x10 Thirdparty\STM32F0xx_HAL_Driver\Src\stm32f0xx_hal.o
                0x0000000008010074                HAL_IncTick
 .text.HAL_GetTick
                0x0000000008010084        0xc Thirdparty\STM32F0xx_HAL_Driver\Src\stm32f0xx_hal.o
                0x0000000008010084                HAL_GetTick
 .text.HAL_Delay
                0x0000000008010090       0x1c Thirdparty\STM32F0xx_HAL_Driver\Src\stm32f0xx_hal.o
                0x0000000008010090                HAL_Delay
 .text.HAL_GetREVID
                0x00000000080100ac        0xc Thirdparty\STM32F0xx_HAL_Driver\Src\stm32f0xx_hal.o
                0x00000000080100ac                HAL_GetREVID
 .text.HAL_GetDEVID
                0x00000000080100b8       0x10 Thirdparty\STM32F0xx_HAL_Driver\Src\stm32f0xx_hal.o
                0x00000000080100b8                HAL_GetDEVID
 .text.ADC_Disable
                0x00000000080100c8       0x7c Thirdparty\STM32F0xx_HAL_Driver\Src\stm32f0xx_hal_adc.o
 .text.ADC_Enable
                0x0000000008010144       0xa8 Thirdparty\STM32F0xx_HAL_Driver\Src\stm32f0xx_hal_adc.o
 .text.ADC_ConversionStop
                0x00000000080101ec       0x58 Thirdparty\STM32F0xx_HAL_Driver\Src\stm32f0xx_hal_adc.o
 .text.HAL_ADC_Init
                0x0000000008010244      0x140 Thirdparty\STM32F0xx_HAL_Driver\Src\stm32f0xx_hal_adc.o
                0x0000000008010244                HAL_ADC_Init
 .text.HAL_ADC_Start
                0x0000000008010384       0x58 Thirdparty\STM32F0xx_HAL_Driver\Src\stm32f0xx_hal_adc.o
                0x0000000008010384                HAL_ADC_Start
 .text.HAL_ADC_Stop
                0x00000000080103dc       0x40 Thirdparty\STM32F0xx_HAL_Driver\Src\stm32f0xx_hal_adc.o
                0x00000000080103dc                HAL_ADC_Stop
 .text.HAL_ADC_PollForConversion
                0x000000000801041c       0xbc Thirdparty\STM32F0xx_HAL_Driver\Src\stm32f0xx_hal_adc.o
                0x000000000801041c                HAL_ADC_PollForConversion
 .text.HAL_ADC_GetValue
                0x00000000080104d8        0xc Thirdparty\STM32F0xx_HAL_Driver\Src\stm32f0xx_hal_adc.o
                0x00000000080104d8                HAL_ADC_GetValue
 .text.HAL_ADC_ConfigChannel
                0x00000000080104e4      0x124 Thirdparty\STM32F0xx_HAL_Driver\Src\stm32f0xx_hal_adc.o
                0x00000000080104e4                HAL_ADC_ConfigChannel
 .text.HAL_NVIC_SetPriority
                0x0000000008010608       0x64 Thirdparty\STM32F0xx_HAL_Driver\Src\stm32f0xx_hal_cortex.o
                0x0000000008010608                HAL_NVIC_SetPriority
 .text.HAL_NVIC_EnableIRQ
                0x000000000801066c       0x14 Thirdparty\STM32F0xx_HAL_Driver\Src\stm32f0xx_hal_cortex.o
                0x000000000801066c                HAL_NVIC_EnableIRQ
 .text.HAL_NVIC_DisableIRQ
                0x0000000008010680       0x14 Thirdparty\STM32F0xx_HAL_Driver\Src\stm32f0xx_hal_cortex.o
                0x0000000008010680                HAL_NVIC_DisableIRQ
 .text.HAL_SYSTICK_Config
                0x0000000008010694       0x34 Thirdparty\STM32F0xx_HAL_Driver\Src\stm32f0xx_hal_cortex.o
                0x0000000008010694                HAL_SYSTICK_Config
 .text.HAL_SYSTICK_CLKSourceConfig
                0x00000000080106c8       0x1c Thirdparty\STM32F0xx_HAL_Driver\Src\stm32f0xx_hal_cortex.o
                0x00000000080106c8                HAL_SYSTICK_CLKSourceConfig
 .text.CRC_Handle_8
                0x00000000080106e4       0x64 Thirdparty\STM32F0xx_HAL_Driver\Src\stm32f0xx_hal_crc.o
 .text.CRC_Handle_16
                0x0000000008010748       0x2c Thirdparty\STM32F0xx_HAL_Driver\Src\stm32f0xx_hal_crc.o
 .text.HAL_CRC_Init
                0x0000000008010774       0x5c Thirdparty\STM32F0xx_HAL_Driver\Src\stm32f0xx_hal_crc.o
                0x0000000008010774                HAL_CRC_Init
 .text.HAL_CRC_Accumulate
                0x00000000080107d0       0x54 Thirdparty\STM32F0xx_HAL_Driver\Src\stm32f0xx_hal_crc.o
                0x00000000080107d0                HAL_CRC_Accumulate
 .text.HAL_CRC_Calculate
                0x0000000008010824       0x5c Thirdparty\STM32F0xx_HAL_Driver\Src\stm32f0xx_hal_crc.o
                0x0000000008010824                HAL_CRC_Calculate
 .text.HAL_CRCEx_Polynomial_Set
                0x0000000008010880       0x60 Thirdparty\STM32F0xx_HAL_Driver\Src\stm32f0xx_hal_crc_ex.o
                0x0000000008010880                HAL_CRCEx_Polynomial_Set
 .text.HAL_CRCEx_Init
                0x00000000080108e0       0x30 Thirdparty\STM32F0xx_HAL_Driver\Src\stm32f0xx_hal_crc_ex.o
                0x00000000080108e0                HAL_CRCEx_Init
 .text.HAL_DMA_Init
                0x0000000008010910       0x58 Thirdparty\STM32F0xx_HAL_Driver\Src\stm32f0xx_hal_dma.o
                0x0000000008010910                HAL_DMA_Init
 .text.HAL_DMA_Start_IT
                0x0000000008010968       0x58 Thirdparty\STM32F0xx_HAL_Driver\Src\stm32f0xx_hal_dma.o
                0x0000000008010968                HAL_DMA_Start_IT
 .text.HAL_DMA_Abort
                0x00000000080109c0       0x54 Thirdparty\STM32F0xx_HAL_Driver\Src\stm32f0xx_hal_dma.o
                0x00000000080109c0                HAL_DMA_Abort
 .text.HAL_DMA_IRQHandler
                0x0000000008010a14      0x908 Thirdparty\STM32F0xx_HAL_Driver\Src\stm32f0xx_hal_dma.o
                0x0000000008010a14                HAL_DMA_IRQHandler
 .text.HAL_FLASH_Unlock
                0x000000000801131c       0x24 Thirdparty\STM32F0xx_HAL_Driver\Src\stm32f0xx_hal_flash.o
                0x000000000801131c                HAL_FLASH_Unlock
 .text.HAL_FLASH_Lock
                0x0000000008011340       0x14 Thirdparty\STM32F0xx_HAL_Driver\Src\stm32f0xx_hal_flash.o
                0x0000000008011340                HAL_FLASH_Lock
 .text.FLASH_WaitForLastOperation
                0x0000000008011354       0x80 Thirdparty\STM32F0xx_HAL_Driver\Src\stm32f0xx_hal_flash.o
                0x0000000008011354                FLASH_WaitForLastOperation
 .text.HAL_FLASH_Program
                0x00000000080113d4       0xc8 Thirdparty\STM32F0xx_HAL_Driver\Src\stm32f0xx_hal_flash.o
                0x00000000080113d4                HAL_FLASH_Program
 .text.HAL_FLASHEx_Erase
                0x000000000801149c       0xd8 Thirdparty\STM32F0xx_HAL_Driver\Src\stm32f0xx_hal_flash_ex.o
                0x000000000801149c                HAL_FLASHEx_Erase
 .text.FLASH_PageErase
                0x0000000008011574       0x24 Thirdparty\STM32F0xx_HAL_Driver\Src\stm32f0xx_hal_flash_ex.o
                0x0000000008011574                FLASH_PageErase
 .text.HAL_GPIO_Init
                0x0000000008011598      0x22c Thirdparty\STM32F0xx_HAL_Driver\Src\stm32f0xx_hal_gpio.o
                0x0000000008011598                HAL_GPIO_Init
 .text.HAL_GPIO_ReadPin
                0x00000000080117c4        0xc Thirdparty\STM32F0xx_HAL_Driver\Src\stm32f0xx_hal_gpio.o
                0x00000000080117c4                HAL_GPIO_ReadPin
 .text.HAL_GPIO_WritePin
                0x00000000080117d0        0xc Thirdparty\STM32F0xx_HAL_Driver\Src\stm32f0xx_hal_gpio.o
                0x00000000080117d0                HAL_GPIO_WritePin
 .text.HAL_GPIO_TogglePin
                0x00000000080117dc        0x8 Thirdparty\STM32F0xx_HAL_Driver\Src\stm32f0xx_hal_gpio.o
                0x00000000080117dc                HAL_GPIO_TogglePin
 .text.HAL_MspInit
                0x00000000080117e4        0x4 Thirdparty\STM32F0xx_HAL_Driver\Src\stm32f0xx_hal_msp_template.o
                0x00000000080117e4                HAL_MspInit
 .text.HAL_PWR_EnableBkUpAccess
                0x00000000080117e8       0x14 Thirdparty\STM32F0xx_HAL_Driver\Src\stm32f0xx_hal_pwr.o
                0x00000000080117e8                HAL_PWR_EnableBkUpAccess
 .text.HAL_RCC_OscConfig
                0x00000000080117fc      0x544 Thirdparty\STM32F0xx_HAL_Driver\Src\stm32f0xx_hal_rcc.o
                0x00000000080117fc                HAL_RCC_OscConfig
 .text.HAL_RCC_ClockConfig
                0x0000000008011d40      0x230 Thirdparty\STM32F0xx_HAL_Driver\Src\stm32f0xx_hal_rcc.o
                0x0000000008011d40                HAL_RCC_ClockConfig
 .text.HAL_RCC_GetSysClockFreq
                0x0000000008011f70       0x90 Thirdparty\STM32F0xx_HAL_Driver\Src\stm32f0xx_hal_rcc.o
                0x0000000008011f70                HAL_RCC_GetSysClockFreq
 .text.HAL_RCC_GetHCLKFreq
                0x0000000008012000       0x28 Thirdparty\STM32F0xx_HAL_Driver\Src\stm32f0xx_hal_rcc.o
                0x0000000008012000                HAL_RCC_GetHCLKFreq
 .text.HAL_RCC_GetPCLK1Freq
                0x0000000008012028       0x30 Thirdparty\STM32F0xx_HAL_Driver\Src\stm32f0xx_hal_rcc.o
                0x0000000008012028                HAL_RCC_GetPCLK1Freq
 .text.HAL_RCCEx_PeriphCLKConfig
                0x0000000008012058      0x128 Thirdparty\STM32F0xx_HAL_Driver\Src\stm32f0xx_hal_rcc_ex.o
                0x0000000008012058                HAL_RCCEx_PeriphCLKConfig
 .text.HAL_RTC_MspInit
                0x0000000008012180        0x4 Thirdparty\STM32F0xx_HAL_Driver\Src\stm32f0xx_hal_rtc.o
                0x0000000008012180                HAL_RTC_MspInit
 .text.HAL_RTC_GetTime
                0x0000000008012184       0x60 Thirdparty\STM32F0xx_HAL_Driver\Src\stm32f0xx_hal_rtc.o
                0x0000000008012184                HAL_RTC_GetTime
 .text.HAL_RTC_GetDate
                0x00000000080121e4       0x5c Thirdparty\STM32F0xx_HAL_Driver\Src\stm32f0xx_hal_rtc.o
                0x00000000080121e4                HAL_RTC_GetDate
 .text.HAL_RTC_WaitForSynchro
                0x0000000008012240       0x38 Thirdparty\STM32F0xx_HAL_Driver\Src\stm32f0xx_hal_rtc.o
                0x0000000008012240                HAL_RTC_WaitForSynchro
 .text.RTC_EnterInitMode
                0x0000000008012278       0x3c Thirdparty\STM32F0xx_HAL_Driver\Src\stm32f0xx_hal_rtc.o
                0x0000000008012278                RTC_EnterInitMode
 .text.HAL_RTC_Init
                0x00000000080122b4       0x90 Thirdparty\STM32F0xx_HAL_Driver\Src\stm32f0xx_hal_rtc.o
                0x00000000080122b4                HAL_RTC_Init
 .text.HAL_RTC_SetTime
                0x0000000008012344      0x130 Thirdparty\STM32F0xx_HAL_Driver\Src\stm32f0xx_hal_rtc.o
                0x0000000008012344                HAL_RTC_SetTime
 .text.HAL_RTC_SetDate
                0x0000000008012474      0x10c Thirdparty\STM32F0xx_HAL_Driver\Src\stm32f0xx_hal_rtc.o
                0x0000000008012474                HAL_RTC_SetDate
 .text.HAL_RTCEx_BKUPWrite
                0x0000000008012580        0xc Thirdparty\STM32F0xx_HAL_Driver\Src\stm32f0xx_hal_rtc_ex.o
                0x0000000008012580                HAL_RTCEx_BKUPWrite
 .text.HAL_RTCEx_BKUPRead
                0x000000000801258c        0xc Thirdparty\STM32F0xx_HAL_Driver\Src\stm32f0xx_hal_rtc_ex.o
                0x000000000801258c                HAL_RTCEx_BKUPRead
 .text.TIM_OC1_SetConfig
                0x0000000008012598       0x70 Thirdparty\STM32F0xx_HAL_Driver\Src\stm32f0xx_hal_tim.o
 .text.TIM_OC3_SetConfig
                0x0000000008012608       0x88 Thirdparty\STM32F0xx_HAL_Driver\Src\stm32f0xx_hal_tim.o
 .text.TIM_OC4_SetConfig
                0x0000000008012690       0x74 Thirdparty\STM32F0xx_HAL_Driver\Src\stm32f0xx_hal_tim.o
 .text.HAL_TIM_Base_MspInit
                0x0000000008012704        0x4 Thirdparty\STM32F0xx_HAL_Driver\Src\stm32f0xx_hal_tim.o
                0x0000000008012704                HAL_TIM_Base_MspInit
 .text.HAL_TIM_Base_Start
                0x0000000008012708       0x18 Thirdparty\STM32F0xx_HAL_Driver\Src\stm32f0xx_hal_tim.o
                0x0000000008012708                HAL_TIM_Base_Start
 .text.HAL_TIM_Base_Stop
                0x0000000008012720       0x34 Thirdparty\STM32F0xx_HAL_Driver\Src\stm32f0xx_hal_tim.o
                0x0000000008012720                HAL_TIM_Base_Stop
 .text.HAL_TIM_OC_Start
                0x0000000008012754       0x50 Thirdparty\STM32F0xx_HAL_Driver\Src\stm32f0xx_hal_tim.o
                0x0000000008012754                HAL_TIM_OC_Start
 .text.HAL_TIM_PWM_MspInit
                0x00000000080127a4        0x4 Thirdparty\STM32F0xx_HAL_Driver\Src\stm32f0xx_hal_tim.o
                0x00000000080127a4                HAL_TIM_PWM_MspInit
 .text.HAL_TIM_PWM_Start
                0x00000000080127a8        0x8 Thirdparty\STM32F0xx_HAL_Driver\Src\stm32f0xx_hal_tim.o
                0x00000000080127a8                HAL_TIM_PWM_Start
 .text.HAL_TIM_ConfigClockSource
                0x00000000080127b0      0x190 Thirdparty\STM32F0xx_HAL_Driver\Src\stm32f0xx_hal_tim.o
                0x00000000080127b0                HAL_TIM_ConfigClockSource
 .text.HAL_TIM_PeriodElapsedCallback
                0x0000000008012940        0x4 Thirdparty\STM32F0xx_HAL_Driver\Src\stm32f0xx_hal_tim.o
                0x0000000008012940                HAL_TIM_PeriodElapsedCallback
 .text.HAL_TIM_OC_DelayElapsedCallback
                0x0000000008012944        0x4 Thirdparty\STM32F0xx_HAL_Driver\Src\stm32f0xx_hal_tim.o
                0x0000000008012944                HAL_TIM_OC_DelayElapsedCallback
 .text.HAL_TIM_IC_CaptureCallback
                0x0000000008012948        0x4 Thirdparty\STM32F0xx_HAL_Driver\Src\stm32f0xx_hal_tim.o
                0x0000000008012948                HAL_TIM_IC_CaptureCallback
 .text.HAL_TIM_PWM_PulseFinishedCallback
                0x000000000801294c        0x4 Thirdparty\STM32F0xx_HAL_Driver\Src\stm32f0xx_hal_tim.o
                0x000000000801294c                HAL_TIM_PWM_PulseFinishedCallback
 .text.HAL_TIM_TriggerCallback
                0x0000000008012950        0x4 Thirdparty\STM32F0xx_HAL_Driver\Src\stm32f0xx_hal_tim.o
                0x0000000008012950                HAL_TIM_TriggerCallback
 .text.HAL_TIM_IRQHandler
                0x0000000008012954      0x158 Thirdparty\STM32F0xx_HAL_Driver\Src\stm32f0xx_hal_tim.o
                0x0000000008012954                HAL_TIM_IRQHandler
 .text.TIM_Base_SetConfig
                0x0000000008012aac       0x8c Thirdparty\STM32F0xx_HAL_Driver\Src\stm32f0xx_hal_tim.o
                0x0000000008012aac                TIM_Base_SetConfig
 .text.HAL_TIM_Base_Init
                0x0000000008012b38       0x34 Thirdparty\STM32F0xx_HAL_Driver\Src\stm32f0xx_hal_tim.o
                0x0000000008012b38                HAL_TIM_Base_Init
 .text.HAL_TIM_PWM_Init
                0x0000000008012b6c       0x34 Thirdparty\STM32F0xx_HAL_Driver\Src\stm32f0xx_hal_tim.o
                0x0000000008012b6c                HAL_TIM_PWM_Init
 .text.TIM_OC2_SetConfig
                0x0000000008012ba0       0x80 Thirdparty\STM32F0xx_HAL_Driver\Src\stm32f0xx_hal_tim.o
                0x0000000008012ba0                TIM_OC2_SetConfig
 .text.HAL_TIM_PWM_ConfigChannel
                0x0000000008012c20       0xd0 Thirdparty\STM32F0xx_HAL_Driver\Src\stm32f0xx_hal_tim.o
                0x0000000008012c20                HAL_TIM_PWM_ConfigChannel
 .text.HAL_TIMEx_MasterConfigSynchronization
                0x0000000008012cf0       0x44 Thirdparty\STM32F0xx_HAL_Driver\Src\stm32f0xx_hal_tim_ex.o
                0x0000000008012cf0                HAL_TIMEx_MasterConfigSynchronization
 .text.HAL_TIMEx_CommutationCallback
                0x0000000008012d34        0x4 Thirdparty\STM32F0xx_HAL_Driver\Src\stm32f0xx_hal_tim_ex.o
                0x0000000008012d34                HAL_TIMEx_CommutationCallback
 .text.HAL_TIMEx_BreakCallback
                0x0000000008012d38        0x4 Thirdparty\STM32F0xx_HAL_Driver\Src\stm32f0xx_hal_tim_ex.o
                0x0000000008012d38                HAL_TIMEx_BreakCallback
 .text.HAL_UART_MspDeInit
                0x0000000008012d3c        0x4 Thirdparty\STM32F0xx_HAL_Driver\Src\stm32f0xx_hal_uart.o
                0x0000000008012d3c                HAL_UART_MspDeInit
 .text.HAL_UART_DeInit
                0x0000000008012d40       0x34 Thirdparty\STM32F0xx_HAL_Driver\Src\stm32f0xx_hal_uart.o
                0x0000000008012d40                HAL_UART_DeInit
 .text.HAL_UART_Transmit_IT
                0x0000000008012d74       0x68 Thirdparty\STM32F0xx_HAL_Driver\Src\stm32f0xx_hal_uart.o
                0x0000000008012d74                HAL_UART_Transmit_IT
 .text.HAL_UART_Receive_IT
                0x0000000008012ddc       0xc0 Thirdparty\STM32F0xx_HAL_Driver\Src\stm32f0xx_hal_uart.o
                0x0000000008012ddc                HAL_UART_Receive_IT
 .text.HAL_UART_Transmit_DMA
                0x0000000008012e9c       0x8c Thirdparty\STM32F0xx_HAL_Driver\Src\stm32f0xx_hal_uart.o
                0x0000000008012e9c                HAL_UART_Transmit_DMA
 .text.HAL_UART_Receive_DMA
                0x0000000008012f28       0x88 Thirdparty\STM32F0xx_HAL_Driver\Src\stm32f0xx_hal_uart.o
                0x0000000008012f28                HAL_UART_Receive_DMA
 .text.UART_DMATransmitCplt
                0x0000000008012fb0       0x34 Thirdparty\STM32F0xx_HAL_Driver\Src\stm32f0xx_hal_uart.o
 .text.HAL_UART_TxHalfCpltCallback
                0x0000000008012fe4        0x4 Thirdparty\STM32F0xx_HAL_Driver\Src\stm32f0xx_hal_uart.o
                0x0000000008012fe4                HAL_UART_TxHalfCpltCallback
 .text.UART_DMATxHalfCplt
                0x0000000008012fe8        0xc Thirdparty\STM32F0xx_HAL_Driver\Src\stm32f0xx_hal_uart.o
 .text.UART_DMAReceiveCplt
                0x0000000008012ff4       0x3c Thirdparty\STM32F0xx_HAL_Driver\Src\stm32f0xx_hal_uart.o
 .text.HAL_UART_RxHalfCpltCallback
                0x0000000008013030        0x4 Thirdparty\STM32F0xx_HAL_Driver\Src\stm32f0xx_hal_uart.o
                0x0000000008013030                HAL_UART_RxHalfCpltCallback
 .text.UART_DMARxHalfCplt
                0x0000000008013034        0xc Thirdparty\STM32F0xx_HAL_Driver\Src\stm32f0xx_hal_uart.o
 .text.UART_DMAError
                0x0000000008013040       0x24 Thirdparty\STM32F0xx_HAL_Driver\Src\stm32f0xx_hal_uart.o
 .text.UART_SetConfig
                0x0000000008013064      0x1dc Thirdparty\STM32F0xx_HAL_Driver\Src\stm32f0xx_hal_uart.o
                0x0000000008013064                UART_SetConfig
 .text.UART_AdvFeatureConfig
                0x0000000008013240       0xd0 Thirdparty\STM32F0xx_HAL_Driver\Src\stm32f0xx_hal_uart.o
                0x0000000008013240                UART_AdvFeatureConfig
 .text.UART_WaitOnFlagUntilTimeout
                0x0000000008013310       0x98 Thirdparty\STM32F0xx_HAL_Driver\Src\stm32f0xx_hal_uart.o
                0x0000000008013310                UART_WaitOnFlagUntilTimeout
 .text.HAL_UART_Transmit
                0x00000000080133a8       0xcc Thirdparty\STM32F0xx_HAL_Driver\Src\stm32f0xx_hal_uart.o
                0x00000000080133a8                HAL_UART_Transmit
 .text.UART_CheckIdleState
                0x0000000008013474       0x7c Thirdparty\STM32F0xx_HAL_Driver\Src\stm32f0xx_hal_uart.o
                0x0000000008013474                UART_CheckIdleState
 .text.HAL_UART_Init
                0x00000000080134f0       0x6c Thirdparty\STM32F0xx_HAL_Driver\Src\stm32f0xx_hal_uart.o
                0x00000000080134f0                HAL_UART_Init
 .text.UART_Transmit_IT
                0x000000000801355c       0x6c Thirdparty\STM32F0xx_HAL_Driver\Src\stm32f0xx_hal_uart.o
                0x000000000801355c                UART_Transmit_IT
 .text.UART_EndTransmit_IT
                0x00000000080135c8       0x2c Thirdparty\STM32F0xx_HAL_Driver\Src\stm32f0xx_hal_uart.o
                0x00000000080135c8                UART_EndTransmit_IT
 .text.UART_Receive_IT
                0x00000000080135f4       0x94 Thirdparty\STM32F0xx_HAL_Driver\Src\stm32f0xx_hal_uart.o
                0x00000000080135f4                UART_Receive_IT
 .text.HAL_UARTEx_WakeupCallback
                0x0000000008013688        0x4 Thirdparty\STM32F0xx_HAL_Driver\Src\stm32f0xx_hal_uart_ex.o
                0x0000000008013688                HAL_UARTEx_WakeupCallback
 .text.HAL_UART_IRQHandler
                0x000000000801368c      0x108 Thirdparty\STM32F0xx_HAL_Driver\Src\stm32f0xx_hal_uart_ex.o
                0x000000000801368c                HAL_UART_IRQHandler
 .text.startup.main
                0x0000000008013794       0x18 User\main.o
                0x0000000008013794                main
 .text.UserTask
                0x00000000080137ac       0x10 User\main.o
                0x00000000080137ac                UserTask
 .text.atof     0x00000000080137bc        0xa c:/st/stm32cubeide_1.2.0/stm32cubeide/plugins/com.st.stm32cube.ide.mcu.externaltools.gnu-tools-for-stm32.9-2020-q2-update.win32_1.5.0.202011040924/tools/bin/../lib/gcc/arm-none-eabi/9.3.1/../../../../arm-none-eabi/lib/thumb/v6-m/nofp\libc_nano.a(lib_a-atof.o)
                0x00000000080137bc                atof
 .text.atoi     0x00000000080137c6        0xc c:/st/stm32cubeide_1.2.0/stm32cubeide/plugins/com.st.stm32cube.ide.mcu.externaltools.gnu-tools-for-stm32.9-2020-q2-update.win32_1.5.0.202011040924/tools/bin/../lib/gcc/arm-none-eabi/9.3.1/../../../../arm-none-eabi/lib/thumb/v6-m/nofp\libc_nano.a(lib_a-atoi.o)
                0x00000000080137c6                atoi
 .text.atol     0x00000000080137d2        0xc c:/st/stm32cubeide_1.2.0/stm32cubeide/plugins/com.st.stm32cube.ide.mcu.externaltools.gnu-tools-for-stm32.9-2020-q2-update.win32_1.5.0.202011040924/tools/bin/../lib/gcc/arm-none-eabi/9.3.1/../../../../arm-none-eabi/lib/thumb/v6-m/nofp\libc_nano.a(lib_a-atol.o)
                0x00000000080137d2                atol
 *fill*         0x00000000080137de        0x2 
 .text.calloc   0x00000000080137e0       0x14 c:/st/stm32cubeide_1.2.0/stm32cubeide/plugins/com.st.stm32cube.ide.mcu.externaltools.gnu-tools-for-stm32.9-2020-q2-update.win32_1.5.0.202011040924/tools/bin/../lib/gcc/arm-none-eabi/9.3.1/../../../../arm-none-eabi/lib/thumb/v6-m/nofp\libc_nano.a(lib_a-calloc.o)
                0x00000000080137e0                calloc
 .text.__libc_init_array
                0x00000000080137f4       0x48 c:/st/stm32cubeide_1.2.0/stm32cubeide/plugins/com.st.stm32cube.ide.mcu.externaltools.gnu-tools-for-stm32.9-2020-q2-update.win32_1.5.0.202011040924/tools/bin/../lib/gcc/arm-none-eabi/9.3.1/../../../../arm-none-eabi/lib/thumb/v6-m/nofp\libc_nano.a(lib_a-init.o)
                0x00000000080137f4                __libc_init_array
 .text.malloc   0x000000000801383c       0x14 c:/st/stm32cubeide_1.2.0/stm32cubeide/plugins/com.st.stm32cube.ide.mcu.externaltools.gnu-tools-for-stm32.9-2020-q2-update.win32_1.5.0.202011040924/tools/bin/../lib/gcc/arm-none-eabi/9.3.1/../../../../arm-none-eabi/lib/thumb/v6-m/nofp\libc_nano.a(lib_a-malloc.o)
                0x000000000801383c                malloc
 .text.free     0x0000000008013850       0x14 c:/st/stm32cubeide_1.2.0/stm32cubeide/plugins/com.st.stm32cube.ide.mcu.externaltools.gnu-tools-for-stm32.9-2020-q2-update.win32_1.5.0.202011040924/tools/bin/../lib/gcc/arm-none-eabi/9.3.1/../../../../arm-none-eabi/lib/thumb/v6-m/nofp\libc_nano.a(lib_a-malloc.o)
                0x0000000008013850                free
 .text.memcmp   0x0000000008013864       0x1c c:/st/stm32cubeide_1.2.0/stm32cubeide/plugins/com.st.stm32cube.ide.mcu.externaltools.gnu-tools-for-stm32.9-2020-q2-update.win32_1.5.0.202011040924/tools/bin/../lib/gcc/arm-none-eabi/9.3.1/../../../../arm-none-eabi/lib/thumb/v6-m/nofp\libc_nano.a(lib_a-memcmp.o)
                0x0000000008013864                memcmp
 .text.memcpy   0x0000000008013880       0x12 c:/st/stm32cubeide_1.2.0/stm32cubeide/plugins/com.st.stm32cube.ide.mcu.externaltools.gnu-tools-for-stm32.9-2020-q2-update.win32_1.5.0.202011040924/tools/bin/../lib/gcc/arm-none-eabi/9.3.1/../../../../arm-none-eabi/lib/thumb/v6-m/nofp\libc_nano.a(lib_a-memcpy-stub.o)
                0x0000000008013880                memcpy
 .text.memset   0x0000000008013892       0x10 c:/st/stm32cubeide_1.2.0/stm32cubeide/plugins/com.st.stm32cube.ide.mcu.externaltools.gnu-tools-for-stm32.9-2020-q2-update.win32_1.5.0.202011040924/tools/bin/../lib/gcc/arm-none-eabi/9.3.1/../../../../arm-none-eabi/lib/thumb/v6-m/nofp\libc_nano.a(lib_a-memset.o)
                0x0000000008013892                memset
 .text._calloc_r
                0x00000000080138a2       0x1c c:/st/stm32cubeide_1.2.0/stm32cubeide/plugins/com.st.stm32cube.ide.mcu.externaltools.gnu-tools-for-stm32.9-2020-q2-update.win32_1.5.0.202011040924/tools/bin/../lib/gcc/arm-none-eabi/9.3.1/../../../../arm-none-eabi/lib/thumb/v6-m/nofp\libc_nano.a(lib_a-nano-callocr.o)
                0x00000000080138a2                _calloc_r
 *fill*         0x00000000080138be        0x2 
 .text._free_r  0x00000000080138c0       0x94 c:/st/stm32cubeide_1.2.0/stm32cubeide/plugins/com.st.stm32cube.ide.mcu.externaltools.gnu-tools-for-stm32.9-2020-q2-update.win32_1.5.0.202011040924/tools/bin/../lib/gcc/arm-none-eabi/9.3.1/../../../../arm-none-eabi/lib/thumb/v6-m/nofp\libc_nano.a(lib_a-nano-freer.o)
                0x00000000080138c0                _free_r
 .text._malloc_r
                0x0000000008013954       0xbc c:/st/stm32cubeide_1.2.0/stm32cubeide/plugins/com.st.stm32cube.ide.mcu.externaltools.gnu-tools-for-stm32.9-2020-q2-update.win32_1.5.0.202011040924/tools/bin/../lib/gcc/arm-none-eabi/9.3.1/../../../../arm-none-eabi/lib/thumb/v6-m/nofp\libc_nano.a(lib_a-nano-mallocr.o)
                0x0000000008013954                _malloc_r
 .text.rand     0x0000000008013a10       0x7c c:/st/stm32cubeide_1.2.0/stm32cubeide/plugins/com.st.stm32cube.ide.mcu.externaltools.gnu-tools-for-stm32.9-2020-q2-update.win32_1.5.0.202011040924/tools/bin/../lib/gcc/arm-none-eabi/9.3.1/../../../../arm-none-eabi/lib/thumb/v6-m/nofp\libc_nano.a(lib_a-rand.o)
                0x0000000008013a10                rand
 .text.realloc  0x0000000008013a8c       0x14 c:/st/stm32cubeide_1.2.0/stm32cubeide/plugins/com.st.stm32cube.ide.mcu.externaltools.gnu-tools-for-stm32.9-2020-q2-update.win32_1.5.0.202011040924/tools/bin/../lib/gcc/arm-none-eabi/9.3.1/../../../../arm-none-eabi/lib/thumb/v6-m/nofp\libc_nano.a(lib_a-realloc.o)
                0x0000000008013a8c                realloc
 .text._sbrk_r  0x0000000008013aa0       0x24 c:/st/stm32cubeide_1.2.0/stm32cubeide/plugins/com.st.stm32cube.ide.mcu.externaltools.gnu-tools-for-stm32.9-2020-q2-update.win32_1.5.0.202011040924/tools/bin/../lib/gcc/arm-none-eabi/9.3.1/../../../../arm-none-eabi/lib/thumb/v6-m/nofp\libc_nano.a(lib_a-sbrkr.o)
                0x0000000008013aa0                _sbrk_r