Archive member included to satisfy reference by file (symbol)

c:/st/stm32cubeide_1.9.0/stm32cubeide/plugins/com.st.stm32cube.ide.mcu.externaltools.gnu-tools-for-stm32.10.3-2021.10.win32_1.0.0.202111181127/tools/bin/../lib/gcc/arm-none-eabi/10.3.1/../../../../arm-none-eabi/lib/thumb/v6-m/nofp\libc.a(lib_a-atof.o)
                              BOS\BOS_CLI.o (atof)
c:/st/stm32cubeide_1.9.0/stm32cubeide/plugins/com.st.stm32cube.ide.mcu.externaltools.gnu-tools-for-stm32.10.3-2021.10.win32_1.0.0.202111181127/tools/bin/../lib/gcc/arm-none-eabi/10.3.1/../../../../arm-none-eabi/lib/thumb/v6-m/nofp\libc.a(lib_a-atoi.o)
                              BOS\BOS_CLI.o (atoi)
c:/st/stm32cubeide_1.9.0/stm32cubeide/plugins/com.st.stm32cube.ide.mcu.externaltools.gnu-tools-for-stm32.10.3-2021.10.win32_1.0.0.202111181127/tools/bin/../lib/gcc/arm-none-eabi/10.3.1/../../../../arm-none-eabi/lib/thumb/v6-m/nofp\libc.a(lib_a-atol.o)
                              BOS\BOS.o (atol)
c:/st/stm32cubeide_1.9.0/stm32cubeide/plugins/com.st.stm32cube.ide.mcu.externaltools.gnu-tools-for-stm32.10.3-2021.10.win32_1.0.0.202111181127/tools/bin/../lib/gcc/arm-none-eabi/10.3.1/../../../../arm-none-eabi/lib/thumb/v6-m/nofp\libc.a(lib_a-ctype_.o)
                              BOS\BOS_CLI.o (_ctype_)
c:/st/stm32cubeide_1.9.0/stm32cubeide/plugins/com.st.stm32cube.ide.mcu.externaltools.gnu-tools-for-stm32.10.3-2021.10.win32_1.0.0.202111181127/tools/bin/../lib/gcc/arm-none-eabi/10.3.1/../../../../arm-none-eabi/lib/thumb/v6-m/nofp\libc.a(lib_a-exit.o)
                              c:/st/stm32cubeide_1.9.0/stm32cubeide/plugins/com.st.stm32cube.ide.mcu.externaltools.gnu-tools-for-stm32.10.3-2021.10.win32_1.0.0.202111181127/tools/bin/../lib/gcc/arm-none-eabi/10.3.1/../../../../arm-none-eabi/lib/thumb/v6-m/nofp/crt0.o (exit)
c:/st/stm32cubeide_1.9.0/stm32cubeide/plugins/com.st.stm32cube.ide.mcu.externaltools.gnu-tools-for-stm32.10.3-2021.10.win32_1.0.0.202111181127/tools/bin/../lib/gcc/arm-none-eabi/10.3.1/../../../../arm-none-eabi/lib/thumb/v6-m/nofp\libc.a(lib_a-impure.o)
                              c:/st/stm32cubeide_1.9.0/stm32cubeide/plugins/com.st.stm32cube.ide.mcu.externaltools.gnu-tools-for-stm32.10.3-2021.10.win32_1.0.0.202111181127/tools/bin/../lib/gcc/arm-none-eabi/10.3.1/../../../../arm-none-eabi/lib/thumb/v6-m/nofp\libc.a(lib_a-exit.o) (_global_impure_ptr)
c:/st/stm32cubeide_1.9.0/stm32cubeide/plugins/com.st.stm32cube.ide.mcu.externaltools.gnu-tools-for-stm32.10.3-2021.10.win32_1.0.0.202111181127/tools/bin/../lib/gcc/arm-none-eabi/10.3.1/../../../../arm-none-eabi/lib/thumb/v6-m/nofp\libc.a(lib_a-init.o)
                              c:/st/stm32cubeide_1.9.0/stm32cubeide/plugins/com.st.stm32cube.ide.mcu.externaltools.gnu-tools-for-stm32.10.3-2021.10.win32_1.0.0.202111181127/tools/bin/../lib/gcc/arm-none-eabi/10.3.1/../../../../arm-none-eabi/lib/thumb/v6-m/nofp/crt0.o (__libc_init_array)
c:/st/stm32cubeide_1.9.0/stm32cubeide/plugins/com.st.stm32cube.ide.mcu.externaltools.gnu-tools-for-stm32.10.3-2021.10.win32_1.0.0.202111181127/tools/bin/../lib/gcc/arm-none-eabi/10.3.1/../../../../arm-none-eabi/lib/thumb/v6-m/nofp\libc.a(lib_a-malloc.o)
                              BOS\BOS.o (malloc)
c:/st/stm32cubeide_1.9.0/stm32cubeide/plugins/com.st.stm32cube.ide.mcu.externaltools.gnu-tools-for-stm32.10.3-2021.10.win32_1.0.0.202111181127/tools/bin/../lib/gcc/arm-none-eabi/10.3.1/../../../../arm-none-eabi/lib/thumb/v6-m/nofp\libc.a(lib_a-mallocr.o)
                              c:/st/stm32cubeide_1.9.0/stm32cubeide/plugins/com.st.stm32cube.ide.mcu.externaltools.gnu-tools-for-stm32.10.3-2021.10.win32_1.0.0.202111181127/tools/bin/../lib/gcc/arm-none-eabi/10.3.1/../../../../arm-none-eabi/lib/thumb/v6-m/nofp\libc.a(lib_a-malloc.o) (_malloc_r)
c:/st/stm32cubeide_1.9.0/stm32cubeide/plugins/com.st.stm32cube.ide.mcu.externaltools.gnu-tools-for-stm32.10.3-2021.10.win32_1.0.0.202111181127/tools/bin/../lib/gcc/arm-none-eabi/10.3.1/../../../../arm-none-eabi/lib/thumb/v6-m/nofp\libc.a(lib_a-memcpy-stub.o)
                              BOS\BOS.o (memcpy)
c:/st/stm32cubeide_1.9.0/stm32cubeide/plugins/com.st.stm32cube.ide.mcu.externaltools.gnu-tools-for-stm32.10.3-2021.10.win32_1.0.0.202111181127/tools/bin/../lib/gcc/arm-none-eabi/10.3.1/../../../../arm-none-eabi/lib/thumb/v6-m/nofp\libc.a(lib_a-memset.o)
                              c:/st/stm32cubeide_1.9.0/stm32cubeide/plugins/com.st.stm32cube.ide.mcu.externaltools.gnu-tools-for-stm32.10.3-2021.10.win32_1.0.0.202111181127/tools/bin/../lib/gcc/arm-none-eabi/10.3.1/../../../../arm-none-eabi/lib/thumb/v6-m/nofp/crt0.o (memset)
c:/st/stm32cubeide_1.9.0/stm32cubeide/plugins/com.st.stm32cube.ide.mcu.externaltools.gnu-tools-for-stm32.10.3-2021.10.win32_1.0.0.202111181127/tools/bin/../lib/gcc/arm-none-eabi/10.3.1/../../../../arm-none-eabi/lib/thumb/v6-m/nofp\libc.a(lib_a-mlock.o)
[...]
Memory Configuration

Name             Origin             Length             Attributes
RAM              0x0000000020000000 0x0000000000024000 xrw
FLASH            0x0000000008000000 0x0000000000080000 xr
*default*        0x0000000000000000 0xffffffffffffffff

Linker script and memory map

LOAD c:/st/stm32cubeide_1.9.0/stm32cubeide/plugins/com.st.stm32cube.ide.mcu.externaltools.gnu-tools-for-stm32.10.3-2021.10.win32_1.0.0.202111181127/tools/bin/../lib/gcc/arm-none-eabi/10.3.1/thumb/v6-m/nofp/crti.o
LOAD c:/st/stm32cubeide_1.9.0/stm32cubeide/plugins/com.st.stm32cube.ide.mcu.externaltools.gnu-tools-for-stm32.10.3-2021.10.win32_1.0.0.202111181127/tools/bin/../lib/gcc/arm-none-eabi/10.3.1/thumb/v6-m/nofp/crtbegin.o
LOAD c:/st/stm32cubeide_1.9.0/stm32cubeide/plugins/com.st.stm32cube.ide.mcu.externaltools.gnu-tools-for-stm32.10.3-2021.10.win32_1.0.0.202111181127/tools/bin/../lib/gcc/arm-none-eabi/10.3.1/../../../../arm-none-eabi/lib/thumb/v6-m/nofp/crt0.o
LOAD BOS\BOS.o
LOAD BOS\BOS_CLI.o
LOAD BOS\BOS_CLIcommands.o
LOAD BOS\BOS_dma.o
LOAD BOS\BOS_freertos.o
LOAD BOS\BOS_messaging.o
LOAD BOS\BOS_msgparser.o
LOAD H01R0\H01R0.o
LOAD H01R0\H01R0_dma.o
LOAD H01R0\H01R0_eeprom.o
LOAD H01R0\H01R0_gpio.o
LOAD H01R0\H01R0_inputs.o
LOAD H01R0\H01R0_it.o
LOAD H01R0\H01R0_rtc.o
LOAD H01R0\H01R0_timers.o
LOAD H01R0\H01R0_uart.o
LOAD H01R0\startup_stm32g0b1ceuxn.o
LOAD Thirdparty\CMSIS\STM32G0xx\Device\ST\STM32G0xx\Source\Templates\system_stm32g0xx.o
LOAD Thirdparty\Middleware\STM32G0xx\FreeRTOS\Source\CMSIS_RTOS\cmsis_os.o
LOAD Thirdparty\Middleware\STM32G0xx\FreeRTOS\Source\FreeRTOS_CLI.o
LOAD Thirdparty\Middleware\STM32G0xx\FreeRTOS\Source\croutine.o
LOAD Thirdparty\Middleware\STM32G0xx\FreeRTOS\Source\event_groups.o
LOAD Thirdparty\Middleware\STM32G0xx\FreeRTOS\Source\list.o
LOAD Thirdparty\Middleware\STM32G0xx\FreeRTOS\Source\portable\GCC\ARM_CM0\port.o
LOAD Thirdparty\Middleware\STM32G0xx\FreeRTOS\Source\portable\MemMang\heap_4.o
LOAD Thirdparty\Middleware\STM32G0xx\FreeRTOS\Source\queue.o
LOAD Thirdparty\Middleware\STM32G0xx\FreeRTOS\Source\stream_buffer.o
LOAD Thirdparty\Middleware\STM32G0xx\FreeRTOS\Source\tasks.o
LOAD Thirdparty\Middleware\STM32G0xx\FreeRTOS\Source\timers.o
LOAD Thirdparty\STM32G0xx_HAL_Driver\Src\stm32g0xx_hal.o
LOAD Thirdparty\STM32G0xx_HAL_Driver\Src\stm32g0xx_hal_adc.o
LOAD Thirdparty\STM32G0xx_HAL_Driver\Src\stm32g0xx_hal_adc_ex.o
LOAD Thirdparty\STM32G0xx_HAL_Driver\Src\stm32g0xx_hal_cec.o
LOAD Thirdparty\STM32G0xx_HAL_Driver\Src\stm32g0xx_hal_comp.o
LOAD Thirdparty\STM32G0xx_HAL_Driver\Src\stm32g0xx_hal_cortex.o
LOAD Thirdparty\STM32G0xx_HAL_Driver\Src\stm32g0xx_hal_crc.o
LOAD Thirdparty\STM32G0xx_HAL_Driver\Src\stm32g0xx_hal_crc_ex.o
LOAD Thirdparty\STM32G0xx_HAL_Driver\Src\stm32g0xx_hal_cryp.o
LOAD Thirdparty\STM32G0xx_HAL_Driver\Src\stm32g0xx_hal_cryp_ex.o
LOAD Thirdparty\STM32G0xx_HAL_Driver\Src\stm32g0xx_hal_dac.o
LOAD Thirdparty\STM32G0xx_HAL_Driver\Src\stm32g0xx_hal_dac_ex.o
LOAD Thirdparty\STM32G0xx_HAL_Driver\Src\stm32g0xx_hal_dma.o
LOAD Thirdparty\STM32G0xx_HAL_Driver\Src\stm32g0xx_hal_dma_ex.o
LOAD Thirdparty\STM32G0xx_HAL_Driver\Src\stm32g0xx_hal_exti.o
LOAD Thirdparty\STM32G0xx_HAL_Driver\Src\stm32g0xx_hal_fdcan.o
LOAD Thirdparty\STM32G0xx_HAL_Driver\Src\stm32g0xx_hal_flash.o
LOAD Thirdparty\STM32G0xx_HAL_Driver\Src\stm32g0xx_hal_flash_ex.o
LOAD Thirdparty\STM32G0xx_HAL_Driver\Src\stm32g0xx_hal_gpio.o
LOAD Thirdparty\STM32G0xx_HAL_Driver\Src\stm32g0xx_hal_hcd.o
LOAD Thirdparty\STM32G0xx_HAL_Driver\Src\stm32g0xx_hal_i2c.o
LOAD Thirdparty\STM32G0xx_HAL_Driver\Src\stm32g0xx_hal_i2c_ex.o
LOAD Thirdparty\STM32G0xx_HAL_Driver\Src\stm32g0xx_hal_i2s.o
LOAD Thirdparty\STM32G0xx_HAL_Driver\Src\stm32g0xx_hal_irda.o
LOAD Thirdparty\STM32G0xx_HAL_Driver\Src\stm32g0xx_hal_iwdg.o
LOAD Thirdparty\STM32G0xx_HAL_Driver\Src\stm32g0xx_hal_lptim.o
LOAD Thirdparty\STM32G0xx_HAL_Driver\Src\stm32g0xx_hal_msp_template.o
LOAD Thirdparty\STM32G0xx_HAL_Driver\Src\stm32g0xx_hal_pcd.o
LOAD Thirdparty\STM32G0xx_HAL_Driver\Src\stm32g0xx_hal_pcd_ex.o
LOAD Thirdparty\STM32G0xx_HAL_Driver\Src\stm32g0xx_hal_pwr.o
LOAD Thirdparty\STM32G0xx_HAL_Driver\Src\stm32g0xx_hal_pwr_ex.o
LOAD Thirdparty\STM32G0xx_HAL_Driver\Src\stm32g0xx_hal_rcc.o
LOAD Thirdparty\STM32G0xx_HAL_Driver\Src\stm32g0xx_hal_rcc_ex.o
LOAD Thirdparty\STM32G0xx_HAL_Driver\Src\stm32g0xx_hal_rng.o
LOAD Thirdparty\STM32G0xx_HAL_Driver\Src\stm32g0xx_hal_rtc.o
LOAD Thirdparty\STM32G0xx_HAL_Driver\Src\stm32g0xx_hal_rtc_ex.o
LOAD Thirdparty\STM32G0xx_HAL_Driver\Src\stm32g0xx_hal_smartcard.o
LOAD Thirdparty\STM32G0xx_HAL_Driver\Src\stm32g0xx_hal_smartcard_ex.o
LOAD Thirdparty\STM32G0xx_HAL_Driver\Src\stm32g0xx_hal_smbus.o
LOAD Thirdparty\STM32G0xx_HAL_Driver\Src\stm32g0xx_hal_smbus_ex.o
LOAD Thirdparty\STM32G0xx_HAL_Driver\Src\stm32g0xx_hal_spi.o
LOAD Thirdparty\STM32G0xx_HAL_Driver\Src\stm32g0xx_hal_spi_ex.o
LOAD Thirdparty\STM32G0xx_HAL_Driver\Src\stm32g0xx_hal_tim.o
LOAD Thirdparty\STM32G0xx_HAL_Driver\Src\stm32g0xx_hal_tim_ex.o
LOAD Thirdparty\STM32G0xx_HAL_Driver\Src\stm32g0xx_hal_uart.o
LOAD Thirdparty\STM32G0xx_HAL_Driver\Src\stm32g0xx_hal_uart_ex.o
LOAD Thirdparty\STM32G0xx_HAL_Driver\Src\stm32g0xx_hal_usart.o
LOAD Thirdparty\STM32G0xx_HAL_Driver\Src\stm32g0xx_hal_usart_ex.o
LOAD Thirdparty\STM32G0xx_HAL_Driver\Src\stm32g0xx_hal_wwdg.o
LOAD Thirdparty\STM32G0xx_HAL_Driver\Src\stm32g0xx_ll_adc.o
LOAD Thirdparty\STM32G0xx_HAL_Driver\Src\stm32g0xx_ll_comp.o
LOAD Thirdparty\STM32G0xx_HAL_Driver\Src\stm32g0xx_ll_crc.o
LOAD Thirdparty\STM32G0xx_HAL_Driver\Src\stm32g0xx_ll_crs.o
LOAD Thirdparty\STM32G0xx_HAL_Driver\Src\stm32g0xx_ll_dac.o
LOAD Thirdparty\STM32G0xx_HAL_Driver\Src\stm32g0xx_ll_dma.o
LOAD Thirdparty\STM32G0xx_HAL_Driver\Src\stm32g0xx_ll_exti.o
LOAD Thirdparty\STM32G0xx_HAL_Driver\Src\stm32g0xx_ll_gpio.o
LOAD Thirdparty\STM32G0xx_HAL_Driver\Src\stm32g0xx_ll_i2c.o
LOAD Thirdparty\STM32G0xx_HAL_Driver\Src\stm32g0xx_ll_lptim.o
LOAD Thirdparty\STM32G0xx_HAL_Driver\Src\stm32g0xx_ll_lpuart.o
LOAD Thirdparty\STM32G0xx_HAL_Driver\Src\stm32g0xx_ll_pwr.o
LOAD Thirdparty\STM32G0xx_HAL_Driver\Src\stm32g0xx_ll_rcc.o
LOAD Thirdparty\STM32G0xx_HAL_Driver\Src\stm32g0xx_ll_rng.o
LOAD Thirdparty\STM32G0xx_HAL_Driver\Src\stm32g0xx_ll_rtc.o
LOAD Thirdparty\STM32G0xx_HAL_Driver\Src\stm32g0xx_ll_spi.o
LOAD Thirdparty\STM32G0xx_HAL_Driver\Src\stm32g0xx_ll_tim.o
LOAD Thirdparty\STM32G0xx_HAL_Driver\Src\stm32g0xx_ll_ucpd.o
LOAD Thirdparty\STM32G0xx_HAL_Driver\Src\stm32g0xx_ll_usart.o
LOAD Thirdparty\STM32G0xx_HAL_Driver\Src\stm32g0xx_ll_usb.o
LOAD Thirdparty\STM32G0xx_HAL_Driver\Src\stm32g0xx_ll_utils.o
LOAD User\main.o
START GROUP
LOAD c:/st/stm32cubeide_1.9.0/stm32cubeide/plugins/com.st.stm32cube.ide.mcu.externaltools.gnu-tools-for-stm32.10.3-2021.10.win32_1.0.0.202111181127/tools/bin/../lib/gcc/arm-none-eabi/10.3.1/../../../../arm-none-eabi/lib/thumb/v6-m/nofp\libc.a
LOAD c:/st/stm32cubeide_1.9.0/stm32cubeide/plugins/com.st.stm32cube.ide.mcu.externaltools.gnu-tools-for-stm32.10.3-2021.10.win32_1.0.0.202111181127/tools/bin/../lib/gcc/arm-none-eabi/10.3.1/../../../../arm-none-eabi/lib/thumb/v6-m/nofp\libm.a
END GROUP
START GROUP
LOAD c:/st/stm32cubeide_1.9.0/stm32cubeide/plugins/com.st.stm32cube.ide.mcu.externaltools.gnu-tools-for-stm32.10.3-2021.10.win32_1.0.0.202111181127/tools/bin/../lib/gcc/arm-none-eabi/10.3.1/thumb/v6-m/nofp\libgcc.a
LOAD c:/st/stm32cubeide_1.9.0/stm32cubeide/plugins/com.st.stm32cube.ide.mcu.externaltools.gnu-tools-for-stm32.10.3-2021.10.win32_1.0.0.202111181127/tools/bin/../lib/gcc/arm-none-eabi/10.3.1/../../../../arm-none-eabi/lib/thumb/v6-m/nofp\libc.a
END GROUP
START GROUP
LOAD c:/st/stm32cubeide_1.9.0/stm32cubeide/plugins/com.st.stm32cube.ide.mcu.externaltools.gnu-tools-for-stm32.10.3-2021.10.win32_1.0.0.202111181127/tools/bin/../lib/gcc/arm-none-eabi/10.3.1/thumb/v6-m/nofp\libgcc.a
LOAD c:/st/stm32cubeide_1.9.0/stm32cubeide/plugins/com.st.stm32cube.ide.mcu.externaltools.gnu-tools-for-stm32.10.3-2021.10.win32_1.0.0.202111181127/tools/bin/../lib/gcc/arm-none-eabi/10.3.1/../../../../arm-none-eabi/lib/thumb/v6-m/nofp\libc.a
LOAD c:/st/stm32cubeide_1.9.0/stm32cubeide/plugins/com.st.stm32cube.ide.mcu.externaltools.gnu-tools-for-stm32.10.3-2021.10.win32_1.0.0.202111181127/tools/bin/../lib/gcc/arm-none-eabi/10.3.1/../../../../arm-none-eabi/lib/thumb/v6-m/nofp\libnosys.a
END GROUP
LOAD c:/st/stm32cubeide_1.9.0/stm32cubeide/plugins/com.st.stm32cube.ide.mcu.externaltools.gnu-tools-for-stm32.10.3-2021.10.win32_1.0.0.202111181127/tools/bin/../lib/gcc/arm-none-eabi/10.3.1/thumb/v6-m/nofp/crtend.o
LOAD c:/st/stm32cubeide_1.9.0/stm32cubeide/plugins/com.st.stm32cube.ide.mcu.externaltools.gnu-tools-for-stm32.10.3-2021.10.win32_1.0.0.202111181127/tools/bin/../lib/gcc/arm-none-eabi/10.3.1/thumb/v6-m/nofp/crtn.o
                0x0000000020024000                _estack = (ORIGIN (RAM) + LENGTH (RAM))
                0x0000000000000200                _Min_Heap_Size = 0x200
                0x0000000000000400                _Min_Stack_Size = 0x400

.isr_vector     0x0000000008000000       0xbc
                0x0000000008000000                . = ALIGN (0x4)
 *(.isr_vector)
 .isr_vector    0x0000000008000000       0xbc H01R0\startup_stm32g0b1ceuxn.o
                0x0000000008000000                g_pfnVectors
                0x00000000080000bc                . = ALIGN (0x4)

.text           0x00000000080000c0    0x2a1d0
                0x00000000080000c0                . = ALIGN (0x4)
 *(.text)
 .text          0x00000000080000c0       0x48 c:/st/stm32cubeide_1.9.0/stm32cubeide/plugins/com.st.stm32cube.ide.mcu.externaltools.gnu-tools-for-stm32.10.3-2021.10.win32_1.0.0.202111181127/tools/bin/../lib/gcc/arm-none-eabi/10.3.1/thumb/v6-m/nofp/crtbegin.o
 .text          0x0000000008000108       0x14 c:/st/stm32cubeide_1.9.0/stm32cubeide/plugins/com.st.stm32cube.ide.mcu.externaltools.gnu-tools-for-stm32.10.3-2021.10.win32_1.0.0.202111181127/tools/bin/../lib/gcc/arm-none-eabi/10.3.1/../../../../arm-none-eabi/lib/thumb/v6-m/nofp\libc.a(lib_a-strcmp.o)
                0x0000000008000108                strcmp
 .text          0x000000000800011c        0xe c:/st/stm32cubeide_1.9.0/stm32cubeide/plugins/com.st.stm32cube.ide.mcu.externaltools.gnu-tools-for-stm32.10.3-2021.10.win32_1.0.0.202111181127/tools/bin/../lib/gcc/arm-none-eabi/10.3.1/../../../../arm-none-eabi/lib/thumb/v6-m/nofp\libc.a(lib_a-strlen.o)
                0x000000000800011c                strlen
 *fill*         0x000000000800012a        0x2 
 .text          0x000000000800012c       0x14 c:/st/stm32cubeide_1.9.0/stm32cubeide/plugins/com.st.stm32cube.ide.mcu.externaltools.gnu-tools-for-stm32.10.3-2021.10.win32_1.0.0.202111181127/tools/bin/../lib/gcc/arm-none-eabi/10.3.1/thumb/v6-m/nofp\libgcc.a(_thumb1_case_uqi.o)
                0x000000000800012c                __gnu_thumb1_case_uqi
 .text          0x0000000008000140       0x14 c:/st/stm32cubeide_1.9.0/stm32cubeide/plugins/com.st.stm32cube.ide.mcu.externaltools.gnu-tools-for-stm32.10.3-2021.10.win32_1.0.0.202111181127/tools/bin/../lib/gcc/arm-none-eabi/10.3.1/thumb/v6-m/nofp\libgcc.a(_thumb1_case_uhi.o)
                0x0000000008000140                __gnu_thumb1_case_uhi
 .text          0x0000000008000154      0x114 c:/st/stm32cubeide_1.9.0/stm32cubeide/plugins/com.st.stm32cube.ide.mcu.externaltools.gnu-tools-for-stm32.10.3-2021.10.win32_1.0.0.202111181127/tools/bin/../lib/gcc/arm-none-eabi/10.3.1/thumb/v6-m/nofp\libgcc.a(_udivsi3.o)
                0x0000000008000154                __aeabi_uidiv
                0x0000000008000154                __udivsi3
                0x0000000008000260                __aeabi_uidivmod
 .text          0x0000000008000268      0x1d4 c:/st/stm32cubeide_1.9.0/stm32cubeide/plugins/com.st.stm32cube.ide.mcu.externaltools.gnu-tools-for-stm32.10.3-2021.10.win32_1.0.0.202111181127/tools/bin/../lib/gcc/arm-none-eabi/10.3.1/thumb/v6-m/nofp\libgcc.a(_divsi3.o)
                0x0000000008000268                __divsi3
                0x0000000008000268                __aeabi_idiv
                0x0000000008000434                __aeabi_idivmod
 .text          0x000000000800043c        0x4 c:/st/stm32cubeide_1.9.0/stm32cubeide/plugins/com.st.stm32cube.ide.mcu.externaltools.gnu-tools-for-stm32.10.3-2021.10.win32_1.0.0.202111181127/tools/bin/../lib/gcc/arm-none-eabi/10.3.1/thumb/v6-m/nofp\libgcc.a(_dvmd_tls.o)
                0x000000000800043c                __aeabi_idiv0
                0x000000000800043c                __aeabi_ldiv0
 .text          0x0000000008000440       0x7c c:/st/stm32cubeide_1.9.0/stm32cubeide/plugins/com.st.stm32cube.ide.mcu.externaltools.gnu-tools-for-stm32.10.3-2021.10.win32_1.0.0.202111181127/tools/bin/../lib/gcc/arm-none-eabi/10.3.1/thumb/v6-m/nofp\libgcc.a(_arm_cmpdf2.o)
                0x0000000008000440                __aeabi_cdrcmple
                0x0000000008000450                __aeabi_cdcmple
                0x0000000008000450                __aeabi_cdcmpeq
                0x0000000008000460                __aeabi_dcmpeq
                0x000000000800046c                __aeabi_dcmplt
                0x0000000008000480                __aeabi_dcmple
                0x0000000008000494                __aeabi_dcmpgt
                0x00000000080004a8                __aeabi_dcmpge
 .text          0x00000000080004bc       0x74 c:/st/stm32cubeide_1.9.0/stm32cubeide/plugins/com.st.stm32cube.ide.mcu.externaltools.gnu-tools-for-stm32.10.3-2021.10.win32_1.0.0.202111181127/tools/bin/../lib/gcc/arm-none-eabi/10.3.1/thumb/v6-m/nofp\libgcc.a(_arm_cmpsf2.o)
                0x00000000080004bc                __aeabi_cfrcmple
                0x00000000080004c4                __aeabi_cfcmpeq
                0x00000000080004c4                __aeabi_cfcmple
                0x00000000080004d4                __aeabi_fcmpeq
                0x00000000080004e0                __aeabi_fcmplt
                0x00000000080004f4                __aeabi_fcmple
                0x0000000008000508                __aeabi_fcmpgt
                0x000000000800051c                __aeabi_fcmpge
 .text          0x0000000008000530       0x14 c:/st/stm32cubeide_1.9.0/stm32cubeide/plugins/com.st.stm32cube.ide.mcu.externaltools.gnu-tools-for-stm32.10.3-2021.10.win32_1.0.0.202111181127/tools/bin/../lib/gcc/arm-none-eabi/10.3.1/thumb/v6-m/nofp\libgcc.a(_aeabi_ulcmp.o)
                0x0000000008000530                __aeabi_ulcmp
 .text          0x0000000008000544       0x40 c:/st/stm32cubeide_1.9.0/stm32cubeide/plugins/com.st.stm32cube.ide.mcu.externaltools.gnu-tools-for-stm32.10.3-2021.10.win32_1.0.0.202111181127/tools/bin/../lib/gcc/arm-none-eabi/10.3.1/thumb/v6-m/nofp\libgcc.a(_aeabi_uldivmod.o)
                0x0000000008000544                __aeabi_uldivmod
 .text          0x0000000008000584       0x5c c:/st/stm32cubeide_1.9.0/stm32cubeide/plugins/com.st.stm32cube.ide.mcu.externaltools.gnu-tools-for-stm32.10.3-2021.10.win32_1.0.0.202111181127/tools/bin/../lib/gcc/arm-none-eabi/10.3.1/thumb/v6-m/nofp\libgcc.a(_muldi3.o)
                0x0000000008000584                __muldi3
                0x0000000008000584                __aeabi_lmul
 .text          0x00000000080005e0       0x30 c:/st/stm32cubeide_1.9.0/stm32cubeide/plugins/com.st.stm32cube.ide.mcu.externaltools.gnu-tools-for-stm32.10.3-2021.10.win32_1.0.0.202111181127/tools/bin/../lib/gcc/arm-none-eabi/10.3.1/thumb/v6-m/nofp\libgcc.a(_fixunssfsi.o)
                0x00000000080005e0                __fixunssfsi
                0x00000000080005e0                __aeabi_f2uiz
 .text          0x0000000008000610       0x3c c:/st/stm32cubeide_1.9.0/stm32cubeide/plugins/com.st.stm32cube.ide.mcu.externaltools.gnu-tools-for-stm32.10.3-2021.10.win32_1.0.0.202111181127/tools/bin/../lib/gcc/arm-none-eabi/10.3.1/thumb/v6-m/nofp\libgcc.a(_fixunsdfsi.o)
                0x0000000008000610                __aeabi_d2uiz
                0x0000000008000610                __fixunsdfsi
 .text          0x000000000800064c       0x3c c:/st/stm32cubeide_1.9.0/stm32cubeide/plugins/com.st.stm32cube.ide.mcu.externaltools.gnu-tools-for-stm32.10.3-2021.10.win32_1.0.0.202111181127/tools/bin/../lib/gcc/arm-none-eabi/10.3.1/thumb/v6-m/nofp\libgcc.a(_fixdfdi.o)
                0x000000000800064c                __fixdfdi
                0x000000000800064c                __aeabi_d2lz
 .text          0x0000000008000688       0x3c c:/st/stm32cubeide_1.9.0/stm32cubeide/plugins/com.st.stm32cube.ide.mcu.externaltools.gnu-tools-for-stm32.10.3-2021.10.win32_1.0.0.202111181127/tools/bin/../lib/gcc/arm-none-eabi/10.3.1/thumb/v6-m/nofp\libgcc.a(_fixunsdfdi.o)
                0x0000000008000688                __fixunsdfdi
                0x0000000008000688                __aeabi_d2ulz
 .text          0x00000000080006c4       0x2c c:/st/stm32cubeide_1.9.0/stm32cubeide/plugins/com.st.stm32cube.ide.mcu.externaltools.gnu-tools-for-stm32.10.3-2021.10.win32_1.0.0.202111181127/tools/bin/../lib/gcc/arm-none-eabi/10.3.1/thumb/v6-m/nofp\libgcc.a(_floatdidf.o)
                0x00000000080006c4                __aeabi_l2d
                0x00000000080006c4                __floatdidf
 .text          0x00000000080006f0      0x198 c:/st/stm32cubeide_1.9.0/stm32cubeide/plugins/com.st.stm32cube.ide.mcu.externaltools.gnu-tools-for-stm32.10.3-2021.10.win32_1.0.0.202111181127/tools/bin/../lib/gcc/arm-none-eabi/10.3.1/thumb/v6-m/nofp\libgcc.a(_udivmoddi4.o)
                0x00000000080006f0                __udivmoddi4
 .text          0x0000000008000888      0x230 c:/st/stm32cubeide_1.9.0/stm32cubeide/plugins/com.st.stm32cube.ide.mcu.externaltools.gnu-tools-for-stm32.10.3-2021.10.win32_1.0.0.202111181127/tools/bin/../lib/gcc/arm-none-eabi/10.3.1/thumb/v6-m/nofp\libgcc.a(divsf3.o)
                0x0000000008000888                __aeabi_fdiv
 .text          0x0000000008000ab8       0x4c c:/st/stm32cubeide_1.9.0/stm32cubeide/plugins/com.st.stm32cube.ide.mcu.externaltools.gnu-tools-for-stm32.10.3-2021.10.win32_1.0.0.202111181127/tools/bin/../lib/gcc/arm-none-eabi/10.3.1/thumb/v6-m/nofp\libgcc.a(eqsf2.o)
                0x0000000008000ab8                __eqsf2
                0x0000000008000ab8                __nesf2
 .text          0x0000000008000b04       0x8c c:/st/stm32cubeide_1.9.0/stm32cubeide/plugins/com.st.stm32cube.ide.mcu.externaltools.gnu-tools-for-stm32.10.3-2021.10.win32_1.0.0.202111181127/tools/bin/../lib/gcc/arm-none-eabi/10.3.1/thumb/v6-m/nofp\libgcc.a(gesf2.o)
                0x0000000008000b04                __gesf2
                0x0000000008000b04                __gtsf2
 .text          0x0000000008000b90       0x88 c:/st/stm32cubeide_1.9.0/stm32cubeide/plugins/com.st.stm32cube.ide.mcu.externaltools.gnu-tools-for-stm32.10.3-2021.10.win32_1.0.0.202111181127/tools/bin/../lib/gcc/arm-none-eabi/10.3.1/thumb/v6-m/nofp\libgcc.a(lesf2.o)
                0x0000000008000b90                __ltsf2
                0x0000000008000b90                __lesf2
 .text          0x0000000008000c18      0x24c c:/st/stm32cubeide_1.9.0/stm32cubeide/plugins/com.st.stm32cube.ide.mcu.externaltools.gnu-tools-for-stm32.10.3-2021.10.win32_1.0.0.202111181127/tools/bin/../lib/gcc/arm-none-eabi/10.3.1/thumb/v6-m/nofp\libgcc.a(mulsf3.o)
                0x0000000008000c18                __aeabi_fmul
 .text          0x0000000008000e64      0x35c c:/st/stm32cubeide_1.9.0/stm32cubeide/plugins/com.st.stm32cube.ide.mcu.externaltools.gnu-tools-for-stm32.10.3-2021.10.win32_1.0.0.202111181127/tools/bin/../lib/gcc/arm-none-eabi/10.3.1/thumb/v6-m/nofp\libgcc.a(subsf3.o)
                0x0000000008000e64                __aeabi_fsub
 .text          0x00000000080011c0       0x40 c:/st/stm32cubeide_1.9.0/stm32cubeide/plugins/com.st.stm32cube.ide.mcu.externaltools.gnu-tools-for-stm32.10.3-2021.10.win32_1.0.0.202111181127/tools/bin/../lib/gcc/arm-none-eabi/10.3.1/thumb/v6-m/nofp\libgcc.a(fixsfsi.o)
                0x00000000080011c0                __aeabi_f2iz
 .text          0x0000000008001200       0x9c c:/st/stm32cubeide_1.9.0/stm32cubeide/plugins/com.st.stm32cube.ide.mcu.externaltools.gnu-tools-for-stm32.10.3-2021.10.win32_1.0.0.202111181127/tools/bin/../lib/gcc/arm-none-eabi/10.3.1/thumb/v6-m/nofp\libgcc.a(floatsisf.o)
                0x0000000008001200                __aeabi_i2f
 .text          0x000000000800129c       0x84 c:/st/stm32cubeide_1.9.0/stm32cubeide/plugins/com.st.stm32cube.ide.mcu.externaltools.gnu-tools-for-stm32.10.3-2021.10.win32_1.0.0.202111181127/tools/bin/../lib/gcc/arm-none-eabi/10.3.1/thumb/v6-m/nofp\libgcc.a(floatunsisf.o)
                0x000000000800129c                __aeabi_ui2f
 .text          0x0000000008001320      0x678 c:/st/stm32cubeide_1.9.0/stm32cubeide/plugins/com.st.stm32cube.ide.mcu.externaltools.gnu-tools-for-stm32.10.3-2021.10.win32_1.0.0.202111181127/tools/bin/../lib/gcc/arm-none-eabi/10.3.1/thumb/v6-m/nofp\libgcc.a(adddf3.o)
                0x0000000008001320                __aeabi_dadd
 .text          0x0000000008001998      0x5ec c:/st/stm32cubeide_1.9.0/stm32cubeide/plugins/com.st.stm32cube.ide.mcu.externaltools.gnu-tools-for-stm32.10.3-2021.10.win32_1.0.0.202111181127/tools/bin/../lib/gcc/arm-none-eabi/10.3.1/thumb/v6-m/nofp\libgcc.a(divdf3.o)
                0x0000000008001998                __aeabi_ddiv
 .text          0x0000000008001f84       0x84 c:/st/stm32cubeide_1.9.0/stm32cubeide/plugins/com.st.stm32cube.ide.mcu.externaltools.gnu-tools-for-stm32.10.3-2021.10.win32_1.0.0.202111181127/tools/bin/../lib/gcc/arm-none-eabi/10.3.1/thumb/v6-m/nofp\libgcc.a(eqdf2.o)
                0x0000000008001f84                __nedf2
                0x0000000008001f84                __eqdf2
 .text          0x0000000008002008       0xcc c:/st/stm32cubeide_1.9.0/stm32cubeide/plugins/com.st.stm32cube.ide.mcu.externaltools.gnu-tools-for-stm32.10.3-2021.10.win32_1.0.0.202111181127/tools/bin/../lib/gcc/arm-none-eabi/10.3.1/thumb/v6-m/nofp\libgcc.a(gedf2.o)
                0x0000000008002008                __gedf2
                0x0000000008002008                __gtdf2
 .text          0x00000000080020d4       0xc8 c:/st/stm32cubeide_1.9.0/stm32cubeide/plugins/com.st.stm32cube.ide.mcu.externaltools.gnu-tools-for-stm32.10.3-2021.10.win32_1.0.0.202111181127/tools/bin/../lib/gcc/arm-none-eabi/10.3.1/thumb/v6-m/nofp\libgcc.a(ledf2.o)
                0x00000000080020d4                __ledf2
                0x00000000080020d4                __ltdf2
 .text          0x000000000800219c      0x4d8 c:/st/stm32cubeide_1.9.0/stm32cubeide/plugins/com.st.stm32cube.ide.mcu.externaltools.gnu-tools-for-stm32.10.3-2021.10.win32_1.0.0.202111181127/tools/bin/../lib/gcc/arm-none-eabi/10.3.1/thumb/v6-m/nofp\libgcc.a(muldf3.o)
                0x000000000800219c                __aeabi_dmul
 .text          0x0000000008002674      0x724 c:/st/stm32cubeide_1.9.0/stm32cubeide/plugins/com.st.stm32cube.ide.mcu.externaltools.gnu-tools-for-stm32.10.3-2021.10.win32_1.0.0.202111181127/tools/bin/../lib/gcc/arm-none-eabi/10.3.1/thumb/v6-m/nofp\libgcc.a(subdf3.o)
                0x0000000008002674                __aeabi_dsub
 .text          0x0000000008002d98       0x3c c:/st/stm32cubeide_1.9.0/stm32cubeide/plugins/com.st.stm32cube.ide.mcu.externaltools.gnu-tools-for-stm32.10.3-2021.10.win32_1.0.0.202111181127/tools/bin/../lib/gcc/arm-none-eabi/10.3.1/thumb/v6-m/nofp\libgcc.a(unorddf2.o)
                0x0000000008002d98                __aeabi_dcmpun
 .text          0x0000000008002dd4       0x6c c:/st/stm32cubeide_1.9.0/stm32cubeide/plugins/com.st.stm32cube.ide.mcu.externaltools.gnu-tools-for-stm32.10.3-2021.10.win32_1.0.0.202111181127/tools/bin/../lib/gcc/arm-none-eabi/10.3.1/thumb/v6-m/nofp\libgcc.a(fixdfsi.o)
                0x0000000008002dd4                __aeabi_d2iz
 .text          0x0000000008002e40       0x60 c:/st/stm32cubeide_1.9.0/stm32cubeide/plugins/com.st.stm32cube.ide.mcu.externaltools.gnu-tools-for-stm32.10.3-2021.10.win32_1.0.0.202111181127/tools/bin/../lib/gcc/arm-none-eabi/10.3.1/thumb/v6-m/nofp\libgcc.a(floatsidf.o)
                0x0000000008002e40                __aeabi_i2d
 .text          0x0000000008002ea0       0x4c c:/st/stm32cubeide_1.9.0/stm32cubeide/plugins/com.st.stm32cube.ide.mcu.externaltools.gnu-tools-for-stm32.10.3-2021.10.win32_1.0.0.202111181127/tools/bin/../lib/gcc/arm-none-eabi/10.3.1/thumb/v6-m/nofp\libgcc.a(floatunsidf.o)
                0x0000000008002ea0                __aeabi_ui2d
 .text          0x0000000008002eec       0x90 c:/st/stm32cubeide_1.9.0/stm32cubeide/plugins/com.st.stm32cube.ide.mcu.externaltools.gnu-tools-for-stm32.10.3-2021.10.win32_1.0.0.202111181127/tools/bin/../lib/gcc/arm-none-eabi/10.3.1/thumb/v6-m/nofp\libgcc.a(extendsfdf2.o)
                0x0000000008002eec                __aeabi_f2d
 .text          0x0000000008002f7c      0x110 c:/st/stm32cubeide_1.9.0/stm32cubeide/plugins/com.st.stm32cube.ide.mcu.externaltools.gnu-tools-for-stm32.10.3-2021.10.win32_1.0.0.202111181127/tools/bin/../lib/gcc/arm-none-eabi/10.3.1/thumb/v6-m/nofp\libgcc.a(truncdfsf2.o)
                0x0000000008002f7c                __aeabi_d2f
 .text          0x000000000800308c       0x3c c:/st/stm32cubeide_1.9.0/stm32cubeide/plugins/com.st.stm32cube.ide.mcu.externaltools.gnu-tools-for-stm32.10.3-2021.10.win32_1.0.0.202111181127/tools/bin/../lib/gcc/arm-none-eabi/10.3.1/thumb/v6-m/nofp\libgcc.a(_clzsi2.o)
                0x000000000800308c                __clzsi2
 .text          0x00000000080030c8       0x18 c:/st/stm32cubeide_1.9.0/stm32cubeide/plugins/com.st.stm32cube.ide.mcu.externaltools.gnu-tools-for-stm32.10.3-2021.10.win32_1.0.0.202111181127/tools/bin/../lib/gcc/arm-none-eabi/10.3.1/thumb/v6-m/nofp\libgcc.a(_clzdi2.o)
                0x00000000080030c8                __clzdi2
 *(.text*)
 .text.__NVIC_SystemReset
                0x00000000080030e0       0x24 BOS\BOS.o
 .text.Send_BOS_Message
                0x0000000008003104       0xb4 BOS\BOS.o
                0x0000000008003104                Send_BOS_Message
 .text.LoadEEvars
                0x00000000080031b8       0x2a BOS\BOS.o
                0x00000000080031b8                LoadEEvars
 *fill*         0x00000000080031e2        0x2 
 .text.LoadROtopology
                0x00000000080031e4       0xfc BOS\BOS.o
                0x00000000080031e4                LoadROtopology
 .text.LoadEEportsDir
                0x00000000080032e0       0x68 BOS\BOS.o
                0x00000000080032e0                LoadEEportsDir
 .text.LoadEEalias
                0x0000000008003348       0xd8 BOS\BOS.o
                0x0000000008003348                LoadEEalias
 .text.LoadEEgroup
                0x0000000008003420      0x120 BOS\BOS.o
                0x0000000008003420                LoadEEgroup
 .text.LoadEEstreams
                0x0000000008003540      0x21c BOS\BOS.o
                0x0000000008003540                LoadEEstreams
 .text.LoadEEparams
                0x000000000800375c      0x260 BOS\BOS.o
                0x000000000800375c                LoadEEparams
 .text.LoadEEbuttons
                0x00000000080039bc      0x2ec BOS\BOS.o
                0x00000000080039bc                LoadEEbuttons
 .text.LoadROsnippets
                0x0000000008003ca8      0x1d8 BOS\BOS.o
                0x0000000008003ca8                LoadROsnippets
 .text.SaveEEportsDir
                0x0000000008003e80       0x78 BOS\BOS.o
                0x0000000008003e80                SaveEEportsDir
 .text.SaveEEalias
                0x0000000008003ef8       0xd4 BOS\BOS.o
                0x0000000008003ef8                SaveEEalias
 .text.SaveEEstreams
                0x0000000008003fcc       0xdc BOS\BOS.o
                0x0000000008003fcc                SaveEEstreams
 .text.SaveEEparams
                0x00000000080040a8       0xf8 BOS\BOS.o
                0x00000000080040a8                SaveEEparams
 .text.ClearEEportsDir
                0x00000000080041a0       0x84 BOS\BOS.o
                0x00000000080041a0                ClearEEportsDir
 .text.EE_FormatForFactoryReset
                0x0000000008004224       0x2c BOS\BOS.o
                0x0000000008004224                EE_FormatForFactoryReset
 .text.IsLowerCLIbaud
                0x0000000008004250       0xe8 BOS\BOS.o
                0x0000000008004250                IsLowerCLIbaud
 .text.IsModuleParameter
                0x0000000008004338       0x64 BOS\BOS.o
                0x0000000008004338                IsModuleParameter
 .text.IsMathOperator
                0x000000000800439c       0xc4 BOS\BOS.o
                0x000000000800439c                IsMathOperator
 .text.BOS_Init
                0x0000000008004460      0x130 BOS\BOS.o
                0x0000000008004460                BOS_Init
 .text.Module_Init
                0x0000000008004590       0x1e BOS\BOS.o
                0x0000000008004590                Module_Init
 *fill*         0x00000000080045ae        0x2 
 .text.ExploreNeighbors
                0x00000000080045b0       0x90 BOS\BOS.o
                0x00000000080045b0                ExploreNeighbors
 .text.FindBroadcastRoutes
                0x0000000008004640      0x3b0 BOS\BOS.o
                0x0000000008004640                FindBroadcastRoutes
 .text.FindRoute
                0x00000000080049f0      0x2dc BOS\BOS.o
                0x00000000080049f0                FindRoute
 .text.minArr   0x0000000008004ccc       0x88 BOS\BOS.o
                0x0000000008004ccc                minArr
 .text.QnotEmpty
                0x0000000008004d54       0x50 BOS\BOS.o
                0x0000000008004d54                QnotEmpty
 .text.DisplayTopology
                0x0000000008004da4      0x258 BOS\BOS.o
                0x0000000008004da4                DisplayTopology
 .text.DisplayPortsDir
                0x0000000008004ffc      0x118 BOS\BOS.o
                0x0000000008004ffc                DisplayPortsDir
 .text.DisplayModuleStatus
                0x0000000008005114      0x3c0 BOS\BOS.o
                0x0000000008005114                DisplayModuleStatus
 .text.GetID    0x00000000080054d4      0x15c BOS\BOS.o
                0x00000000080054d4                GetID
 .text.NameModule
                0x0000000008005630      0x140 BOS\BOS.o
                0x0000000008005630                NameModule
 .text.AddModuleToGroup
                0x0000000008005770      0x1b8 BOS\BOS.o
                0x0000000008005770                AddModuleToGroup
 .text.WriteToRemote
                0x0000000008005928      0x460 BOS\BOS.o
                0x0000000008005928                WriteToRemote
 .text.GetDateString
                0x0000000008005d88       0x5c BOS\BOS.o
                0x0000000008005d88                GetDateString
 .text.Bridge   0x0000000008005de4       0x4c BOS\BOS.o
                0x0000000008005de4                Bridge
 .text.Unbridge
                0x0000000008005e30       0xcc BOS\BOS.o
                0x0000000008005e30                Unbridge
 .text.prvCLITask
                0x0000000008005efc      0x24c BOS\BOS_CLI.o
                0x0000000008005efc                prvCLITask
 .text.CLI_CommandParser
                0x0000000008006148      0x574 BOS\BOS_CLI.o
                0x0000000008006148                CLI_CommandParser
 .text.StringToLowerCase
                0x00000000080066bc       0x6c BOS\BOS_CLI.o
                0x00000000080066bc                StringToLowerCase
 .text.AddSnippet
                0x0000000008006728      0x1b4 BOS\BOS_CLI.o
                0x0000000008006728                AddSnippet
 .text.ParseSnippetCondition
                0x00000000080068dc      0x7f8 BOS\BOS_CLI.o
                0x00000000080068dc                ParseSnippetCondition
 .text.ParseSnippetCommand
                0x00000000080070d4       0xc8 BOS\BOS_CLI.o
                0x00000000080070d4                ParseSnippetCommand
 .text.CheckSnippetCondition
                0x000000000800719c      0x1b4 BOS\BOS_CLI.o
                0x000000000800719c                CheckSnippetCondition
 .text.ExecuteSnippet
                0x0000000008007350       0xd0 BOS\BOS_CLI.o
                0x0000000008007350                ExecuteSnippet
 .text.__NVIC_SystemReset
                0x0000000008007420       0x24 BOS\BOS_CLIcommands.o
 .text.RegisterUserCLICommands
                0x0000000008007444        0xa BOS\BOS_CLIcommands.o
                0x0000000008007444                RegisterUserCLICommands
 *fill*         0x000000000800744e        0x2 
 .text.vRegisterCLICommands
                0x0000000008007450      0x1b0 BOS\BOS_CLIcommands.o
                0x0000000008007450                vRegisterCLICommands
 .text.prvTaskStatsCommand
                0x0000000008007600       0x40 BOS\BOS_CLIcommands.o
 .text.prvRunTimeStatsCommand
                0x0000000008007640       0x40 BOS\BOS_CLIcommands.o
 .text.pingCommand
                0x0000000008007680       0x98 BOS\BOS_CLIcommands.o
 .text.bootloaderUpdateCommand
                0x0000000008007718      0x1fc BOS\BOS_CLIcommands.o
 .text.exploreCommand
                0x0000000008007914       0x16 BOS\BOS_CLIcommands.o
 .text.resetCommand
                0x000000000800792a       0x10 BOS\BOS_CLIcommands.o
 *fill*         0x000000000800793a        0x2 
 .text.nameCommand
                0x000000000800793c       0xe8 BOS\BOS_CLIcommands.o
 .text.groupCommand
                0x0000000008007a24      0x2fc BOS\BOS_CLIcommands.o
 .text.statusCommand
                0x0000000008007d20       0x1c BOS\BOS_CLIcommands.o
 .text.infoCommand
                0x0000000008007d3c       0xfc BOS\BOS_CLIcommands.o
 .text.scastCommand
                0x0000000008007e38      0x2dc BOS\BOS_CLIcommands.o
 .text.addbuttonCommand
                0x0000000008008114      0x150 BOS\BOS_CLIcommands.o
 .text.removebuttonCommand
                0x0000000008008264       0x94 BOS\BOS_CLIcommands.o
 .text.setCommand
                0x00000000080082f8      0xbf8 BOS\BOS_CLIcommands.o
 .text.getCommand
                0x0000000008008ef0      0x3b4 BOS\BOS_CLIcommands.o
 .text.defaultCommand
                0x00000000080092a4       0xf8 BOS\BOS_CLIcommands.o
 .text.timeCommand
                0x000000000800939c       0xd8 BOS\BOS_CLIcommands.o
 .text.dateCommand
                0x0000000008009474       0x34 BOS\BOS_CLIcommands.o
 .text.setBaudrateCommand
                0x00000000080094a8       0xc0 BOS\BOS_CLIcommands.o
 .text.uuidCommand
                0x0000000008009568       0x70 BOS\BOS_CLIcommands.o
 .text.idcodeCommand
                0x00000000080095d8       0xe0 BOS\BOS_CLIcommands.o
 .text.flashsizeCommand
                0x00000000080096b8       0x34 BOS\BOS_CLIcommands.o
 .text.snipCommand
                0x00000000080096ec      0x3ac BOS\BOS_CLIcommands.o
 .text.actSnipCommand
                0x0000000008009a98       0xb8 BOS\BOS_CLIcommands.o
 .text.pauseSnipCommand
                0x0000000008009b50       0xb8 BOS\BOS_CLIcommands.o
 .text.delSnipCommand
                0x0000000008009c08      0x1d4 BOS\BOS_CLIcommands.o
 .text.bridgeCommand
                0x0000000008009ddc      0x11c BOS\BOS_CLIcommands.o
 .text.unbridgeCommand
                0x0000000008009ef8      0x11c BOS\BOS_CLIcommands.o
 .text.testportCommand
                0x000000000800a014      0x2e8 BOS\BOS_CLIcommands.o
 .text.ADCReadCommand
                0x000000000800a2fc      0x134 BOS\BOS_CLIcommands.o
 .text.ReadTempCommand
                0x000000000800a430       0x54 BOS\BOS_CLIcommands.o
 .text.ReadVrefCommand
                0x000000000800a484       0x54 BOS\BOS_CLIcommands.o
 .text.GetReadPrecentageCommand
                0x000000000800a4d8       0x98 BOS\BOS_CLIcommands.o
 .text.StartDMAstream
                0x000000000800a570       0xb0 BOS\BOS_dma.o
                0x000000000800a570                StartDMAstream
 .text.ResetUartORE
                0x000000000800a620       0x54 BOS\BOS_dma.o
                0x000000000800a620                ResetUartORE
 .text.MX_FREERTOS_Init
                0x000000000800a674      0x260 BOS\BOS_freertos.o
                0x000000000800a674                MX_FREERTOS_Init
 .text.StartDefaultTask
                0x000000000800a8d4       0xc8 BOS\BOS_freertos.o
                0x000000000800a8d4                StartDefaultTask
 .text.ExecuteMonitor
                0x000000000800a99c      0x4c8 BOS\BOS_freertos.o
                0x000000000800a99c                ExecuteMonitor
 .text.vMainConfigureTimerForRunTimeStats
                0x000000000800ae64       0x2c BOS\BOS_freertos.o
                0x000000000800ae64                vMainConfigureTimerForRunTimeStats
 .text.ulMainGetRunTimeCounterValue
                0x000000000800ae90       0x90 BOS\BOS_freertos.o
                0x000000000800ae90                ulMainGetRunTimeCounterValue
 .text.SetupDMAStreams
                0x000000000800af20      0x27c BOS\BOS_messaging.o
                0x000000000800af20                SetupDMAStreams
 .text.StreamTimerCallback
                0x000000000800b19c       0x34 BOS\BOS_messaging.o
                0x000000000800b19c                StreamTimerCallback
 .text.ForwardReceivedMessage
                0x000000000800b1d0       0x80 BOS\BOS_messaging.o
                0x000000000800b1d0                ForwardReceivedMessage
 .text.BroadcastReceivedMessage
                0x000000000800b250       0x70 BOS\BOS_messaging.o
                0x000000000800b250                BroadcastReceivedMessage
 .text.NotifyMessagingTask
                0x000000000800b2c0       0xa4 BOS\BOS_messaging.o
                0x000000000800b2c0                NotifyMessagingTask
 .text.BroadcastMessage
                0x000000000800b364       0x94 BOS\BOS_messaging.o
                0x000000000800b364                BroadcastMessage
 .text.SendMessageToModule
                0x000000000800b3f8       0xa4 BOS\BOS_messaging.o
                0x000000000800b3f8                SendMessageToModule
 .text.SendMessageFromPort
                0x000000000800b49c      0x694 BOS\BOS_messaging.o
                0x000000000800b49c                SendMessageFromPort
 .text.StartScastDMAStream
                0x000000000800bb30      0x30c BOS\BOS_messaging.o
                0x000000000800bb30                StartScastDMAStream
 .text.__NVIC_SystemReset
                0x000000000800be3c       0x24 BOS\BOS_msgparser.o
 .text.BackEndTask
                0x000000000800be60      0x350 BOS\BOS_msgparser.o
                0x000000000800be60                BackEndTask
 .text.PxMessagingTask
                0x000000000800c1b0     0x4614 BOS\BOS_msgparser.o
                0x000000000800c1b0                PxMessagingTask
 .text.User_MessagingParser
                0x00000000080107c4       0x3a BOS\BOS_msgparser.o
                0x00000000080107c4                User_MessagingParser
 *fill*         0x00000000080107fe        0x2 
 .text.SystemClock_Config
                0x0000000008010800      0x188 H01R0\H01R0.o
                0x0000000008010800                SystemClock_Config
 .text.SaveToRO
                0x0000000008010988      0x414 H01R0\H01R0.o
                0x0000000008010988                SaveToRO
 .text.ClearROtopology
                0x0000000008010d9c       0x38 H01R0\H01R0.o
                0x0000000008010d9c                ClearROtopology
 .text.remoteBootloaderUpdate
                0x0000000008010dd4      0x178 H01R0\H01R0.o
                0x0000000008010dd4                remoteBootloaderUpdate
 .text.SetupPortForRemoteBootloaderUpdate
                0x0000000008010f4c       0x52 H01R0\H01R0.o
                0x0000000008010f4c                SetupPortForRemoteBootloaderUpdate
 *fill*         0x0000000008010f9e        0x2 
 .text.Module_Peripheral_Init
                0x0000000008010fa0       0x90 H01R0\H01R0.o
                0x0000000008010fa0                Module_Peripheral_Init
 .text.Module_MessagingTask
                0x0000000008011030      0x85c H01R0\H01R0.o
                0x0000000008011030                Module_MessagingTask
 .text.GetPort  0x000000000801188c       0x80 H01R0\H01R0.o
                0x000000000801188c                GetPort
 .text.RGBledTask
                0x000000000801190c       0xb4 H01R0\H01R0.o
                0x000000000801190c                RGBledTask
 .text.RegisterModuleCLICommands
                0x00000000080119c0       0x84 H01R0\H01R0.o
                0x00000000080119c0                RegisterModuleCLICommands
 .text.RGB_LED_on
                0x0000000008011a44       0x88 H01R0\H01R0.o
                0x0000000008011a44                RGB_LED_on
 .text.RGB_LED_off
                0x0000000008011acc       0x74 H01R0\H01R0.o
                0x0000000008011acc                RGB_LED_off
 .text.RGB_LED_toggle
                0x0000000008011b40       0x4c H01R0\H01R0.o
                0x0000000008011b40                RGB_LED_toggle
 .text.RGB_LED_setRGB
                0x0000000008011b8c       0x64 H01R0\H01R0.o
                0x0000000008011b8c                RGB_LED_setRGB
 .text.RGB_LED_setColor
                0x0000000008011bf0      0x118 H01R0\H01R0.o
                0x0000000008011bf0                RGB_LED_setColor
 .text.RGB_LED_pulseRGB
                0x0000000008011d08       0x84 H01R0\H01R0.o
                0x0000000008011d08                RGB_LED_pulseRGB
 .text.RGB_LED_pulseColor
                0x0000000008011d8c       0x60 H01R0\H01R0.o
                0x0000000008011d8c                RGB_LED_pulseColor
 .text.RGB_LED_sweep
                0x0000000008011dec       0x60 H01R0\H01R0.o
                0x0000000008011dec                RGB_LED_sweep
 .text.RGB_LED_dim
                0x0000000008011e4c       0x7c H01R0\H01R0.o
                0x0000000008011e4c                RGB_LED_dim
 .text.startPWM
                0x0000000008011ec8      0x1ec H01R0\H01R0.o
                0x0000000008011ec8                startPWM
 .text.RGBpulse
                0x00000000080120b4       0xd8 H01R0\H01R0.o
                0x00000000080120b4                RGBpulse
 .text.RGBsweepBasic
                0x000000000801218c       0xd0 H01R0\H01R0.o
                0x000000000801218c                RGBsweepBasic
 .text.RGBsweepFine
                0x000000000801225c      0x248 H01R0\H01R0.o
                0x000000000801225c                RGBsweepFine
 .text.RGBdim   0x00000000080124a4      0x478 H01R0\H01R0.o
                0x00000000080124a4                RGBdim
 .text.demoCommand
                0x000000000801291c       0xec H01R0\H01R0.o
                0x000000000801291c                demoCommand
 .text.onCommand
                0x0000000008012a08       0x98 H01R0\H01R0.o
                0x0000000008012a08                onCommand
 .text.offCommand
                0x0000000008012aa0       0x2c H01R0\H01R0.o
                0x0000000008012aa0                offCommand
 .text.colorCommand
                0x0000000008012acc      0x20c H01R0\H01R0.o
                0x0000000008012acc                colorCommand
 .text.RGBCommand
                0x0000000008012cd8      0x184 H01R0\H01R0.o
                0x0000000008012cd8                RGBCommand
 .text.toggleCommand
                0x0000000008012e5c       0xcc H01R0\H01R0.o
                0x0000000008012e5c                toggleCommand
 .text.pulseColorCommand
                0x0000000008012f28      0x26c H01R0\H01R0.o
                0x0000000008012f28                pulseColorCommand
 .text.pulseRGBCommand
                0x0000000008013194      0x1fc H01R0\H01R0.o
                0x0000000008013194                pulseRGBCommand
 .text.sweepCommand
                0x0000000008013390      0x174 H01R0\H01R0.o
                0x0000000008013390                sweepCommand
 .text.dimCommand
                0x0000000008013504      0x3c8 H01R0\H01R0.o
                0x0000000008013504                dimCommand
 .text.DMA_Init
                0x00000000080138cc        0xa H01R0\H01R0_dma.o
                0x00000000080138cc                DMA_Init
 .text.DMA_MSG_RX_CH_Init
                0x00000000080138d6       0x4c H01R0\H01R0_dma.o
                0x00000000080138d6                DMA_MSG_RX_CH_Init
 .text.DMA_STREAM_CH_Init
                0x0000000008013922       0x4c H01R0\H01R0_dma.o
                0x0000000008013922                DMA_STREAM_CH_Init
 *fill*         0x000000000801396e        0x2 
 .text.SetupMessagingRxDMAs
                0x0000000008013970       0xb8 H01R0\H01R0_dma.o
                0x0000000008013970                SetupMessagingRxDMAs
 .text.DMA_MSG_RX_Setup
                0x0000000008013a28       0x30 H01R0\H01R0_dma.o
                0x0000000008013a28                DMA_MSG_RX_Setup
 .text.DMA_MSG_TX_UnSetup
                0x0000000008013a58       0x28 H01R0\H01R0_dma.o
                0x0000000008013a58                DMA_MSG_TX_UnSetup
 .text.DMA_STREAM_Setup
                0x0000000008013a80       0x5c H01R0\H01R0_dma.o
                0x0000000008013a80                DMA_STREAM_Setup
 .text.StopStreamDMA
                0x0000000008013adc       0x60 H01R0\H01R0_dma.o
                0x0000000008013adc                StopStreamDMA
 .text.StopMsgDMA
                0x0000000008013b3c       0x3c H01R0\H01R0_dma.o
                0x0000000008013b3c                StopMsgDMA
 .text.SwitchMsgDMAToStream
                0x0000000008013b78       0x50 H01R0\H01R0_dma.o
                0x0000000008013b78                SwitchMsgDMAToStream
 .text.SwitchStreamDMAToMsg
                0x0000000008013bc8       0xc4 H01R0\H01R0_dma.o
                0x0000000008013bc8                SwitchStreamDMAToMsg
 .text.SetupDMAInterrupts
                0x0000000008013c8c      0x118 H01R0\H01R0_dma.o
                0x0000000008013c8c                SetupDMAInterrupts
 .text.UnSetupDMAInterrupts
                0x0000000008013da4       0xe4 H01R0\H01R0_dma.o
                0x0000000008013da4                UnSetupDMAInterrupts
 .text.RemapAndLinkDMAtoUARTRx
                0x0000000008013e88       0x12 H01R0\H01R0_dma.o
                0x0000000008013e88                RemapAndLinkDMAtoUARTRx
 *fill*         0x0000000008013e9a        0x2 
 .text.CRC_Init
                0x0000000008013e9c       0x44 H01R0\H01R0_dma.o
                0x0000000008013e9c                CRC_Init
 .text.HAL_CRC_MspInit
                0x0000000008013ee0       0x30 H01R0\H01R0_dma.o
                0x0000000008013ee0                HAL_CRC_MspInit
 .text.CalculateCRC8
                0x0000000008013f10      0x154 H01R0\H01R0_dma.o
                0x0000000008013f10                CalculateCRC8
 .text.EE_Init  0x0000000008014064      0x684 H01R0\H01R0_eeprom.o
                0x0000000008014064                EE_Init
 .text.EE_ReadVariable
                0x00000000080146e8       0xc0 H01R0\H01R0_eeprom.o
                0x00000000080146e8                EE_ReadVariable
 .text.EE_WriteVariable
                0x00000000080147a8       0x64 H01R0\H01R0_eeprom.o
                0x00000000080147a8                EE_WriteVariable
 .text.EE_Format
                0x000000000801480c      0x14c H01R0\H01R0_eeprom.o
                0x000000000801480c                EE_Format
 .text.EE_FindValidPage
                0x0000000008014958       0x90 H01R0\H01R0_eeprom.o
 .text.EE_VerifyPageFullWriteVariable
                0x00000000080149e8      0x160 H01R0\H01R0_eeprom.o
 .text.EE_PageTransfer
                0x0000000008014b48      0x20c H01R0\H01R0_eeprom.o
 .text.EraseSector
                0x0000000008014d54       0x60 H01R0\H01R0_eeprom.o
                0x0000000008014d54                EraseSector
 .text.GPIO_Init
                0x0000000008014db4       0x90 H01R0\H01R0_gpio.o
                0x0000000008014db4                GPIO_Init
 .text.IND_LED_Init
                0x0000000008014e44       0x38 H01R0\H01R0_gpio.o
                0x0000000008014e44                IND_LED_Init
 .text.IsFactoryReset
                0x0000000008014e7c      0x15c H01R0\H01R0_gpio.o
                0x0000000008014e7c                IsFactoryReset
 .text.GetPortGPIOs
                0x0000000008014fd8      0x144 H01R0\H01R0_gpio.o
                0x0000000008014fd8                GetPortGPIOs
 .text.buttonPressedCallback
                0x000000000801511c       0x14 H01R0\H01R0_inputs.o
                0x000000000801511c                buttonPressedCallback
 .text.CheckAttachedButtons
                0x0000000008015130      0x7ac H01R0\H01R0_inputs.o
                0x0000000008015130                CheckAttachedButtons
 .text.CheckForTimedButtonPress
                0x00000000080158dc       0xfc H01R0\H01R0_inputs.o
                0x00000000080158dc                CheckForTimedButtonPress
 .text.CheckForTimedButtonRelease
                0x00000000080159d8       0xfc H01R0\H01R0_inputs.o
                0x00000000080159d8                CheckForTimedButtonRelease
 .text.AddPortButton
                0x0000000008015ad4      0x268 H01R0\H01R0_inputs.o
                0x0000000008015ad4                AddPortButton
 .text.RemovePortButton
                0x0000000008015d3c      0x208 H01R0\H01R0_inputs.o
                0x0000000008015d3c                RemovePortButton
 .text.SetButtonEvents
                0x0000000008015f44      0x77c H01R0\H01R0_inputs.o
                0x0000000008015f44                SetButtonEvents
 .text.MX_ADC_Init
                0x00000000080166c0       0x88 H01R0\H01R0_inputs.o
                0x00000000080166c0                MX_ADC_Init
 .text.HAL_ADC_MspInit
                0x0000000008016748       0x84 H01R0\H01R0_inputs.o
                0x0000000008016748                HAL_ADC_MspInit
 .text.ADCSelectChannel
                0x00000000080167cc       0xa0 H01R0\H01R0_inputs.o
                0x00000000080167cc                ADCSelectChannel
 .text.ReadADCChannel
                0x000000000801686c      0x10c H01R0\H01R0_inputs.o
                0x000000000801686c                ReadADCChannel
 .text.ReadTempAndVref
                0x0000000008016978      0x1f0 H01R0\H01R0_inputs.o
                0x0000000008016978                ReadTempAndVref
 .text.GetReadPrecentage
                0x0000000008016b68      0x220 H01R0\H01R0_inputs.o
                0x0000000008016b68                GetReadPrecentage
 .text.Get_channel
                0x0000000008016d88       0x8c H01R0\H01R0_inputs.o
                0x0000000008016d88                Get_channel
 .text.Error_Handler
                0x0000000008016e14       0x10 H01R0\H01R0_inputs.o
                0x0000000008016e14                Error_Handler
 .text.Get_Rank
                0x0000000008016e24       0x84 H01R0\H01R0_inputs.o
                0x0000000008016e24                Get_Rank
 .text.buttonReleasedCallback
                0x0000000008016ea8       0x14 H01R0\H01R0_inputs.o
                0x0000000008016ea8                buttonReleasedCallback
 .text.buttonClickedCallback
                0x0000000008016ebc       0x14 H01R0\H01R0_inputs.o
                0x0000000008016ebc                buttonClickedCallback
 .text.buttonDblClickedCallback
                0x0000000008016ed0       0x14 H01R0\H01R0_inputs.o
                0x0000000008016ed0                buttonDblClickedCallback
 .text.buttonPressedForXCallback
                0x0000000008016ee4       0x1a H01R0\H01R0_inputs.o
                0x0000000008016ee4                buttonPressedForXCallback
 .text.buttonReleasedForYCallback
                0x0000000008016efe       0x1a H01R0\H01R0_inputs.o
                0x0000000008016efe                buttonReleasedForYCallback
 .text.__NVIC_SystemReset
                0x0000000008016f18       0x24 H01R0\H01R0_it.o
 .text.SysTick_Handler
                0x0000000008016f3c       0x12 H01R0\H01R0_it.o
                0x0000000008016f3c                SysTick_Handler
 *fill*         0x0000000008016f4e        0x2 
 .text.HardFault_Handler
                0x0000000008016f50       0x40 H01R0\H01R0_it.o
                0x0000000008016f50                HardFault_Handler
 .text.USART1_IRQHandler
                0x0000000008016f90       0x30 H01R0\H01R0_it.o
                0x0000000008016f90                USART1_IRQHandler
 .text.USART2_LPUART2_IRQHandler
                0x0000000008016fc0       0x30 H01R0\H01R0_it.o
                0x0000000008016fc0                USART2_LPUART2_IRQHandler
 .text.USART3_4_5_6_LPUART1_IRQHandler
                0x0000000008016ff0       0x54 H01R0\H01R0_it.o
                0x0000000008016ff0                USART3_4_5_6_LPUART1_IRQHandler
 .text.HAL_UART_TxCpltCallback
                0x0000000008017044       0x48 H01R0\H01R0_it.o
                0x0000000008017044                HAL_UART_TxCpltCallback
 .text.HAL_UART_ErrorCallback
                0x000000000801708c       0x78 H01R0\H01R0_it.o
                0x000000000801708c                HAL_UART_ErrorCallback
 .text.HAL_UART_RxCpltCallback
                0x0000000008017104      0x334 H01R0\H01R0_it.o
                0x0000000008017104                HAL_UART_RxCpltCallback
 .text.vApplicationStackOverflowHook
                0x0000000008017438       0x44 H01R0\H01R0_it.o
                0x0000000008017438                vApplicationStackOverflowHook
 .text.vApplicationMallocFailedHook
                0x000000000801747c       0x40 H01R0\H01R0_it.o
                0x000000000801747c                vApplicationMallocFailedHook
 .text.RTC_Init
                0x00000000080174bc       0xc4 H01R0\H01R0_rtc.o
                0x00000000080174bc                RTC_Init
 .text.RTC_CalendarConfig
                0x0000000008017580      0x18c H01R0\H01R0_rtc.o
                0x0000000008017580                RTC_CalendarConfig
 .text.BOS_CalendarConfig
                0x000000000801770c      0x128 H01R0\H01R0_rtc.o
                0x000000000801770c                BOS_CalendarConfig
 .text.GetTimeDate
                0x0000000008017834       0x90 H01R0\H01R0_rtc.o
                0x0000000008017834                GetTimeDate
 .text.TIM_USEC_Init
                0x00000000080178c4       0x74 H01R0\H01R0_timers.o
                0x00000000080178c4                TIM_USEC_Init
 .text.MX_TIM1_Init
                0x0000000008017938      0x194 H01R0\H01R0_timers.o
                0x0000000008017938                MX_TIM1_Init
 .text.MX_TIM2_Init
                0x0000000008017acc       0xec H01R0\H01R0_timers.o
                0x0000000008017acc                MX_TIM2_Init
 .text.HAL_TIM_MspPostInit
                0x0000000008017bb8       0xd4 H01R0\H01R0_timers.o
                0x0000000008017bb8                HAL_TIM_MspPostInit
 .text.TIM_MSEC_Init
                0x0000000008017c8c       0x78 H01R0\H01R0_timers.o
                0x0000000008017c8c                TIM_MSEC_Init
 .text.StartMicroDelay
                0x0000000008017d04       0x48 H01R0\H01R0_timers.o
                0x0000000008017d04                StartMicroDelay
 .text.StartMilliDelay
                0x0000000008017d4c       0x48 H01R0\H01R0_timers.o
                0x0000000008017d4c                StartMilliDelay
 .text.MX_USART1_UART_Init
                0x0000000008017d94       0x58 H01R0\H01R0_uart.o
                0x0000000008017d94                MX_USART1_UART_Init
 .text.MX_USART2_UART_Init
                0x0000000008017dec       0x58 H01R0\H01R0_uart.o
                0x0000000008017dec                MX_USART2_UART_Init
 .text.MX_USART3_UART_Init
                0x0000000008017e44       0x58 H01R0\H01R0_uart.o
                0x0000000008017e44                MX_USART3_UART_Init
 .text.MX_USART4_UART_Init
                0x0000000008017e9c       0x58 H01R0\H01R0_uart.o
                0x0000000008017e9c                MX_USART4_UART_Init
 .text.MX_USART5_UART_Init
                0x0000000008017ef4       0x58 H01R0\H01R0_uart.o
                0x0000000008017ef4                MX_USART5_UART_Init
 .text.MX_USART6_UART_Init
                0x0000000008017f4c       0x58 H01R0\H01R0_uart.o
                0x0000000008017f4c                MX_USART6_UART_Init
 .text.HAL_UART_MspInit
                0x0000000008017fa4      0x3b0 H01R0\H01R0_uart.o
                0x0000000008017fa4                HAL_UART_MspInit
 .text.writePxMutex
                0x0000000008018354       0xac H01R0\H01R0_uart.o
                0x0000000008018354                writePxMutex
 .text.writePxITMutex
                0x0000000008018400       0x78 H01R0\H01R0_uart.o
                0x0000000008018400                writePxITMutex
 .text.UpdateBaudrate
                0x0000000008018478       0x3e H01R0\H01R0_uart.o
                0x0000000008018478                UpdateBaudrate
 *fill*         0x00000000080184b6        0x2 
 .text.GetUart  0x00000000080184b8       0x5c H01R0\H01R0_uart.o
                0x00000000080184b8                GetUart
 .text.SwapUartPins
                0x0000000008018514       0xd0 H01R0\H01R0_uart.o
                0x0000000008018514                SwapUartPins
 .text.ReadPortsDir
                0x00000000080185e4       0xa8 H01R0\H01R0_uart.o
                0x00000000080185e4                ReadPortsDir
 .text.ReadPortsDirMSG
                0x000000000801868c       0x80 H01R0\H01R0_uart.o
                0x000000000801868c                ReadPortsDirMSG
 .text.UpdateMyPortsDir
                0x000000000801870c       0x84 H01R0\H01R0_uart.o
                0x000000000801870c                UpdateMyPortsDir
 .text.Reset_Handler
                0x0000000008018790       0x90 H01R0\startup_stm32g0b1ceuxn.o
                0x0000000008018790                Reset_Handler
 .text.Default_Handler
                0x0000000008018820        0x2 H01R0\startup_stm32g0b1ceuxn.o
                0x0000000008018820                I2C2_3_IRQHandler
                0x0000000008018820                TIM1_CC_IRQHandler
                0x0000000008018820                ADC1_COMP_IRQHandler
                0x0000000008018820                NMI_Handler
                0x0000000008018820                I2C1_IRQHandler
                0x0000000008018820                TIM7_LPTIM2_IRQHandler
                0x0000000008018820                TIM17_FDCAN_IT1_IRQHandler
                0x0000000008018820                DMA1_Ch4_7_DMA2_Ch1_5_DMAMUX1_OVR_IRQHandler
                0x0000000008018820                RCC_CRS_IRQHandler
                0x0000000008018820                RTC_TAMP_IRQHandler
                0x0000000008018820                SPI1_IRQHandler
                0x0000000008018820                USB_UCPD1_2_IRQHandler
                0x0000000008018820                EXTI2_3_IRQHandler
                0x0000000008018820                PVD_VDDIO2_IRQHandler
                0x0000000008018820                EXTI4_15_IRQHandler
                0x0000000008018820                DMA1_Channel1_IRQHandler
                0x0000000008018820                Default_Handler
                0x0000000008018820                CEC_IRQHandler
                0x0000000008018820                TIM14_IRQHandler
                0x0000000008018820                TIM15_IRQHandler
                0x0000000008018820                TIM3_TIM4_IRQHandler
                0x0000000008018820                EXTI0_1_IRQHandler
                0x0000000008018820                SPI2_3_IRQHandler
                0x0000000008018820                TIM6_DAC_LPTIM1_IRQHandler
                0x0000000008018820                WWDG_IRQHandler
                0x0000000008018820                TIM2_IRQHandler
                0x0000000008018820                DMA1_Channel2_3_IRQHandler
                0x0000000008018820                FLASH_IRQHandler
                0x0000000008018820                TIM16_FDCAN_IT0_IRQHandler
                0x0000000008018820                TIM1_BRK_UP_TRG_COM_IRQHandler
 .text.SystemInit
                0x0000000008018822        0xa Thirdparty\CMSIS\STM32G0xx\Device\ST\STM32G0xx\Source\Templates\system_stm32g0xx.o
                0x0000000008018822                SystemInit
 .text.inHandlerMode
                0x000000000801882c       0x1c Thirdparty\Middleware\STM32G0xx\FreeRTOS\Source\CMSIS_RTOS\cmsis_os.o
 .text.osKernelStart
                0x0000000008018848       0x10 Thirdparty\Middleware\STM32G0xx\FreeRTOS\Source\CMSIS_RTOS\cmsis_os.o
                0x0000000008018848                osKernelStart
 .text.osDelay  0x0000000008018858       0x28 Thirdparty\Middleware\STM32G0xx\FreeRTOS\Source\CMSIS_RTOS\cmsis_os.o
                0x0000000008018858                osDelay
 .text.osSemaphoreCreate
                0x0000000008018880       0x4a Thirdparty\Middleware\STM32G0xx\FreeRTOS\Source\CMSIS_RTOS\cmsis_os.o
                0x0000000008018880                osSemaphoreCreate
 *fill*         0x00000000080188ca        0x2 
 .text.osSemaphoreWait
                0x00000000080188cc       0x94 Thirdparty\Middleware\STM32G0xx\FreeRTOS\Source\CMSIS_RTOS\cmsis_os.o
                0x00000000080188cc                osSemaphoreWait
 .text.osSemaphoreRelease
                0x0000000008018960       0x64 Thirdparty\Middleware\STM32G0xx\FreeRTOS\Source\CMSIS_RTOS\cmsis_os.o
                0x0000000008018960                osSemaphoreRelease
 .text.osSystickHandler
                0x00000000080189c4       0x18 Thirdparty\Middleware\STM32G0xx\FreeRTOS\Source\CMSIS_RTOS\cmsis_os.o
                0x00000000080189c4                osSystickHandler
 .text.FreeRTOS_CLIRegisterCommand
                0x00000000080189dc       0x50 Thirdparty\Middleware\STM32G0xx\FreeRTOS\Source\FreeRTOS_CLI.o
                0x00000000080189dc                FreeRTOS_CLIRegisterCommand
 .text.FreeRTOS_CLIProcessCommand
                0x0000000008018a2c      0x11c Thirdparty\Middleware\STM32G0xx\FreeRTOS\Source\FreeRTOS_CLI.o
                0x0000000008018a2c                FreeRTOS_CLIProcessCommand
 .text.FreeRTOS_CLIGetOutputBuffer
                0x0000000008018b48       0x10 Thirdparty\Middleware\STM32G0xx\FreeRTOS\Source\FreeRTOS_CLI.o
                0x0000000008018b48                FreeRTOS_CLIGetOutputBuffer
 .text.FreeRTOS_CLIGetParameter
                0x0000000008018b58       0xbc Thirdparty\Middleware\STM32G0xx\FreeRTOS\Source\FreeRTOS_CLI.o
                0x0000000008018b58                FreeRTOS_CLIGetParameter
 .text.prvHelpCommand
                0x0000000008018c14      0x154 Thirdparty\Middleware\STM32G0xx\FreeRTOS\Source\FreeRTOS_CLI.o
 .text.prvGetNumberOfParameters
                0x0000000008018d68       0x7a Thirdparty\Middleware\STM32G0xx\FreeRTOS\Source\FreeRTOS_CLI.o
 .text.vListInitialise
                0x0000000008018de2       0x3c Thirdparty\Middleware\STM32G0xx\FreeRTOS\Source\list.o
                0x0000000008018de2                vListInitialise
 .text.vListInitialiseItem
                0x0000000008018e1e       0x16 Thirdparty\Middleware\STM32G0xx\FreeRTOS\Source\list.o
                0x0000000008018e1e                vListInitialiseItem
 .text.vListInsertEnd
                0x0000000008018e34       0x44 Thirdparty\Middleware\STM32G0xx\FreeRTOS\Source\list.o
                0x0000000008018e34                vListInsertEnd
 .text.vListInsert
                0x0000000008018e78       0x6c Thirdparty\Middleware\STM32G0xx\FreeRTOS\Source\list.o
                0x0000000008018e78                vListInsert
 .text.uxListRemove
                0x0000000008018ee4       0x50 Thirdparty\Middleware\STM32G0xx\FreeRTOS\Source\list.o
                0x0000000008018ee4                uxListRemove
 .text.pxPortInitialiseStack
                0x0000000008018f34       0x54 Thirdparty\Middleware\STM32G0xx\FreeRTOS\Source\portable\GCC\ARM_CM0\port.o
                0x0000000008018f34                pxPortInitialiseStack
 .text.prvTaskExitError
                0x0000000008018f88       0x1e Thirdparty\Middleware\STM32G0xx\FreeRTOS\Source\portable\GCC\ARM_CM0\port.o
 .text.SVC_Handler
                0x0000000008018fa6        0xa Thirdparty\Middleware\STM32G0xx\FreeRTOS\Source\portable\GCC\ARM_CM0\port.o
                0x0000000008018fa6                SVC_Handler
 .text.vPortStartFirstTask
                0x0000000008018fb0       0x38 Thirdparty\Middleware\STM32G0xx\FreeRTOS\Source\portable\GCC\ARM_CM0\port.o
 .text.xPortStartScheduler
                0x0000000008018fe8       0x48 Thirdparty\Middleware\STM32G0xx\FreeRTOS\Source\portable\GCC\ARM_CM0\port.o
                0x0000000008018fe8                xPortStartScheduler
 .text.vPortYield
                0x0000000008019030       0x20 Thirdparty\Middleware\STM32G0xx\FreeRTOS\Source\portable\GCC\ARM_CM0\port.o
                0x0000000008019030                vPortYield
 .text.vPortEnterCritical
                0x0000000008019050       0x24 Thirdparty\Middleware\STM32G0xx\FreeRTOS\Source\portable\GCC\ARM_CM0\port.o
                0x0000000008019050                vPortEnterCritical
 .text.vPortExitCritical
                0x0000000008019074       0x24 Thirdparty\Middleware\STM32G0xx\FreeRTOS\Source\portable\GCC\ARM_CM0\port.o
                0x0000000008019074                vPortExitCritical
 .text.ulSetInterruptMaskFromISR
                0x0000000008019098        0xc Thirdparty\Middleware\STM32G0xx\FreeRTOS\Source\portable\GCC\ARM_CM0\port.o
                0x0000000008019098                ulSetInterruptMaskFromISR
 .text.vClearInterruptMaskFromISR
                0x00000000080190a4        0x8 Thirdparty\Middleware\STM32G0xx\FreeRTOS\Source\portable\GCC\ARM_CM0\port.o
                0x00000000080190a4                vClearInterruptMaskFromISR
 *fill*         0x00000000080190ac        0x4 
 .text.PendSV_Handler
                0x00000000080190b0       0x48 Thirdparty\Middleware\STM32G0xx\FreeRTOS\Source\portable\GCC\ARM_CM0\port.o
                0x00000000080190b0                PendSV_Handler
 .text.xPortSysTickHandler
                0x00000000080190f8       0x34 Thirdparty\Middleware\STM32G0xx\FreeRTOS\Source\portable\GCC\ARM_CM0\port.o
                0x00000000080190f8                xPortSysTickHandler
 .text.vPortSetupTimerInterrupt
                0x000000000801912c       0x44 Thirdparty\Middleware\STM32G0xx\FreeRTOS\Source\portable\GCC\ARM_CM0\port.o
                0x000000000801912c                vPortSetupTimerInterrupt
 .text.pvPortMalloc
                0x0000000008019170      0x140 Thirdparty\Middleware\STM32G0xx\FreeRTOS\Source\portable\MemMang\heap_4.o
                0x0000000008019170                pvPortMalloc
 .text.vPortFree
                0x00000000080192b0       0x80 Thirdparty\Middleware\STM32G0xx\FreeRTOS\Source\portable\MemMang\heap_4.o
                0x00000000080192b0                vPortFree
 .text.prvHeapInit
                0x0000000008019330       0xc0 Thirdparty\Middleware\STM32G0xx\FreeRTOS\Source\portable\MemMang\heap_4.o
 .text.prvInsertBlockIntoFreeList
                0x00000000080193f0       0xb0 Thirdparty\Middleware\STM32G0xx\FreeRTOS\Source\portable\MemMang\heap_4.o
 .text.xQueueGenericReset
                0x00000000080194a0       0x9e Thirdparty\Middleware\STM32G0xx\FreeRTOS\Source\queue.o
                0x00000000080194a0                xQueueGenericReset
 .text.xQueueGenericCreate
                0x000000000801953e       0x52 Thirdparty\Middleware\STM32G0xx\FreeRTOS\Source\queue.o
                0x000000000801953e                xQueueGenericCreate
 .text.prvInitialiseNewQueue
                0x0000000008019590       0x4e Thirdparty\Middleware\STM32G0xx\FreeRTOS\Source\queue.o
 .text.xQueueCreateCountingSemaphore
                0x00000000080195de       0x30 Thirdparty\Middleware\STM32G0xx\FreeRTOS\Source\queue.o
                0x00000000080195de                xQueueCreateCountingSemaphore
 .text.xQueueGenericSend
                0x000000000801960e      0x12a Thirdparty\Middleware\STM32G0xx\FreeRTOS\Source\queue.o
                0x000000000801960e                xQueueGenericSend
 .text.xQueueGenericSendFromISR
                0x0000000008019738       0xa6 Thirdparty\Middleware\STM32G0xx\FreeRTOS\Source\queue.o
                0x0000000008019738                xQueueGenericSendFromISR
 .text.xQueueGiveFromISR
                0x00000000080197de       0x96 Thirdparty\Middleware\STM32G0xx\FreeRTOS\Source\queue.o
                0x00000000080197de                xQueueGiveFromISR
 .text.xQueueReceive
                0x0000000008019874      0x128 Thirdparty\Middleware\STM32G0xx\FreeRTOS\Source\queue.o
                0x0000000008019874                xQueueReceive
 .text.xQueueSemaphoreTake
                0x000000000801999c      0x178 Thirdparty\Middleware\STM32G0xx\FreeRTOS\Source\queue.o
                0x000000000801999c                xQueueSemaphoreTake
 .text.xQueueReceiveFromISR
                0x0000000008019b14       0xa0 Thirdparty\Middleware\STM32G0xx\FreeRTOS\Source\queue.o
                0x0000000008019b14                xQueueReceiveFromISR
 .text.prvGetDisinheritPriorityAfterTimeout
                0x0000000008019bb4       0x2c Thirdparty\Middleware\STM32G0xx\FreeRTOS\Source\queue.o
 .text.prvCopyDataToQueue
                0x0000000008019be0       0xd6 Thirdparty\Middleware\STM32G0xx\FreeRTOS\Source\queue.o
 .text.prvCopyDataFromQueue
                0x0000000008019cb6       0x4c Thirdparty\Middleware\STM32G0xx\FreeRTOS\Source\queue.o
 .text.prvUnlockQueue
                0x0000000008019d02       0xbc Thirdparty\Middleware\STM32G0xx\FreeRTOS\Source\queue.o
 .text.prvIsQueueEmpty
                0x0000000008019dbe       0x2c Thirdparty\Middleware\STM32G0xx\FreeRTOS\Source\queue.o
 .text.prvIsQueueFull
                0x0000000008019dea       0x30 Thirdparty\Middleware\STM32G0xx\FreeRTOS\Source\queue.o
 *fill*         0x0000000008019e1a        0x2 
 .text.vQueueAddToRegistry
                0x0000000008019e1c       0x50 Thirdparty\Middleware\STM32G0xx\FreeRTOS\Source\queue.o
                0x0000000008019e1c                vQueueAddToRegistry
 .text.vQueueWaitForMessageRestricted
                0x0000000008019e6c       0x66 Thirdparty\Middleware\STM32G0xx\FreeRTOS\Source\queue.o
                0x0000000008019e6c                vQueueWaitForMessageRestricted
 .text.xTaskCreate
                0x0000000008019ed2       0x90 Thirdparty\Middleware\STM32G0xx\FreeRTOS\Source\tasks.o
                0x0000000008019ed2                xTaskCreate
 *fill*         0x0000000008019f62        0x2 
 .text.prvInitialiseNewTask
                0x0000000008019f64      0x10c Thirdparty\Middleware\STM32G0xx\FreeRTOS\Source\tasks.o
 .text.prvAddNewTaskToReadyList
                0x000000000801a070       0xd0 Thirdparty\Middleware\STM32G0xx\FreeRTOS\Source\tasks.o
 .text.vTaskDelay
                0x000000000801a140       0x3a Thirdparty\Middleware\STM32G0xx\FreeRTOS\Source\tasks.o
                0x000000000801a140                vTaskDelay
 *fill*         0x000000000801a17a        0x2 
 .text.eTaskGetState
                0x000000000801a17c       0xd0 Thirdparty\Middleware\STM32G0xx\FreeRTOS\Source\tasks.o
                0x000000000801a17c                eTaskGetState
 .text.uxTaskPriorityGet
                0x000000000801a24c       0x34 Thirdparty\Middleware\STM32G0xx\FreeRTOS\Source\tasks.o
                0x000000000801a24c                uxTaskPriorityGet
 .text.vTaskPrioritySet
                0x000000000801a280      0x110 Thirdparty\Middleware\STM32G0xx\FreeRTOS\Source\tasks.o
                0x000000000801a280                vTaskPrioritySet
 .text.vTaskStartScheduler
                0x000000000801a390       0x74 Thirdparty\Middleware\STM32G0xx\FreeRTOS\Source\tasks.o
                0x000000000801a390                vTaskStartScheduler
 .text.vTaskSuspendAll
                0x000000000801a404       0x18 Thirdparty\Middleware\STM32G0xx\FreeRTOS\Source\tasks.o
                0x000000000801a404                vTaskSuspendAll
 .text.xTaskResumeAll
                0x000000000801a41c      0x10c Thirdparty\Middleware\STM32G0xx\FreeRTOS\Source\tasks.o
                0x000000000801a41c                xTaskResumeAll
 .text.xTaskGetTickCount
                0x000000000801a528       0x1c Thirdparty\Middleware\STM32G0xx\FreeRTOS\Source\tasks.o
                0x000000000801a528                xTaskGetTickCount
 .text.xTaskGetTickCountFromISR
                0x000000000801a544       0x20 Thirdparty\Middleware\STM32G0xx\FreeRTOS\Source\tasks.o
                0x000000000801a544                xTaskGetTickCountFromISR
 .text.uxTaskGetSystemState
                0x000000000801a564      0x120 Thirdparty\Middleware\STM32G0xx\FreeRTOS\Source\tasks.o
                0x000000000801a564                uxTaskGetSystemState
 .text.xTaskIncrementTick
                0x000000000801a684      0x150 Thirdparty\Middleware\STM32G0xx\FreeRTOS\Source\tasks.o
                0x000000000801a684                xTaskIncrementTick
 .text.vTaskSwitchContext
                0x000000000801a7d4      0x124 Thirdparty\Middleware\STM32G0xx\FreeRTOS\Source\tasks.o
                0x000000000801a7d4                vTaskSwitchContext
 .text.vTaskPlaceOnEventList
                0x000000000801a8f8       0x34 Thirdparty\Middleware\STM32G0xx\FreeRTOS\Source\tasks.o
                0x000000000801a8f8                vTaskPlaceOnEventList
 .text.vTaskPlaceOnEventListRestricted
                0x000000000801a92c       0x44 Thirdparty\Middleware\STM32G0xx\FreeRTOS\Source\tasks.o
                0x000000000801a92c                vTaskPlaceOnEventListRestricted
 .text.xTaskRemoveFromEventList
                0x000000000801a970       0xb0 Thirdparty\Middleware\STM32G0xx\FreeRTOS\Source\tasks.o
                0x000000000801a970                xTaskRemoveFromEventList
 .text.vTaskInternalSetTimeOutState
                0x000000000801aa20       0x28 Thirdparty\Middleware\STM32G0xx\FreeRTOS\Source\tasks.o
                0x000000000801aa20                vTaskInternalSetTimeOutState
 .text.xTaskCheckForTimeOut
                0x000000000801aa48       0x8c Thirdparty\Middleware\STM32G0xx\FreeRTOS\Source\tasks.o
                0x000000000801aa48                xTaskCheckForTimeOut
 .text.vTaskMissedYield
                0x000000000801aad4       0x14 Thirdparty\Middleware\STM32G0xx\FreeRTOS\Source\tasks.o
                0x000000000801aad4                vTaskMissedYield
 .text.prvIdleTask
                0x000000000801aae8       0x20 Thirdparty\Middleware\STM32G0xx\FreeRTOS\Source\tasks.o
 .text.prvInitialiseTaskLists
                0x000000000801ab08       0x88 Thirdparty\Middleware\STM32G0xx\FreeRTOS\Source\tasks.o
 .text.prvCheckTasksWaitingTermination
                0x000000000801ab90       0x5c Thirdparty\Middleware\STM32G0xx\FreeRTOS\Source\tasks.o
 .text.vTaskGetInfo
                0x000000000801abec       0xd8 Thirdparty\Middleware\STM32G0xx\FreeRTOS\Source\tasks.o
                0x000000000801abec                vTaskGetInfo
 .text.prvListTasksWithinSingleList
                0x000000000801acc4       0xa6 Thirdparty\Middleware\STM32G0xx\FreeRTOS\Source\tasks.o
 .text.prvTaskCheckFreeStackSpace
                0x000000000801ad6a       0x34 Thirdparty\Middleware\STM32G0xx\FreeRTOS\Source\tasks.o
 .text.prvDeleteTCB
                0x000000000801ad9e       0x22 Thirdparty\Middleware\STM32G0xx\FreeRTOS\Source\tasks.o
 .text.prvResetNextTaskUnblockTime
                0x000000000801adc0       0x3c Thirdparty\Middleware\STM32G0xx\FreeRTOS\Source\tasks.o
 .text.xTaskGetSchedulerState
                0x000000000801adfc       0x38 Thirdparty\Middleware\STM32G0xx\FreeRTOS\Source\tasks.o
                0x000000000801adfc                xTaskGetSchedulerState
 .text.xTaskPriorityInherit
                0x000000000801ae34       0xd0 Thirdparty\Middleware\STM32G0xx\FreeRTOS\Source\tasks.o
                0x000000000801ae34                xTaskPriorityInherit
 .text.xTaskPriorityDisinherit
                0x000000000801af04       0x98 Thirdparty\Middleware\STM32G0xx\FreeRTOS\Source\tasks.o
                0x000000000801af04                xTaskPriorityDisinherit
 .text.vTaskPriorityDisinheritAfterTimeout
                0x000000000801af9c       0xc0 Thirdparty\Middleware\STM32G0xx\FreeRTOS\Source\tasks.o
                0x000000000801af9c                vTaskPriorityDisinheritAfterTimeout
 .text.prvWriteNameToBuffer
                0x000000000801b05c       0x52 Thirdparty\Middleware\STM32G0xx\FreeRTOS\Source\tasks.o
 *fill*         0x000000000801b0ae        0x2 
 .text.vTaskList
                0x000000000801b0b0      0x14c Thirdparty\Middleware\STM32G0xx\FreeRTOS\Source\tasks.o
                0x000000000801b0b0                vTaskList
 .text.vTaskGetRunTimeStats
                0x000000000801b1fc      0x118 Thirdparty\Middleware\STM32G0xx\FreeRTOS\Source\tasks.o
                0x000000000801b1fc                vTaskGetRunTimeStats
 .text.pvTaskIncrementMutexHeldCount
                0x000000000801b314       0x24 Thirdparty\Middleware\STM32G0xx\FreeRTOS\Source\tasks.o
                0x000000000801b314                pvTaskIncrementMutexHeldCount
 .text.ulTaskNotifyTake
                0x000000000801b338       0x84 Thirdparty\Middleware\STM32G0xx\FreeRTOS\Source\tasks.o
                0x000000000801b338                ulTaskNotifyTake
 .text.xTaskGenericNotify
                0x000000000801b3bc      0x104 Thirdparty\Middleware\STM32G0xx\FreeRTOS\Source\tasks.o
                0x000000000801b3bc                xTaskGenericNotify
 .text.xTaskGenericNotifyFromISR
                0x000000000801b4c0      0x140 Thirdparty\Middleware\STM32G0xx\FreeRTOS\Source\tasks.o
                0x000000000801b4c0                xTaskGenericNotifyFromISR
 .text.prvAddCurrentTaskToDelayedList
                0x000000000801b600       0xa8 Thirdparty\Middleware\STM32G0xx\FreeRTOS\Source\tasks.o
 .text.xTimerCreateTimerTask
                0x000000000801b6a8       0x4c Thirdparty\Middleware\STM32G0xx\FreeRTOS\Source\timers.o
                0x000000000801b6a8                xTimerCreateTimerTask
 .text.xTimerCreate
                0x000000000801b6f4       0x46 Thirdparty\Middleware\STM32G0xx\FreeRTOS\Source\timers.o
                0x000000000801b6f4                xTimerCreate
 .text.prvInitialiseNewTimer
                0x000000000801b73a       0x5a Thirdparty\Middleware\STM32G0xx\FreeRTOS\Source\timers.o
 .text.xTimerGenericCommand
                0x000000000801b794       0x8c Thirdparty\Middleware\STM32G0xx\FreeRTOS\Source\timers.o
                0x000000000801b794                xTimerGenericCommand
 .text.prvProcessExpiredTimer
                0x000000000801b820       0x80 Thirdparty\Middleware\STM32G0xx\FreeRTOS\Source\timers.o
 .text.prvTimerTask
                0x000000000801b8a0       0x28 Thirdparty\Middleware\STM32G0xx\FreeRTOS\Source\timers.o
 .text.prvProcessTimerOrBlockTask
                0x000000000801b8c8       0x90 Thirdparty\Middleware\STM32G0xx\FreeRTOS\Source\timers.o
 .text.prvGetNextExpireTime
                0x000000000801b958       0x44 Thirdparty\Middleware\STM32G0xx\FreeRTOS\Source\timers.o
 .text.prvSampleTimeNow
                0x000000000801b99c       0x40 Thirdparty\Middleware\STM32G0xx\FreeRTOS\Source\timers.o
 .text.prvInsertTimerInActiveList
                0x000000000801b9dc       0x84 Thirdparty\Middleware\STM32G0xx\FreeRTOS\Source\timers.o
 .text.prvProcessReceivedCommands
                0x000000000801ba60      0x16c Thirdparty\Middleware\STM32G0xx\FreeRTOS\Source\timers.o
 .text.prvSwitchTimerLists
                0x000000000801bbcc       0xb0 Thirdparty\Middleware\STM32G0xx\FreeRTOS\Source\timers.o
 .text.prvCheckForValidListAndQueue
                0x000000000801bc7c       0x74 Thirdparty\Middleware\STM32G0xx\FreeRTOS\Source\timers.o
 .text.pvTimerGetTimerID
                0x000000000801bcf0       0x24 Thirdparty\Middleware\STM32G0xx\FreeRTOS\Source\timers.o
                0x000000000801bcf0                pvTimerGetTimerID
 .text.HAL_Init
                0x000000000801bd14       0x40 Thirdparty\STM32G0xx_HAL_Driver\Src\stm32g0xx_hal.o
                0x000000000801bd14                HAL_Init
 .text.HAL_InitTick
                0x000000000801bd54       0x94 Thirdparty\STM32G0xx_HAL_Driver\Src\stm32g0xx_hal.o
                0x000000000801bd54                HAL_InitTick
 .text.HAL_IncTick
                0x000000000801bde8       0x24 Thirdparty\STM32G0xx_HAL_Driver\Src\stm32g0xx_hal.o
                0x000000000801bde8                HAL_IncTick
 .text.HAL_GetTick
                0x000000000801be0c       0x14 Thirdparty\STM32G0xx_HAL_Driver\Src\stm32g0xx_hal.o
                0x000000000801be0c                HAL_GetTick
 .text.HAL_Delay
                0x000000000801be20       0x48 Thirdparty\STM32G0xx_HAL_Driver\Src\stm32g0xx_hal.o
                0x000000000801be20                HAL_Delay
 .text.HAL_GetREVID
                0x000000000801be68       0x18 Thirdparty\STM32G0xx_HAL_Driver\Src\stm32g0xx_hal.o
                0x000000000801be68                HAL_GetREVID
 .text.HAL_GetDEVID
                0x000000000801be80       0x18 Thirdparty\STM32G0xx_HAL_Driver\Src\stm32g0xx_hal.o
                0x000000000801be80                HAL_GetDEVID
 .text.LL_ADC_SetCommonPathInternalCh
                0x000000000801be98       0x28 Thirdparty\STM32G0xx_HAL_Driver\Src\stm32g0xx_hal_adc.o
 .text.LL_ADC_GetCommonPathInternalCh
                0x000000000801bec0       0x1a Thirdparty\STM32G0xx_HAL_Driver\Src\stm32g0xx_hal_adc.o
 .text.LL_ADC_SetSamplingTimeCommonChannels
                0x000000000801beda       0x3a Thirdparty\STM32G0xx_HAL_Driver\Src\stm32g0xx_hal_adc.o
 .text.LL_ADC_GetSamplingTimeCommonChannels
                0x000000000801bf14       0x2e Thirdparty\STM32G0xx_HAL_Driver\Src\stm32g0xx_hal_adc.o
 .text.LL_ADC_REG_IsTriggerSourceSWStart
                0x000000000801bf42       0x22 Thirdparty\STM32G0xx_HAL_Driver\Src\stm32g0xx_hal_adc.o
 .text.LL_ADC_REG_SetSequencerRanks
                0x000000000801bf64       0x40 Thirdparty\STM32G0xx_HAL_Driver\Src\stm32g0xx_hal_adc.o
 .text.LL_ADC_REG_SetSequencerChAdd
                0x000000000801bfa4       0x22 Thirdparty\STM32G0xx_HAL_Driver\Src\stm32g0xx_hal_adc.o
 .text.LL_ADC_REG_SetSequencerChRem
                0x000000000801bfc6       0x24 Thirdparty\STM32G0xx_HAL_Driver\Src\stm32g0xx_hal_adc.o
 *fill*         0x000000000801bfea        0x2 
 .text.LL_ADC_SetChannelSamplingTime
                0x000000000801bfec       0x38 Thirdparty\STM32G0xx_HAL_Driver\Src\stm32g0xx_hal_adc.o
 .text.LL_ADC_EnableInternalRegulator
                0x000000000801c024       0x28 Thirdparty\STM32G0xx_HAL_Driver\Src\stm32g0xx_hal_adc.o
 .text.LL_ADC_IsInternalRegulatorEnabled
                0x000000000801c04c       0x28 Thirdparty\STM32G0xx_HAL_Driver\Src\stm32g0xx_hal_adc.o
 .text.LL_ADC_Enable
                0x000000000801c074       0x24 Thirdparty\STM32G0xx_HAL_Driver\Src\stm32g0xx_hal_adc.o
 .text.LL_ADC_Disable
                0x000000000801c098       0x24 Thirdparty\STM32G0xx_HAL_Driver\Src\stm32g0xx_hal_adc.o
 .text.LL_ADC_IsEnabled
                0x000000000801c0bc       0x22 Thirdparty\STM32G0xx_HAL_Driver\Src\stm32g0xx_hal_adc.o
 .text.LL_ADC_IsDisableOngoing
                0x000000000801c0de       0x22 Thirdparty\STM32G0xx_HAL_Driver\Src\stm32g0xx_hal_adc.o
 .text.LL_ADC_REG_StartConversion
                0x000000000801c100       0x24 Thirdparty\STM32G0xx_HAL_Driver\Src\stm32g0xx_hal_adc.o
 .text.LL_ADC_REG_StopConversion
                0x000000000801c124       0x24 Thirdparty\STM32G0xx_HAL_Driver\Src\stm32g0xx_hal_adc.o
 .text.LL_ADC_REG_IsConversionOngoing
                0x000000000801c148       0x22 Thirdparty\STM32G0xx_HAL_Driver\Src\stm32g0xx_hal_adc.o
 *fill*         0x000000000801c16a        0x2 
 .text.HAL_ADC_Init
                0x000000000801c16c      0x350 Thirdparty\STM32G0xx_HAL_Driver\Src\stm32g0xx_hal_adc.o
                0x000000000801c16c                HAL_ADC_Init
 .text.HAL_ADC_Start
                0x000000000801c4bc       0x9c Thirdparty\STM32G0xx_HAL_Driver\Src\stm32g0xx_hal_adc.o
                0x000000000801c4bc                HAL_ADC_Start
 .text.HAL_ADC_Stop
                0x000000000801c558       0x78 Thirdparty\STM32G0xx_HAL_Driver\Src\stm32g0xx_hal_adc.o
                0x000000000801c558                HAL_ADC_Stop
 .text.HAL_ADC_PollForConversion
                0x000000000801c5d0      0x128 Thirdparty\STM32G0xx_HAL_Driver\Src\stm32g0xx_hal_adc.o
                0x000000000801c5d0                HAL_ADC_PollForConversion
 .text.HAL_ADC_GetValue
                0x000000000801c6f8       0x16 Thirdparty\STM32G0xx_HAL_Driver\Src\stm32g0xx_hal_adc.o
                0x000000000801c6f8                HAL_ADC_GetValue
 *fill*         0x000000000801c70e        0x2 
 .text.HAL_ADC_ConfigChannel
                0x000000000801c710      0x3b0 Thirdparty\STM32G0xx_HAL_Driver\Src\stm32g0xx_hal_adc.o
                0x000000000801c710                HAL_ADC_ConfigChannel
 .text.ADC_ConversionStop
                0x000000000801cac0       0x84 Thirdparty\STM32G0xx_HAL_Driver\Src\stm32g0xx_hal_adc.o
                0x000000000801cac0                ADC_ConversionStop
 .text.ADC_Enable
                0x000000000801cb44      0x10c Thirdparty\STM32G0xx_HAL_Driver\Src\stm32g0xx_hal_adc.o
                0x000000000801cb44                ADC_Enable
 .text.ADC_Disable
                0x000000000801cc50       0xbc Thirdparty\STM32G0xx_HAL_Driver\Src\stm32g0xx_hal_adc.o
                0x000000000801cc50                ADC_Disable
 .text.__NVIC_EnableIRQ
                0x000000000801cd0c       0x34 Thirdparty\STM32G0xx_HAL_Driver\Src\stm32g0xx_hal_cortex.o
 .text.__NVIC_DisableIRQ
                0x000000000801cd40       0x44 Thirdparty\STM32G0xx_HAL_Driver\Src\stm32g0xx_hal_cortex.o
 .text.__NVIC_SetPriority
                0x000000000801cd84       0xdc Thirdparty\STM32G0xx_HAL_Driver\Src\stm32g0xx_hal_cortex.o
 .text.SysTick_Config
                0x000000000801ce60       0x48 Thirdparty\STM32G0xx_HAL_Driver\Src\stm32g0xx_hal_cortex.o
 .text.HAL_NVIC_SetPriority
                0x000000000801cea8       0x2a Thirdparty\STM32G0xx_HAL_Driver\Src\stm32g0xx_hal_cortex.o
                0x000000000801cea8                HAL_NVIC_SetPriority
 .text.HAL_NVIC_EnableIRQ
                0x000000000801ced2       0x20 Thirdparty\STM32G0xx_HAL_Driver\Src\stm32g0xx_hal_cortex.o
                0x000000000801ced2                HAL_NVIC_EnableIRQ
 .text.HAL_NVIC_DisableIRQ
                0x000000000801cef2       0x20 Thirdparty\STM32G0xx_HAL_Driver\Src\stm32g0xx_hal_cortex.o
                0x000000000801cef2                HAL_NVIC_DisableIRQ
 .text.HAL_SYSTICK_Config
                0x000000000801cf12       0x1a Thirdparty\STM32G0xx_HAL_Driver\Src\stm32g0xx_hal_cortex.o
                0x000000000801cf12                HAL_SYSTICK_Config
 .text.HAL_SYSTICK_CLKSourceConfig
                0x000000000801cf2c       0x34 Thirdparty\STM32G0xx_HAL_Driver\Src\stm32g0xx_hal_cortex.o
                0x000000000801cf2c                HAL_SYSTICK_CLKSourceConfig
 .text.HAL_CRC_Init
                0x000000000801cf60       0xcc Thirdparty\STM32G0xx_HAL_Driver\Src\stm32g0xx_hal_crc.o
                0x000000000801cf60                HAL_CRC_Init
 .text.HAL_CRC_Accumulate
                0x000000000801d02c       0x8e Thirdparty\STM32G0xx_HAL_Driver\Src\stm32g0xx_hal_crc.o
                0x000000000801d02c                HAL_CRC_Accumulate
 .text.HAL_CRC_Calculate
                0x000000000801d0ba       0x9e Thirdparty\STM32G0xx_HAL_Driver\Src\stm32g0xx_hal_crc.o
                0x000000000801d0ba                HAL_CRC_Calculate
 .text.CRC_Handle_8
                0x000000000801d158      0x122 Thirdparty\STM32G0xx_HAL_Driver\Src\stm32g0xx_hal_crc.o
 .text.CRC_Handle_16
                0x000000000801d27a       0x6e Thirdparty\STM32G0xx_HAL_Driver\Src\stm32g0xx_hal_crc.o
 .text.HAL_CRCEx_Polynomial_Set
                0x000000000801d2e8       0xda Thirdparty\STM32G0xx_HAL_Driver\Src\stm32g0xx_hal_crc_ex.o
                0x000000000801d2e8                HAL_CRCEx_Polynomial_Set
 *fill*         0x000000000801d3c2        0x2 
 .text.HAL_DMA_Init
                0x000000000801d3c4      0x158 Thirdparty\STM32G0xx_HAL_Driver\Src\stm32g0xx_hal_dma.o
                0x000000000801d3c4                HAL_DMA_Init
 .text.HAL_DMA_Start_IT
                0x000000000801d51c      0x10c Thirdparty\STM32G0xx_HAL_Driver\Src\stm32g0xx_hal_dma.o
                0x000000000801d51c                HAL_DMA_Start_IT
 .text.HAL_DMA_Abort
                0x000000000801d628       0xc0 Thirdparty\STM32G0xx_HAL_Driver\Src\stm32g0xx_hal_dma.o
                0x000000000801d628                HAL_DMA_Abort
 .text.HAL_DMA_Abort_IT
                0x000000000801d6e8       0xd0 Thirdparty\STM32G0xx_HAL_Driver\Src\stm32g0xx_hal_dma.o
                0x000000000801d6e8                HAL_DMA_Abort_IT
 .text.DMA_SetConfig
                0x000000000801d7b8       0x78 Thirdparty\STM32G0xx_HAL_Driver\Src\stm32g0xx_hal_dma.o
 .text.DMA_CalcDMAMUXChannelBaseAndMask
                0x000000000801d830       0x94 Thirdparty\STM32G0xx_HAL_Driver\Src\stm32g0xx_hal_dma.o
 .text.DMA_CalcDMAMUXRequestGenBaseAndMask
                0x000000000801d8c4       0x48 Thirdparty\STM32G0xx_HAL_Driver\Src\stm32g0xx_hal_dma.o
 .text.HAL_FLASH_Program
                0x000000000801d90c       0x9c Thirdparty\STM32G0xx_HAL_Driver\Src\stm32g0xx_hal_flash.o
                0x000000000801d90c                HAL_FLASH_Program
 .text.HAL_FLASH_Unlock
                0x000000000801d9a8       0x48 Thirdparty\STM32G0xx_HAL_Driver\Src\stm32g0xx_hal_flash.o
                0x000000000801d9a8                HAL_FLASH_Unlock
 .text.HAL_FLASH_Lock
                0x000000000801d9f0       0x38 Thirdparty\STM32G0xx_HAL_Driver\Src\stm32g0xx_hal_flash.o
                0x000000000801d9f0                HAL_FLASH_Lock
 .text.FLASH_WaitForLastOperation
                0x000000000801da28       0x9c Thirdparty\STM32G0xx_HAL_Driver\Src\stm32g0xx_hal_flash.o
                0x000000000801da28                FLASH_WaitForLastOperation
 .text.FLASH_Program_DoubleWord
                0x000000000801dac4       0x40 Thirdparty\STM32G0xx_HAL_Driver\Src\stm32g0xx_hal_flash.o
 .text.HAL_FLASHEx_Erase
                0x000000000801db04       0xe0 Thirdparty\STM32G0xx_HAL_Driver\Src\stm32g0xx_hal_flash_ex.o
                0x000000000801db04                HAL_FLASHEx_Erase
 .text.FLASH_MassErase
                0x000000000801dbe4       0x28 Thirdparty\STM32G0xx_HAL_Driver\Src\stm32g0xx_hal_flash_ex.o
 .text.FLASH_PageErase
                0x000000000801dc0c      0x198 Thirdparty\STM32G0xx_HAL_Driver\Src\stm32g0xx_hal_flash_ex.o
                0x000000000801dc0c                FLASH_PageErase
 .text.HAL_GPIO_Init
                0x000000000801dda4      0x2d8 Thirdparty\STM32G0xx_HAL_Driver\Src\stm32g0xx_hal_gpio.o
                0x000000000801dda4                HAL_GPIO_Init
 .text.HAL_GPIO_DeInit
                0x000000000801e07c      0x1b0 Thirdparty\STM32G0xx_HAL_Driver\Src\stm32g0xx_hal_gpio.o
                0x000000000801e07c                HAL_GPIO_DeInit
 .text.HAL_GPIO_ReadPin
                0x000000000801e22c       0x3a Thirdparty\STM32G0xx_HAL_Driver\Src\stm32g0xx_hal_gpio.o
                0x000000000801e22c                HAL_GPIO_ReadPin
 .text.HAL_GPIO_WritePin
                0x000000000801e266       0x3a Thirdparty\STM32G0xx_HAL_Driver\Src\stm32g0xx_hal_gpio.o
                0x000000000801e266                HAL_GPIO_WritePin
 .text.HAL_GPIO_TogglePin
                0x000000000801e2a0       0x36 Thirdparty\STM32G0xx_HAL_Driver\Src\stm32g0xx_hal_gpio.o
                0x000000000801e2a0                HAL_GPIO_TogglePin
 .text.HAL_MspInit
                0x000000000801e2d6        0xa Thirdparty\STM32G0xx_HAL_Driver\Src\stm32g0xx_hal_msp_template.o
                0x000000000801e2d6                HAL_MspInit
 .text.HAL_PWR_EnableBkUpAccess
                0x000000000801e2e0       0x1c Thirdparty\STM32G0xx_HAL_Driver\Src\stm32g0xx_hal_pwr.o
                0x000000000801e2e0                HAL_PWR_EnableBkUpAccess
 .text.HAL_PWREx_ControlVoltageScaling
                0x000000000801e2fc       0x80 Thirdparty\STM32G0xx_HAL_Driver\Src\stm32g0xx_hal_pwr_ex.o
                0x000000000801e2fc                HAL_PWREx_ControlVoltageScaling
 .text.LL_RCC_GetAPB1Prescaler
                0x000000000801e37c       0x18 Thirdparty\STM32G0xx_HAL_Driver\Src\stm32g0xx_hal_rcc.o
 .text.HAL_RCC_OscConfig
                0x000000000801e394      0x6c0 Thirdparty\STM32G0xx_HAL_Driver\Src\stm32g0xx_hal_rcc.o
                0x000000000801e394                HAL_RCC_OscConfig
 .text.HAL_RCC_ClockConfig
                0x000000000801ea54      0x210 Thirdparty\STM32G0xx_HAL_Driver\Src\stm32g0xx_hal_rcc.o
                0x000000000801ea54                HAL_RCC_ClockConfig
 .text.HAL_RCC_GetSysClockFreq
                0x000000000801ec64      0x104 Thirdparty\STM32G0xx_HAL_Driver\Src\stm32g0xx_hal_rcc.o
                0x000000000801ec64                HAL_RCC_GetSysClockFreq
 .text.HAL_RCC_GetHCLKFreq
                0x000000000801ed68       0x14 Thirdparty\STM32G0xx_HAL_Driver\Src\stm32g0xx_hal_rcc.o
                0x000000000801ed68                HAL_RCC_GetHCLKFreq
 .text.HAL_RCC_GetPCLK1Freq
                0x000000000801ed7c       0x2c Thirdparty\STM32G0xx_HAL_Driver\Src\stm32g0xx_hal_rcc.o
                0x000000000801ed7c                HAL_RCC_GetPCLK1Freq
 .text.HAL_RCCEx_PeriphCLKConfig
                0x000000000801eda8      0x478 Thirdparty\STM32G0xx_HAL_Driver\Src\stm32g0xx_hal_rcc_ex.o
                0x000000000801eda8                HAL_RCCEx_PeriphCLKConfig
 .text.HAL_RTC_Init
                0x000000000801f220      0x144 Thirdparty\STM32G0xx_HAL_Driver\Src\stm32g0xx_hal_rtc.o
                0x000000000801f220                HAL_RTC_Init
 .text.HAL_RTC_MspInit
                0x000000000801f364       0x10 Thirdparty\STM32G0xx_HAL_Driver\Src\stm32g0xx_hal_rtc.o
                0x000000000801f364                HAL_RTC_MspInit
 .text.HAL_RTC_SetTime
                0x000000000801f374      0x150 Thirdparty\STM32G0xx_HAL_Driver\Src\stm32g0xx_hal_rtc.o
                0x000000000801f374                HAL_RTC_SetTime
 .text.HAL_RTC_GetTime
                0x000000000801f4c4       0xb8 Thirdparty\STM32G0xx_HAL_Driver\Src\stm32g0xx_hal_rtc.o
                0x000000000801f4c4                HAL_RTC_GetTime
 .text.HAL_RTC_SetDate
                0x000000000801f57c      0x124 Thirdparty\STM32G0xx_HAL_Driver\Src\stm32g0xx_hal_rtc.o
                0x000000000801f57c                HAL_RTC_SetDate
 .text.HAL_RTC_GetDate
                0x000000000801f6a0       0x9c Thirdparty\STM32G0xx_HAL_Driver\Src\stm32g0xx_hal_rtc.o
                0x000000000801f6a0                HAL_RTC_GetDate
 .text.HAL_RTC_WaitForSynchro
                0x000000000801f73c       0x4e Thirdparty\STM32G0xx_HAL_Driver\Src\stm32g0xx_hal_rtc.o
                0x000000000801f73c                HAL_RTC_WaitForSynchro
 .text.RTC_EnterInitMode