Archive member included to satisfy reference by file (symbol)

c:/st/stm32cubeide_1.0.0/stm32cubeide/plugins/com.st.stm32cube.ide.mcu.externaltools.gnu-tools-for-stm32.7-2018-q2-update.win32_1.0.0.201904181610/tools/bin/../lib/gcc/arm-none-eabi/7.3.1/../../../../arm-none-eabi/lib/thumb/v6-m\libc_nano.a(lib_a-atof.o)
                              BOS/BOS_CLI.o (atof)
c:/st/stm32cubeide_1.0.0/stm32cubeide/plugins/com.st.stm32cube.ide.mcu.externaltools.gnu-tools-for-stm32.7-2018-q2-update.win32_1.0.0.201904181610/tools/bin/../lib/gcc/arm-none-eabi/7.3.1/../../../../arm-none-eabi/lib/thumb/v6-m\libc_nano.a(lib_a-atoi.o)
                              BOS/BOS.o (atoi)
c:/st/stm32cubeide_1.0.0/stm32cubeide/plugins/com.st.stm32cube.ide.mcu.externaltools.gnu-tools-for-stm32.7-2018-q2-update.win32_1.0.0.201904181610/tools/bin/../lib/gcc/arm-none-eabi/7.3.1/../../../../arm-none-eabi/lib/thumb/v6-m\libc_nano.a(lib_a-atol.o)
                              BOS/BOS.o (atol)
c:/st/stm32cubeide_1.0.0/stm32cubeide/plugins/com.st.stm32cube.ide.mcu.externaltools.gnu-tools-for-stm32.7-2018-q2-update.win32_1.0.0.201904181610/tools/bin/../lib/gcc/arm-none-eabi/7.3.1/../../../../arm-none-eabi/lib/thumb/v6-m\libc_nano.a(lib_a-exit.o)
                              c:/st/stm32cubeide_1.0.0/stm32cubeide/plugins/com.st.stm32cube.ide.mcu.externaltools.gnu-tools-for-stm32.7-2018-q2-update.win32_1.0.0.201904181610/tools/bin/../lib/gcc/arm-none-eabi/7.3.1/../../../../arm-none-eabi/lib/thumb/v6-m/crt0.o (exit)
c:/st/stm32cubeide_1.0.0/stm32cubeide/plugins/com.st.stm32cube.ide.mcu.externaltools.gnu-tools-for-stm32.7-2018-q2-update.win32_1.0.0.201904181610/tools/bin/../lib/gcc/arm-none-eabi/7.3.1/../../../../arm-none-eabi/lib/thumb/v6-m\libc_nano.a(lib_a-impure.o)
                              c:/st/stm32cubeide_1.0.0/stm32cubeide/plugins/com.st.stm32cube.ide.mcu.externaltools.gnu-tools-for-stm32.7-2018-q2-update.win32_1.0.0.201904181610/tools/bin/../lib/gcc/arm-none-eabi/7.3.1/../../../../arm-none-eabi/lib/thumb/v6-m\libc_nano.a(lib_a-exit.o) (_global_impure_ptr)
c:/st/stm32cubeide_1.0.0/stm32cubeide/plugins/com.st.stm32cube.ide.mcu.externaltools.gnu-tools-for-stm32.7-2018-q2-update.win32_1.0.0.201904181610/tools/bin/../lib/gcc/arm-none-eabi/7.3.1/../../../../arm-none-eabi/lib/thumb/v6-m\libc_nano.a(lib_a-init.o)
                              c:/st/stm32cubeide_1.0.0/stm32cubeide/plugins/com.st.stm32cube.ide.mcu.externaltools.gnu-tools-for-stm32.7-2018-q2-update.win32_1.0.0.201904181610/tools/bin/../lib/gcc/arm-none-eabi/7.3.1/../../../../arm-none-eabi/lib/thumb/v6-m/crt0.o (__libc_init_array)
c:/st/stm32cubeide_1.0.0/stm32cubeide/plugins/com.st.stm32cube.ide.mcu.externaltools.gnu-tools-for-stm32.7-2018-q2-update.win32_1.0.0.201904181610/tools/bin/../lib/gcc/arm-none-eabi/7.3.1/../../../../arm-none-eabi/lib/thumb/v6-m\libc_nano.a(lib_a-locale.o)
                              BOS/BOS_CLI.o (__locale_ctype_ptr)
c:/st/stm32cubeide_1.0.0/stm32cubeide/plugins/com.st.stm32cube.ide.mcu.externaltools.gnu-tools-for-stm32.7-2018-q2-update.win32_1.0.0.201904181610/tools/bin/../lib/gcc/arm-none-eabi/7.3.1/../../../../arm-none-eabi/lib/thumb/v6-m\libc_nano.a(lib_a-malloc.o)
                              BOS/BOS.o (malloc)
c:/st/stm32cubeide_1.0.0/stm32cubeide/plugins/com.st.stm32cube.ide.mcu.externaltools.gnu-tools-for-stm32.7-2018-q2-update.win32_1.0.0.201904181610/tools/bin/../lib/gcc/arm-none-eabi/7.3.1/../../../../arm-none-eabi/lib/thumb/v6-m\libc_nano.a(lib_a-mbtowc_r.o)
                              c:/st/stm32cubeide_1.0.0/stm32cubeide/plugins/com.st.stm32cube.ide.mcu.externaltools.gnu-tools-for-stm32.7-2018-q2-update.win32_1.0.0.201904181610/tools/bin/../lib/gcc/arm-none-eabi/7.3.1/../../../../arm-none-eabi/lib/thumb/v6-m\libc_nano.a(lib_a-locale.o) (__ascii_mbtowc)
c:/st/stm32cubeide_1.0.0/stm32cubeide/plugins/com.st.stm32cube.ide.mcu.externaltools.gnu-tools-for-stm32.7-2018-q2-update.win32_1.0.0.201904181610/tools/bin/../lib/gcc/arm-none-eabi/7.3.1/../../../../arm-none-eabi/lib/thumb/v6-m\libc_nano.a(lib_a-memcmp.o)
                              Thirdparty/Middleware/FreeRTOS/Source/tasks.o (memcmp)
c:/st/stm32cubeide_1.0.0/stm32cubeide/plugins/com.st.stm32cube.ide.mcu.externaltools.gnu-tools-for-stm32.7-2018-q2-update.win32_1.0.0.201904181610/tools/bin/../lib/gcc/arm-none-eabi/7.3.1/../../../../arm-none-eabi/lib/thumb/v6-m\libc_nano.a(lib_a-memcpy-stub.o)
                              BOS/BOS.o (memcpy)
c:/st/stm32cubeide_1.0.0/stm32cubeide/plugins/com.st.stm32cube.ide.mcu.externaltools.gnu-tools-for-stm32.7-2018-q2-update.win32_1.0.0.201904181610/tools/bin/../lib/gcc/arm-none-eabi/7.3.1/../../../../arm-none-eabi/lib/thumb/v6-m\libc_nano.a(lib_a-memset.o)
                              c:/st/stm32cubeide_1.0.0/stm32cubeide/plugins/com.st.stm32cube.ide.mcu.externaltools.gnu-tools-for-stm32.7-2018-q2-update.win32_1.0.0.201904181610/tools/bin/../lib/gcc/arm-none-eabi/7.3.1/../../../../arm-none-eabi/lib/thumb/v6-m/crt0.o (memset)
[...]
Memory Configuration

Name             Origin             Length             Attributes
RAM              0x0000000020000000 0x0000000000008000 xrw
FLASH            0x0000000008000000 0x0000000000020000 xr
*default*        0x0000000000000000 0xffffffffffffffff

Linker script and memory map

LOAD c:/st/stm32cubeide_1.0.0/stm32cubeide/plugins/com.st.stm32cube.ide.mcu.externaltools.gnu-tools-for-stm32.7-2018-q2-update.win32_1.0.0.201904181610/tools/bin/../lib/gcc/arm-none-eabi/7.3.1/thumb/v6-m/crti.o
LOAD c:/st/stm32cubeide_1.0.0/stm32cubeide/plugins/com.st.stm32cube.ide.mcu.externaltools.gnu-tools-for-stm32.7-2018-q2-update.win32_1.0.0.201904181610/tools/bin/../lib/gcc/arm-none-eabi/7.3.1/thumb/v6-m/crtbegin.o
LOAD c:/st/stm32cubeide_1.0.0/stm32cubeide/plugins/com.st.stm32cube.ide.mcu.externaltools.gnu-tools-for-stm32.7-2018-q2-update.win32_1.0.0.201904181610/tools/bin/../lib/gcc/arm-none-eabi/7.3.1/../../../../arm-none-eabi/lib/thumb/v6-m/crt0.o
LOAD BOS/BOS.o
LOAD BOS/BOS_CLI.o
LOAD BOS/BOS_dma.o
LOAD BOS/BOS_eeprom.o
LOAD BOS/BOS_freertos.o
LOAD H01R0/H01R0.o
LOAD H01R0/H01R0_dma.o
LOAD H01R0/H01R0_gpio.o
LOAD H01R0/H01R0_it.o
LOAD H01R0/H01R0_uart.o
LOAD H01R0/startup_stm32f091xc.o
LOAD Thirdparty/CMSIS/Device/ST/STM32F0xx/Source/Templates/system_stm32f0xx.o
LOAD Thirdparty/Middleware/FreeRTOS/Source/CMSIS_RTOS/cmsis_os.o
LOAD Thirdparty/Middleware/FreeRTOS/Source/FreeRTOS_CLI.o
LOAD Thirdparty/Middleware/FreeRTOS/Source/croutine.o
LOAD Thirdparty/Middleware/FreeRTOS/Source/event_groups.o
LOAD Thirdparty/Middleware/FreeRTOS/Source/list.o
LOAD Thirdparty/Middleware/FreeRTOS/Source/queue.o
LOAD Thirdparty/Middleware/FreeRTOS/Source/tasks.o
LOAD Thirdparty/Middleware/FreeRTOS/Source/timers.o
LOAD Thirdparty/Middleware/FreeRTOS/Source/portable/GCC/ARM_CM0/port.o
LOAD Thirdparty/Middleware/FreeRTOS/Source/portable/MemMang/heap_4.o
LOAD Thirdparty/STM32F0xx_HAL_Driver/Src/stm32f0xx_hal.o
LOAD Thirdparty/STM32F0xx_HAL_Driver/Src/stm32f0xx_hal_adc.o
LOAD Thirdparty/STM32F0xx_HAL_Driver/Src/stm32f0xx_hal_adc_ex.o
LOAD Thirdparty/STM32F0xx_HAL_Driver/Src/stm32f0xx_hal_can.o
LOAD Thirdparty/STM32F0xx_HAL_Driver/Src/stm32f0xx_hal_cec.o
LOAD Thirdparty/STM32F0xx_HAL_Driver/Src/stm32f0xx_hal_comp.o
LOAD Thirdparty/STM32F0xx_HAL_Driver/Src/stm32f0xx_hal_cortex.o
LOAD Thirdparty/STM32F0xx_HAL_Driver/Src/stm32f0xx_hal_crc.o
LOAD Thirdparty/STM32F0xx_HAL_Driver/Src/stm32f0xx_hal_crc_ex.o
LOAD Thirdparty/STM32F0xx_HAL_Driver/Src/stm32f0xx_hal_dac.o
LOAD Thirdparty/STM32F0xx_HAL_Driver/Src/stm32f0xx_hal_dac_ex.o
LOAD Thirdparty/STM32F0xx_HAL_Driver/Src/stm32f0xx_hal_dma.o
LOAD Thirdparty/STM32F0xx_HAL_Driver/Src/stm32f0xx_hal_flash.o
LOAD Thirdparty/STM32F0xx_HAL_Driver/Src/stm32f0xx_hal_flash_ex.o
LOAD Thirdparty/STM32F0xx_HAL_Driver/Src/stm32f0xx_hal_gpio.o
LOAD Thirdparty/STM32F0xx_HAL_Driver/Src/stm32f0xx_hal_i2c.o
LOAD Thirdparty/STM32F0xx_HAL_Driver/Src/stm32f0xx_hal_i2c_ex.o
LOAD Thirdparty/STM32F0xx_HAL_Driver/Src/stm32f0xx_hal_i2s.o
LOAD Thirdparty/STM32F0xx_HAL_Driver/Src/stm32f0xx_hal_irda.o
LOAD Thirdparty/STM32F0xx_HAL_Driver/Src/stm32f0xx_hal_iwdg.o
LOAD Thirdparty/STM32F0xx_HAL_Driver/Src/stm32f0xx_hal_msp_template.o
LOAD Thirdparty/STM32F0xx_HAL_Driver/Src/stm32f0xx_hal_pcd.o
LOAD Thirdparty/STM32F0xx_HAL_Driver/Src/stm32f0xx_hal_pcd_ex.o
LOAD Thirdparty/STM32F0xx_HAL_Driver/Src/stm32f0xx_hal_pwr.o
LOAD Thirdparty/STM32F0xx_HAL_Driver/Src/stm32f0xx_hal_pwr_ex.o
LOAD Thirdparty/STM32F0xx_HAL_Driver/Src/stm32f0xx_hal_rcc.o
LOAD Thirdparty/STM32F0xx_HAL_Driver/Src/stm32f0xx_hal_rcc_ex.o
LOAD Thirdparty/STM32F0xx_HAL_Driver/Src/stm32f0xx_hal_rtc.o
LOAD Thirdparty/STM32F0xx_HAL_Driver/Src/stm32f0xx_hal_rtc_ex.o
LOAD Thirdparty/STM32F0xx_HAL_Driver/Src/stm32f0xx_hal_smartcard.o
LOAD Thirdparty/STM32F0xx_HAL_Driver/Src/stm32f0xx_hal_smartcard_ex.o
LOAD Thirdparty/STM32F0xx_HAL_Driver/Src/stm32f0xx_hal_smbus.o
LOAD Thirdparty/STM32F0xx_HAL_Driver/Src/stm32f0xx_hal_spi.o
LOAD Thirdparty/STM32F0xx_HAL_Driver/Src/stm32f0xx_hal_spi_ex.o
LOAD Thirdparty/STM32F0xx_HAL_Driver/Src/stm32f0xx_hal_tim.o
LOAD Thirdparty/STM32F0xx_HAL_Driver/Src/stm32f0xx_hal_tim_ex.o
LOAD Thirdparty/STM32F0xx_HAL_Driver/Src/stm32f0xx_hal_tsc.o
LOAD Thirdparty/STM32F0xx_HAL_Driver/Src/stm32f0xx_hal_uart.o
LOAD Thirdparty/STM32F0xx_HAL_Driver/Src/stm32f0xx_hal_uart_ex.o
LOAD Thirdparty/STM32F0xx_HAL_Driver/Src/stm32f0xx_hal_usart.o
LOAD Thirdparty/STM32F0xx_HAL_Driver/Src/stm32f0xx_hal_wwdg.o
LOAD User/main.o
START GROUP
LOAD c:/st/stm32cubeide_1.0.0/stm32cubeide/plugins/com.st.stm32cube.ide.mcu.externaltools.gnu-tools-for-stm32.7-2018-q2-update.win32_1.0.0.201904181610/tools/bin/../lib/gcc/arm-none-eabi/7.3.1/../../../../arm-none-eabi/lib/thumb/v6-m\libc_nano.a
LOAD c:/st/stm32cubeide_1.0.0/stm32cubeide/plugins/com.st.stm32cube.ide.mcu.externaltools.gnu-tools-for-stm32.7-2018-q2-update.win32_1.0.0.201904181610/tools/bin/../lib/gcc/arm-none-eabi/7.3.1/../../../../arm-none-eabi/lib/thumb/v6-m\libm.a
END GROUP
START GROUP
LOAD c:/st/stm32cubeide_1.0.0/stm32cubeide/plugins/com.st.stm32cube.ide.mcu.externaltools.gnu-tools-for-stm32.7-2018-q2-update.win32_1.0.0.201904181610/tools/bin/../lib/gcc/arm-none-eabi/7.3.1/thumb/v6-m\libgcc.a
LOAD c:/st/stm32cubeide_1.0.0/stm32cubeide/plugins/com.st.stm32cube.ide.mcu.externaltools.gnu-tools-for-stm32.7-2018-q2-update.win32_1.0.0.201904181610/tools/bin/../lib/gcc/arm-none-eabi/7.3.1/../../../../arm-none-eabi/lib/thumb/v6-m\libc_nano.a
END GROUP
START GROUP
LOAD c:/st/stm32cubeide_1.0.0/stm32cubeide/plugins/com.st.stm32cube.ide.mcu.externaltools.gnu-tools-for-stm32.7-2018-q2-update.win32_1.0.0.201904181610/tools/bin/../lib/gcc/arm-none-eabi/7.3.1/thumb/v6-m\libgcc.a
LOAD c:/st/stm32cubeide_1.0.0/stm32cubeide/plugins/com.st.stm32cube.ide.mcu.externaltools.gnu-tools-for-stm32.7-2018-q2-update.win32_1.0.0.201904181610/tools/bin/../lib/gcc/arm-none-eabi/7.3.1/../../../../arm-none-eabi/lib/thumb/v6-m\libc_nano.a
LOAD c:/st/stm32cubeide_1.0.0/stm32cubeide/plugins/com.st.stm32cube.ide.mcu.externaltools.gnu-tools-for-stm32.7-2018-q2-update.win32_1.0.0.201904181610/tools/bin/../lib/gcc/arm-none-eabi/7.3.1/../../../../arm-none-eabi/lib/thumb/v6-m\libnosys.a
END GROUP
START GROUP
LOAD c:/st/stm32cubeide_1.0.0/stm32cubeide/plugins/com.st.stm32cube.ide.mcu.externaltools.gnu-tools-for-stm32.7-2018-q2-update.win32_1.0.0.201904181610/tools/bin/../lib/gcc/arm-none-eabi/7.3.1/thumb/v6-m\libgcc.a
LOAD c:/st/stm32cubeide_1.0.0/stm32cubeide/plugins/com.st.stm32cube.ide.mcu.externaltools.gnu-tools-for-stm32.7-2018-q2-update.win32_1.0.0.201904181610/tools/bin/../lib/gcc/arm-none-eabi/7.3.1/../../../../arm-none-eabi/lib/thumb/v6-m\libc_nano.a
LOAD c:/st/stm32cubeide_1.0.0/stm32cubeide/plugins/com.st.stm32cube.ide.mcu.externaltools.gnu-tools-for-stm32.7-2018-q2-update.win32_1.0.0.201904181610/tools/bin/../lib/gcc/arm-none-eabi/7.3.1/../../../../arm-none-eabi/lib/thumb/v6-m\libnosys.a
END GROUP
LOAD c:/st/stm32cubeide_1.0.0/stm32cubeide/plugins/com.st.stm32cube.ide.mcu.externaltools.gnu-tools-for-stm32.7-2018-q2-update.win32_1.0.0.201904181610/tools/bin/../lib/gcc/arm-none-eabi/7.3.1/thumb/v6-m/crtend.o
LOAD c:/st/stm32cubeide_1.0.0/stm32cubeide/plugins/com.st.stm32cube.ide.mcu.externaltools.gnu-tools-for-stm32.7-2018-q2-update.win32_1.0.0.201904181610/tools/bin/../lib/gcc/arm-none-eabi/7.3.1/thumb/v6-m/crtn.o
                0x0000000020008000                _estack = 0x20008000
                0x0000000000000200                _Min_Heap_Size = 0x200
                0x0000000000000400                _Min_Stack_Size = 0x400

.isr_vector     0x0000000008000000       0xbc
                0x0000000008000000                . = ALIGN (0x4)
 *(.isr_vector)
 .isr_vector    0x0000000008000000       0xbc H01R0/startup_stm32f091xc.o
                0x0000000008000000                g_pfnVectors
                0x00000000080000bc                . = ALIGN (0x4)

.text           0x00000000080000bc    0x14640
                0x00000000080000bc                . = ALIGN (0x4)
 *(.text)
 .text          0x00000000080000bc       0x48 c:/st/stm32cubeide_1.0.0/stm32cubeide/plugins/com.st.stm32cube.ide.mcu.externaltools.gnu-tools-for-stm32.7-2018-q2-update.win32_1.0.0.201904181610/tools/bin/../lib/gcc/arm-none-eabi/7.3.1/thumb/v6-m/crtbegin.o
 .text          0x0000000008000104       0x14 c:/st/stm32cubeide_1.0.0/stm32cubeide/plugins/com.st.stm32cube.ide.mcu.externaltools.gnu-tools-for-stm32.7-2018-q2-update.win32_1.0.0.201904181610/tools/bin/../lib/gcc/arm-none-eabi/7.3.1/../../../../arm-none-eabi/lib/thumb/v6-m\libc_nano.a(lib_a-strcmp.o)
                0x0000000008000104                strcmp
 .text          0x0000000008000118        0xe c:/st/stm32cubeide_1.0.0/stm32cubeide/plugins/com.st.stm32cube.ide.mcu.externaltools.gnu-tools-for-stm32.7-2018-q2-update.win32_1.0.0.201904181610/tools/bin/../lib/gcc/arm-none-eabi/7.3.1/../../../../arm-none-eabi/lib/thumb/v6-m\libc_nano.a(lib_a-strlen.o)
                0x0000000008000118                strlen
 *fill*         0x0000000008000126        0x2 
 .text          0x0000000008000128       0x14 c:/st/stm32cubeide_1.0.0/stm32cubeide/plugins/com.st.stm32cube.ide.mcu.externaltools.gnu-tools-for-stm32.7-2018-q2-update.win32_1.0.0.201904181610/tools/bin/../lib/gcc/arm-none-eabi/7.3.1/thumb/v6-m\libgcc.a(_thumb1_case_uqi.o)
                0x0000000008000128                __gnu_thumb1_case_uqi
 .text          0x000000000800013c      0x114 c:/st/stm32cubeide_1.0.0/stm32cubeide/plugins/com.st.stm32cube.ide.mcu.externaltools.gnu-tools-for-stm32.7-2018-q2-update.win32_1.0.0.201904181610/tools/bin/../lib/gcc/arm-none-eabi/7.3.1/thumb/v6-m\libgcc.a(_udivsi3.o)
                0x000000000800013c                __aeabi_uidiv
                0x000000000800013c                __udivsi3
                0x0000000008000248                __aeabi_uidivmod
 .text          0x0000000008000250      0x1d4 c:/st/stm32cubeide_1.0.0/stm32cubeide/plugins/com.st.stm32cube.ide.mcu.externaltools.gnu-tools-for-stm32.7-2018-q2-update.win32_1.0.0.201904181610/tools/bin/../lib/gcc/arm-none-eabi/7.3.1/thumb/v6-m\libgcc.a(_divsi3.o)
                0x0000000008000250                __divsi3
                0x0000000008000250                __aeabi_idiv
                0x000000000800041c                __aeabi_idivmod
 .text          0x0000000008000424        0x4 c:/st/stm32cubeide_1.0.0/stm32cubeide/plugins/com.st.stm32cube.ide.mcu.externaltools.gnu-tools-for-stm32.7-2018-q2-update.win32_1.0.0.201904181610/tools/bin/../lib/gcc/arm-none-eabi/7.3.1/thumb/v6-m\libgcc.a(_dvmd_tls.o)
                0x0000000008000424                __aeabi_idiv0
                0x0000000008000424                __aeabi_ldiv0
 .text          0x0000000008000428       0x7c c:/st/stm32cubeide_1.0.0/stm32cubeide/plugins/com.st.stm32cube.ide.mcu.externaltools.gnu-tools-for-stm32.7-2018-q2-update.win32_1.0.0.201904181610/tools/bin/../lib/gcc/arm-none-eabi/7.3.1/thumb/v6-m\libgcc.a(_arm_cmpdf2.o)
                0x0000000008000428                __aeabi_cdrcmple
                0x0000000008000438                __aeabi_cdcmple
                0x0000000008000438                __aeabi_cdcmpeq
                0x0000000008000448                __aeabi_dcmpeq
                0x0000000008000454                __aeabi_dcmplt
                0x0000000008000468                __aeabi_dcmple
                0x000000000800047c                __aeabi_dcmpgt
                0x0000000008000490                __aeabi_dcmpge
 .text          0x00000000080004a4       0x74 c:/st/stm32cubeide_1.0.0/stm32cubeide/plugins/com.st.stm32cube.ide.mcu.externaltools.gnu-tools-for-stm32.7-2018-q2-update.win32_1.0.0.201904181610/tools/bin/../lib/gcc/arm-none-eabi/7.3.1/thumb/v6-m\libgcc.a(_arm_cmpsf2.o)
                0x00000000080004a4                __aeabi_cfrcmple
                0x00000000080004ac                __aeabi_cfcmpeq
                0x00000000080004ac                __aeabi_cfcmple
                0x00000000080004bc                __aeabi_fcmpeq
                0x00000000080004c8                __aeabi_fcmplt
                0x00000000080004dc                __aeabi_fcmple
                0x00000000080004f0                __aeabi_fcmpgt
                0x0000000008000504                __aeabi_fcmpge
 .text          0x0000000008000518       0x54 c:/st/stm32cubeide_1.0.0/stm32cubeide/plugins/com.st.stm32cube.ide.mcu.externaltools.gnu-tools-for-stm32.7-2018-q2-update.win32_1.0.0.201904181610/tools/bin/../lib/gcc/arm-none-eabi/7.3.1/thumb/v6-m\libgcc.a(_muldi3.o)
                0x0000000008000518                __muldi3
                0x0000000008000518                __aeabi_lmul
 .text          0x000000000800056c       0x30 c:/st/stm32cubeide_1.0.0/stm32cubeide/plugins/com.st.stm32cube.ide.mcu.externaltools.gnu-tools-for-stm32.7-2018-q2-update.win32_1.0.0.201904181610/tools/bin/../lib/gcc/arm-none-eabi/7.3.1/thumb/v6-m\libgcc.a(_fixunssfsi.o)
                0x000000000800056c                __fixunssfsi
                0x000000000800056c                __aeabi_f2uiz
 .text          0x000000000800059c       0x3c c:/st/stm32cubeide_1.0.0/stm32cubeide/plugins/com.st.stm32cube.ide.mcu.externaltools.gnu-tools-for-stm32.7-2018-q2-update.win32_1.0.0.201904181610/tools/bin/../lib/gcc/arm-none-eabi/7.3.1/thumb/v6-m\libgcc.a(_fixunsdfsi.o)
                0x000000000800059c                __aeabi_d2uiz
                0x000000000800059c                __fixunsdfsi
 .text          0x00000000080005d8      0x224 c:/st/stm32cubeide_1.0.0/stm32cubeide/plugins/com.st.stm32cube.ide.mcu.externaltools.gnu-tools-for-stm32.7-2018-q2-update.win32_1.0.0.201904181610/tools/bin/../lib/gcc/arm-none-eabi/7.3.1/thumb/v6-m\libgcc.a(divsf3.o)
                0x00000000080005d8                __aeabi_fdiv
 .text          0x00000000080007fc       0x50 c:/st/stm32cubeide_1.0.0/stm32cubeide/plugins/com.st.stm32cube.ide.mcu.externaltools.gnu-tools-for-stm32.7-2018-q2-update.win32_1.0.0.201904181610/tools/bin/../lib/gcc/arm-none-eabi/7.3.1/thumb/v6-m\libgcc.a(eqsf2.o)
                0x00000000080007fc                __eqsf2
                0x00000000080007fc                __nesf2
 .text          0x000000000800084c       0x9c c:/st/stm32cubeide_1.0.0/stm32cubeide/plugins/com.st.stm32cube.ide.mcu.externaltools.gnu-tools-for-stm32.7-2018-q2-update.win32_1.0.0.201904181610/tools/bin/../lib/gcc/arm-none-eabi/7.3.1/thumb/v6-m\libgcc.a(gesf2.o)
                0x000000000800084c                __gesf2
                0x000000000800084c                __gtsf2
 .text          0x00000000080008e8       0xa0 c:/st/stm32cubeide_1.0.0/stm32cubeide/plugins/com.st.stm32cube.ide.mcu.externaltools.gnu-tools-for-stm32.7-2018-q2-update.win32_1.0.0.201904181610/tools/bin/../lib/gcc/arm-none-eabi/7.3.1/thumb/v6-m\libgcc.a(lesf2.o)
                0x00000000080008e8                __ltsf2
                0x00000000080008e8                __lesf2
 .text          0x0000000008000988      0x264 c:/st/stm32cubeide_1.0.0/stm32cubeide/plugins/com.st.stm32cube.ide.mcu.externaltools.gnu-tools-for-stm32.7-2018-q2-update.win32_1.0.0.201904181610/tools/bin/../lib/gcc/arm-none-eabi/7.3.1/thumb/v6-m\libgcc.a(mulsf3.o)
                0x0000000008000988                __aeabi_fmul
 .text          0x0000000008000bec      0x388 c:/st/stm32cubeide_1.0.0/stm32cubeide/plugins/com.st.stm32cube.ide.mcu.externaltools.gnu-tools-for-stm32.7-2018-q2-update.win32_1.0.0.201904181610/tools/bin/../lib/gcc/arm-none-eabi/7.3.1/thumb/v6-m\libgcc.a(subsf3.o)
                0x0000000008000bec                __aeabi_fsub
 .text          0x0000000008000f74       0x40 c:/st/stm32cubeide_1.0.0/stm32cubeide/plugins/com.st.stm32cube.ide.mcu.externaltools.gnu-tools-for-stm32.7-2018-q2-update.win32_1.0.0.201904181610/tools/bin/../lib/gcc/arm-none-eabi/7.3.1/thumb/v6-m\libgcc.a(fixsfsi.o)
                0x0000000008000f74                __aeabi_f2iz
 .text          0x0000000008000fb4       0x80 c:/st/stm32cubeide_1.0.0/stm32cubeide/plugins/com.st.stm32cube.ide.mcu.externaltools.gnu-tools-for-stm32.7-2018-q2-update.win32_1.0.0.201904181610/tools/bin/../lib/gcc/arm-none-eabi/7.3.1/thumb/v6-m\libgcc.a(floatunsisf.o)
                0x0000000008000fb4                __aeabi_ui2f
 .text          0x0000000008001034      0x638 c:/st/stm32cubeide_1.0.0/stm32cubeide/plugins/com.st.stm32cube.ide.mcu.externaltools.gnu-tools-for-stm32.7-2018-q2-update.win32_1.0.0.201904181610/tools/bin/../lib/gcc/arm-none-eabi/7.3.1/thumb/v6-m\libgcc.a(adddf3.o)
                0x0000000008001034                __aeabi_dadd
 .text          0x000000000800166c      0x604 c:/st/stm32cubeide_1.0.0/stm32cubeide/plugins/com.st.stm32cube.ide.mcu.externaltools.gnu-tools-for-stm32.7-2018-q2-update.win32_1.0.0.201904181610/tools/bin/../lib/gcc/arm-none-eabi/7.3.1/thumb/v6-m\libgcc.a(divdf3.o)
                0x000000000800166c                __aeabi_ddiv
 .text          0x0000000008001c70       0x78 c:/st/stm32cubeide_1.0.0/stm32cubeide/plugins/com.st.stm32cube.ide.mcu.externaltools.gnu-tools-for-stm32.7-2018-q2-update.win32_1.0.0.201904181610/tools/bin/../lib/gcc/arm-none-eabi/7.3.1/thumb/v6-m\libgcc.a(eqdf2.o)
                0x0000000008001c70                __nedf2
                0x0000000008001c70                __eqdf2
 .text          0x0000000008001ce8       0xc8 c:/st/stm32cubeide_1.0.0/stm32cubeide/plugins/com.st.stm32cube.ide.mcu.externaltools.gnu-tools-for-stm32.7-2018-q2-update.win32_1.0.0.201904181610/tools/bin/../lib/gcc/arm-none-eabi/7.3.1/thumb/v6-m\libgcc.a(gedf2.o)
                0x0000000008001ce8                __gedf2
                0x0000000008001ce8                __gtdf2
 .text          0x0000000008001db0       0xd0 c:/st/stm32cubeide_1.0.0/stm32cubeide/plugins/com.st.stm32cube.ide.mcu.externaltools.gnu-tools-for-stm32.7-2018-q2-update.win32_1.0.0.201904181610/tools/bin/../lib/gcc/arm-none-eabi/7.3.1/thumb/v6-m\libgcc.a(ledf2.o)
                0x0000000008001db0                __ledf2
                0x0000000008001db0                __ltdf2
 .text          0x0000000008001e80      0x4e4 c:/st/stm32cubeide_1.0.0/stm32cubeide/plugins/com.st.stm32cube.ide.mcu.externaltools.gnu-tools-for-stm32.7-2018-q2-update.win32_1.0.0.201904181610/tools/bin/../lib/gcc/arm-none-eabi/7.3.1/thumb/v6-m\libgcc.a(muldf3.o)
                0x0000000008001e80                __aeabi_dmul
 .text          0x0000000008002364      0x690 c:/st/stm32cubeide_1.0.0/stm32cubeide/plugins/com.st.stm32cube.ide.mcu.externaltools.gnu-tools-for-stm32.7-2018-q2-update.win32_1.0.0.201904181610/tools/bin/../lib/gcc/arm-none-eabi/7.3.1/thumb/v6-m\libgcc.a(subdf3.o)
                0x0000000008002364                __aeabi_dsub
 .text          0x00000000080029f4       0x6c c:/st/stm32cubeide_1.0.0/stm32cubeide/plugins/com.st.stm32cube.ide.mcu.externaltools.gnu-tools-for-stm32.7-2018-q2-update.win32_1.0.0.201904181610/tools/bin/../lib/gcc/arm-none-eabi/7.3.1/thumb/v6-m\libgcc.a(fixdfsi.o)
                0x00000000080029f4                __aeabi_d2iz
 .text          0x0000000008002a60       0x74 c:/st/stm32cubeide_1.0.0/stm32cubeide/plugins/com.st.stm32cube.ide.mcu.externaltools.gnu-tools-for-stm32.7-2018-q2-update.win32_1.0.0.201904181610/tools/bin/../lib/gcc/arm-none-eabi/7.3.1/thumb/v6-m\libgcc.a(floatsidf.o)
                0x0000000008002a60                __aeabi_i2d
 .text          0x0000000008002ad4       0x64 c:/st/stm32cubeide_1.0.0/stm32cubeide/plugins/com.st.stm32cube.ide.mcu.externaltools.gnu-tools-for-stm32.7-2018-q2-update.win32_1.0.0.201904181610/tools/bin/../lib/gcc/arm-none-eabi/7.3.1/thumb/v6-m\libgcc.a(floatunsidf.o)
                0x0000000008002ad4                __aeabi_ui2d
 .text          0x0000000008002b38       0xa4 c:/st/stm32cubeide_1.0.0/stm32cubeide/plugins/com.st.stm32cube.ide.mcu.externaltools.gnu-tools-for-stm32.7-2018-q2-update.win32_1.0.0.201904181610/tools/bin/../lib/gcc/arm-none-eabi/7.3.1/thumb/v6-m\libgcc.a(extendsfdf2.o)
                0x0000000008002b38                __aeabi_f2d
 .text          0x0000000008002bdc      0x108 c:/st/stm32cubeide_1.0.0/stm32cubeide/plugins/com.st.stm32cube.ide.mcu.externaltools.gnu-tools-for-stm32.7-2018-q2-update.win32_1.0.0.201904181610/tools/bin/../lib/gcc/arm-none-eabi/7.3.1/thumb/v6-m\libgcc.a(truncdfsf2.o)
                0x0000000008002bdc                __aeabi_d2f
 .text          0x0000000008002ce4       0x3c c:/st/stm32cubeide_1.0.0/stm32cubeide/plugins/com.st.stm32cube.ide.mcu.externaltools.gnu-tools-for-stm32.7-2018-q2-update.win32_1.0.0.201904181610/tools/bin/../lib/gcc/arm-none-eabi/7.3.1/thumb/v6-m\libgcc.a(_clzsi2.o)
                0x0000000008002ce4                __clzsi2
 *(.text*)
 .text.NVIC_SystemReset
                0x0000000008002d20       0x1c BOS/BOS.o
 .text.exploreCommand
                0x0000000008002d3c        0x4 BOS/BOS.o
 .text.resetCommand
                0x0000000008002d40        0xe BOS/BOS.o
 *fill*         0x0000000008002d4e        0x2 
 .text.setBaudrateCommand
                0x0000000008002d50       0x80 BOS/BOS.o
 .text.flashsizeCommand
                0x0000000008002dd0       0x20 BOS/BOS.o
 .text.pingCommand
                0x0000000008002df0       0x6c BOS/BOS.o
 .text.StreamTimerCallback
                0x0000000008002e5c       0x16 BOS/BOS.o
                0x0000000008002e5c                StreamTimerCallback
 *fill*         0x0000000008002e72        0x2 
 .text.snipCommand
                0x0000000008002e74      0x244 BOS/BOS.o
 .text.idcodeCommand
                0x00000000080030b8       0xa8 BOS/BOS.o
 .text.uuidCommand
                0x0000000008003160       0x6c BOS/BOS.o
 .text.prvRunTimeStatsCommand
                0x00000000080031cc       0x24 BOS/BOS.o
 .text.prvTaskStatsCommand
                0x00000000080031f0       0x24 BOS/BOS.o
 .text.getCommand
                0x0000000008003214      0x258 BOS/BOS.o
 .text.TIM_USEC_Init
                0x000000000800346c       0x64 BOS/BOS.o
                0x000000000800346c                TIM_USEC_Init
 .text.TIM_MSEC_Init
                0x00000000080034d0       0x60 BOS/BOS.o
                0x00000000080034d0                TIM_MSEC_Init
 .text.minArr   0x0000000008003530       0x3c BOS/BOS.o
                0x0000000008003530                minArr
 .text.QnotEmpty
                0x000000000800356c       0x24 BOS/BOS.o
                0x000000000800356c                QnotEmpty
 .text.NotifyMessagingTask
                0x0000000008003590       0x8c BOS/BOS.o
                0x0000000008003590                NotifyMessagingTask
 .text.SaveToRO
                0x000000000800361c      0x210 BOS/BOS.o
                0x000000000800361c                SaveToRO
 .text.delSnipCommand
                0x000000000800382c       0xd8 BOS/BOS.o
 .text.pauseSnipCommand
                0x0000000008003904       0x70 BOS/BOS.o
 .text.actSnipCommand
                0x0000000008003974       0x70 BOS/BOS.o
 .text.ClearROtopology
                0x00000000080039e4       0x30 BOS/BOS.o
                0x00000000080039e4                ClearROtopology
 .text.LoadROsnippets
                0x0000000008003a14      0x10c BOS/BOS.o
                0x0000000008003a14                LoadROsnippets
 .text.LoadROtopology
                0x0000000008003b20       0x88 BOS/BOS.o
                0x0000000008003b20                LoadROtopology
 .text.SaveEEportsDir
                0x0000000008003ba8       0x54 BOS/BOS.o
                0x0000000008003ba8                SaveEEportsDir
 .text.ClearEEportsDir
                0x0000000008003bfc       0x60 BOS/BOS.o
                0x0000000008003bfc                ClearEEportsDir
 .text.LoadEEportsDir
                0x0000000008003c5c       0x48 BOS/BOS.o
                0x0000000008003c5c                LoadEEportsDir
 .text.SaveEEalias
                0x0000000008003ca4       0x84 BOS/BOS.o
                0x0000000008003ca4                SaveEEalias
 .text.LoadEEalias
                0x0000000008003d28       0x84 BOS/BOS.o
                0x0000000008003d28                LoadEEalias
 .text.LoadEEgroup
                0x0000000008003dac       0xa8 BOS/BOS.o
                0x0000000008003dac                LoadEEgroup
 .text.SaveEEstreams
                0x0000000008003e54       0x8c BOS/BOS.o
                0x0000000008003e54                SaveEEstreams
 .text.LoadEEparams
                0x0000000008003ee0      0x150 BOS/BOS.o
                0x0000000008003ee0                LoadEEparams
 .text.SaveEEparams
                0x0000000008004030       0x70 BOS/BOS.o
                0x0000000008004030                SaveEEparams
 .text.EE_FormatForFactoryReset
                0x00000000080040a0       0x24 BOS/BOS.o
                0x00000000080040a0                EE_FormatForFactoryReset
 .text.CheckForTimedButtonPress
                0x00000000080040c4       0x7c BOS/BOS.o
                0x00000000080040c4                CheckForTimedButtonPress
 .text.CheckForTimedButtonRelease
                0x0000000008004140       0x7c BOS/BOS.o
                0x0000000008004140                CheckForTimedButtonRelease
 .text.buttonPressedCallback
                0x00000000080041bc        0x2 BOS/BOS.o
                0x00000000080041bc                buttonPressedCallback
 .text.buttonReleasedCallback
                0x00000000080041be        0x2 BOS/BOS.o
                0x00000000080041be                buttonReleasedCallback
 .text.buttonClickedCallback
                0x00000000080041c0        0x2 BOS/BOS.o
                0x00000000080041c0                buttonClickedCallback
 .text.buttonDblClickedCallback
                0x00000000080041c2        0x2 BOS/BOS.o
                0x00000000080041c2                buttonDblClickedCallback
 .text.buttonPressedForXCallback
                0x00000000080041c4        0x2 BOS/BOS.o
                0x00000000080041c4                buttonPressedForXCallback
 .text.buttonReleasedForYCallback
                0x00000000080041c6        0x2 BOS/BOS.o
                0x00000000080041c6                buttonReleasedForYCallback
 .text.User_MessagingParser
                0x00000000080041c8        0x4 BOS/BOS.o
                0x00000000080041c8                User_MessagingParser
 .text.RegisterUserCLICommands
                0x00000000080041cc        0x2 BOS/BOS.o
                0x00000000080041cc                RegisterUserCLICommands
 *fill*         0x00000000080041ce        0x2 
 .text.RTC_CalendarConfig
                0x00000000080041d0       0xf4 BOS/BOS.o
                0x00000000080041d0                RTC_CalendarConfig
 .text.RTC_Init
                0x00000000080042c4       0x8c BOS/BOS.o
                0x00000000080042c4                RTC_Init
 .text.IsModuleParameter
                0x0000000008004350       0x18 BOS/BOS.o
                0x0000000008004350                IsModuleParameter
 .text.IsMathOperator
                0x0000000008004368       0x8c BOS/BOS.o
                0x0000000008004368                IsMathOperator
 .text.SystemClock_Config
                0x00000000080043f4       0xb0 BOS/BOS.o
                0x00000000080043f4                SystemClock_Config
 .text.vRegisterCLICommands
                0x00000000080044a4      0x138 BOS/BOS.o
                0x00000000080044a4                vRegisterCLICommands
 .text.GetUart  0x00000000080045dc       0x44 BOS/BOS.o
                0x00000000080045dc                GetUart
 .text.SetupDMAStreams
                0x0000000008004620      0x1b0 BOS/BOS.o
                0x0000000008004620                SetupDMAStreams
 .text.LoadEEstreams
                0x00000000080047d0      0x14c BOS/BOS.o
                0x00000000080047d0                LoadEEstreams
 .text.GetPortGPIOs
                0x000000000800491c       0xd8 BOS/BOS.o
                0x000000000800491c                GetPortGPIOs
 .text.SetupPortForRemoteBootloaderUpdate
                0x00000000080049f4       0x2a BOS/BOS.o
                0x00000000080049f4                SetupPortForRemoteBootloaderUpdate
 *fill*         0x0000000008004a1e        0x2 
 .text.testportCommand
                0x0000000008004a20      0x1c4 BOS/BOS.o
 .text.FindBroadcastRoutes
                0x0000000008004be4      0x13c BOS/BOS.o
                0x0000000008004be4                FindBroadcastRoutes
 .text.SendMessageFromPort
                0x0000000008004d20      0x370 BOS/BOS.o
                0x0000000008004d20                SendMessageFromPort
 .text.BroadcastReceivedMessage
                0x0000000008005090       0x40 BOS/BOS.o
                0x0000000008005090                BroadcastReceivedMessage
 .text.BroadcastMessage
                0x00000000080050d0       0x50 BOS/BOS.o
                0x00000000080050d0                BroadcastMessage
 .text.ExploreNeighbors
                0x0000000008005120       0x54 BOS/BOS.o
                0x0000000008005120                ExploreNeighbors
 .text.StartMicroDelay
                0x0000000008005174       0x24 BOS/BOS.o
                0x0000000008005174                StartMicroDelay
 .text.CheckAttachedButtons
                0x0000000008005198      0x444 BOS/BOS.o
                0x0000000008005198                CheckAttachedButtons
 .text.StartMilliDelay
                0x00000000080055dc       0x24 BOS/BOS.o
                0x00000000080055dc                StartMilliDelay
 .text.IsFactoryReset
                0x0000000008005600       0xf4 BOS/BOS.o
                0x0000000008005600                IsFactoryReset
 .text.IsLowerCLIbaud
                0x00000000080056f4       0x9c BOS/BOS.o
                0x00000000080056f4                IsLowerCLIbaud
 .text.SwapUartPins
                0x0000000008005790       0x70 BOS/BOS.o
                0x0000000008005790                SwapUartPins
 .text.FindRoute
                0x0000000008005800      0x1a0 BOS/BOS.o
                0x0000000008005800                FindRoute
 .text.ForwardReceivedMessage
                0x00000000080059a0       0x40 BOS/BOS.o
                0x00000000080059a0                ForwardReceivedMessage
 .text.SendMessageToModule
                0x00000000080059e0       0x4c BOS/BOS.o
                0x00000000080059e0                SendMessageToModule
 .text.defaultCommand
                0x0000000008005a2c       0xbc BOS/BOS.o
 .text.DisplayTopology
                0x0000000008005ae8      0x1a0 BOS/BOS.o
                0x0000000008005ae8                DisplayTopology
 .text.DisplayPortsDir
                0x0000000008005c88       0xe8 BOS/BOS.o
                0x0000000008005c88                DisplayPortsDir
 .text.DisplayModuleStatus
                0x0000000008005d70      0x2c0 BOS/BOS.o
                0x0000000008005d70                DisplayModuleStatus
 .text.statusCommand
                0x0000000008006030       0x14 BOS/BOS.o
 .text.GetID    0x0000000008006044       0xc8 BOS/BOS.o
                0x0000000008006044                GetID
 .text.NameModule
                0x000000000800610c       0xd0 BOS/BOS.o
                0x000000000800610c                NameModule
 .text.nameCommand
                0x00000000080061dc       0x9c BOS/BOS.o
 .text.AddModuleToGroup
                0x0000000008006278      0x110 BOS/BOS.o
                0x0000000008006278                AddModuleToGroup
 .text.groupCommand
                0x0000000008006388      0x1b4 BOS/BOS.o
 .text.ReadPortsDir
                0x000000000800653c       0xb4 BOS/BOS.o
                0x000000000800653c                ReadPortsDir
 .text.infoCommand
                0x00000000080065f0       0xbc BOS/BOS.o
 .text.UpdateMyPortsDir
                0x00000000080066ac       0x5c BOS/BOS.o
                0x00000000080066ac                UpdateMyPortsDir
 .text.StartScastDMAStream
                0x0000000008006708      0x19c BOS/BOS.o
                0x0000000008006708                StartScastDMAStream
 .text.remoteBootloaderUpdate
                0x00000000080068a4      0x104 BOS/BOS.o
                0x00000000080068a4                remoteBootloaderUpdate
 .text.bootloaderUpdateCommand
                0x00000000080069a8      0x16c BOS/BOS.o
 .text.PxMessagingTask
                0x0000000008006b14     0x1604 BOS/BOS.o
                0x0000000008006b14                PxMessagingTask
 .text.scastCommand
                0x0000000008008118      0x17c BOS/BOS.o
 .text.AddPortButton
                0x0000000008008294      0x124 BOS/BOS.o
                0x0000000008008294                AddPortButton
 .text.addbuttonCommand
                0x00000000080083b8       0xc8 BOS/BOS.o
 .text.RemovePortButton
                0x0000000008008480      0x110 BOS/BOS.o
                0x0000000008008480                RemovePortButton
 .text.removebuttonCommand
                0x0000000008008590       0x54 BOS/BOS.o
 .text.SetButtonEvents
                0x00000000080085e4      0x2b4 BOS/BOS.o
                0x00000000080085e4                SetButtonEvents
 .text.LoadEEbuttons
                0x0000000008008898       0xec BOS/BOS.o
                0x0000000008008898                LoadEEbuttons
 .text.LoadEEvars
                0x0000000008008984       0x24 BOS/BOS.o
                0x0000000008008984                LoadEEvars
 .text.BOS_CalendarConfig
                0x00000000080089a8       0xb4 BOS/BOS.o
                0x00000000080089a8                BOS_CalendarConfig
 .text.GetTimeDate
                0x0000000008008a5c       0x68 BOS/BOS.o
                0x0000000008008a5c                GetTimeDate
 .text.BOS_Init
                0x0000000008008ac4      0x12c BOS/BOS.o
                0x0000000008008ac4                BOS_Init
 .text.timeCommand
                0x0000000008008bf0       0x94 BOS/BOS.o
 .text.setCommand
                0x0000000008008c84      0x800 BOS/BOS.o
 .text.GetDateString
                0x0000000008009484       0x44 BOS/BOS.o
                0x0000000008009484                GetDateString
 .text.dateCommand
                0x00000000080094c8       0x24 BOS/BOS.o
 .text.Bridge   0x00000000080094ec       0x28 BOS/BOS.o
                0x00000000080094ec                Bridge
 .text.bridgeCommand
                0x0000000008009514       0xb4 BOS/BOS.o
 .text.Unbridge
                0x00000000080095c8       0x7c BOS/BOS.o
                0x00000000080095c8                Unbridge
 .text.unbridgeCommand
                0x0000000008009644       0xb4 BOS/BOS.o
 .text.StringToLowerCase
                0x00000000080096f8       0x2e BOS/BOS_CLI.o
                0x00000000080096f8                StringToLowerCase
 *fill*         0x0000000008009726        0x2 
 .text.ParseSnippetCondition
                0x0000000008009728      0x458 BOS/BOS_CLI.o
                0x0000000008009728                ParseSnippetCondition
 .text.AddSnippet
                0x0000000008009b80       0xf4 BOS/BOS_CLI.o
                0x0000000008009b80                AddSnippet
 .text.CLI_CommandParser
                0x0000000008009c74      0x424 BOS/BOS_CLI.o
                0x0000000008009c74                CLI_CommandParser
 .text.prvCLITask
                0x000000000800a098      0x1e4 BOS/BOS_CLI.o
                0x000000000800a098                prvCLITask
 .text.ParseSnippetCommand
                0x000000000800a27c       0x84 BOS/BOS_CLI.o
                0x000000000800a27c                ParseSnippetCommand
 .text.CheckSnippetCondition
                0x000000000800a300      0x11c BOS/BOS_CLI.o
                0x000000000800a300                CheckSnippetCondition
 .text.ExecuteSnippet
                0x000000000800a41c       0x90 BOS/BOS_CLI.o
                0x000000000800a41c                ExecuteSnippet
 .text.StopMsgDMA
                0x000000000800a4ac       0x24 BOS/BOS_dma.o
                0x000000000800a4ac                StopMsgDMA
 .text.StopStreamDMA
                0x000000000800a4d0       0x34 BOS/BOS_dma.o
                0x000000000800a4d0                StopStreamDMA
 .text.SwitchMsgDMAToStream
                0x000000000800a504       0x28 BOS/BOS_dma.o
                0x000000000800a504                SwitchMsgDMAToStream
 .text.SwitchStreamDMAToMsg
                0x000000000800a52c       0x64 BOS/BOS_dma.o
                0x000000000800a52c                SwitchStreamDMAToMsg
 .text.StartDMAstream
                0x000000000800a590       0x50 BOS/BOS_dma.o
                0x000000000800a590                StartDMAstream
 .text.DMA_IRQHandler
                0x000000000800a5e0       0x64 BOS/BOS_dma.o
                0x000000000800a5e0                DMA_IRQHandler
 .text.ResetUartORE
                0x000000000800a644       0x40 BOS/BOS_dma.o
                0x000000000800a644                ResetUartORE
 .text.EE_VerifyPageFullWriteVariable
                0x000000000800a684       0xd8 BOS/BOS_eeprom.o
 .text.EE_ReadVariable
                0x000000000800a75c       0x60 BOS/BOS_eeprom.o
                0x000000000800a75c                EE_ReadVariable
 .text.EE_WriteVariable
                0x000000000800a7bc      0x150 BOS/BOS_eeprom.o
                0x000000000800a7bc                EE_WriteVariable
 .text.EE_Format
                0x000000000800a90c       0xc8 BOS/BOS_eeprom.o
                0x000000000800a90c                EE_Format
 .text.EE_Init  0x000000000800a9d4      0x394 BOS/BOS_eeprom.o
                0x000000000800a9d4                EE_Init
 .text.StartDefaultTask
                0x000000000800ad68       0xc0 BOS/BOS_freertos.o
                0x000000000800ad68                StartDefaultTask
 .text.BackEndTask
                0x000000000800ae28      0x3c0 BOS/BOS_freertos.o
                0x000000000800ae28                BackEndTask
 .text.MX_FREERTOS_Init
                0x000000000800b1e8      0x1f4 BOS/BOS_freertos.o
                0x000000000800b1e8                MX_FREERTOS_Init
 .text.vMainConfigureTimerForRunTimeStats
                0x000000000800b3dc       0x20 BOS/BOS_freertos.o
                0x000000000800b3dc                vMainConfigureTimerForRunTimeStats
 .text.ulMainGetRunTimeCounterValue
                0x000000000800b3fc       0x50 BOS/BOS_freertos.o
                0x000000000800b3fc                ulMainGetRunTimeCounterValue
 .text.pulseColorCommand
                0x000000000800b44c      0x1ac H01R0/H01R0.o
                0x000000000800b44c                pulseColorCommand
 .text.pulseRGBCommand
                0x000000000800b5f8      0x168 H01R0/H01R0.o
                0x000000000800b5f8                pulseRGBCommand
 .text.RegisterModuleCLICommands
                0x000000000800b760       0x68 H01R0/H01R0.o
                0x000000000800b760                RegisterModuleCLICommands
 .text.GetPort  0x000000000800b7c8       0x60 H01R0/H01R0.o
                0x000000000800b7c8                GetPort
 .text.TIM3_Init
                0x000000000800b828       0xdc H01R0/H01R0.o
                0x000000000800b828                TIM3_Init
 .text.Module_Init
                0x000000000800b904       0x8c H01R0/H01R0.o
                0x000000000800b904                Module_Init
 .text.startPWM
                0x000000000800b990       0xc0 H01R0/H01R0.o
                0x000000000800b990                startPWM
 .text.RGB_LED_on
                0x000000000800ba50       0x44 H01R0/H01R0.o
                0x000000000800ba50                RGB_LED_on
 .text.onCommand
                0x000000000800ba94       0x58 H01R0/H01R0.o
                0x000000000800ba94                onCommand
 .text.RGB_LED_off
                0x000000000800baec       0x34 H01R0/H01R0.o
                0x000000000800baec                RGB_LED_off
 .text.offCommand
                0x000000000800bb20       0x20 H01R0/H01R0.o
                0x000000000800bb20                offCommand
 .text.RGB_LED_toggle
                0x000000000800bb40       0x1c H01R0/H01R0.o
                0x000000000800bb40                RGB_LED_toggle
 .text.toggleCommand
                0x000000000800bb5c       0x74 H01R0/H01R0.o
                0x000000000800bb5c                toggleCommand
 .text.RGB_LED_setRGB
                0x000000000800bbd0       0x20 H01R0/H01R0.o
                0x000000000800bbd0                RGB_LED_setRGB
 .text.RGBsweepFine
                0x000000000800bbf0      0x114 H01R0/H01R0.o
                0x000000000800bbf0                RGBsweepFine
 .text.RGBCommand
                0x000000000800bd04       0xbc H01R0/H01R0.o
                0x000000000800bd04                RGBCommand
 .text.RGB_LED_setColor
                0x000000000800bdc0       0x8c H01R0/H01R0.o
                0x000000000800bdc0                RGB_LED_setColor
 .text.RGBpulse
                0x000000000800be4c       0x90 H01R0/H01R0.o
                0x000000000800be4c                RGBpulse
 .text.RGBsweepBasic
                0x000000000800bedc       0x98 H01R0/H01R0.o
                0x000000000800bedc                RGBsweepBasic
 .text.RGBdim   0x000000000800bf74      0x260 H01R0/H01R0.o
                0x000000000800bf74                RGBdim
 .text.RGBledTask
                0x000000000800c1d4       0x84 H01R0/H01R0.o
                0x000000000800c1d4                RGBledTask
 .text.demoCommand
                0x000000000800c258       0x9c H01R0/H01R0.o
                0x000000000800c258                demoCommand
 .text.colorCommand
                0x000000000800c2f4      0x13c H01R0/H01R0.o
                0x000000000800c2f4                colorCommand
 .text.RGB_LED_sweep
                0x000000000800c430       0x28 H01R0/H01R0.o
                0x000000000800c430                RGB_LED_sweep
 .text.sweepCommand
                0x000000000800c458       0xfc H01R0/H01R0.o
                0x000000000800c458                sweepCommand
 .text.RGB_LED_dim
                0x000000000800c554       0x3c H01R0/H01R0.o
                0x000000000800c554                RGB_LED_dim
 .text.Module_MessagingTask
                0x000000000800c590      0x298 H01R0/H01R0.o
                0x000000000800c590                Module_MessagingTask
 .text.dimCommand
                0x000000000800c828      0x278 H01R0/H01R0.o
                0x000000000800c828                dimCommand
 .text.DMA_MSG_RX_CH_Init
                0x000000000800caa0       0x22 H01R0/H01R0_dma.o
                0x000000000800caa0                DMA_MSG_RX_CH_Init
 .text.DMA_MSG_TX_CH_Init
                0x000000000800cac2       0x22 H01R0/H01R0_dma.o
                0x000000000800cac2                DMA_MSG_TX_CH_Init
 .text.DMA_Init
                0x000000000800cae4       0xb8 H01R0/H01R0_dma.o
                0x000000000800cae4                DMA_Init
 .text.DMA_STREAM_CH_Init
                0x000000000800cb9c       0x20 H01R0/H01R0_dma.o
                0x000000000800cb9c                DMA_STREAM_CH_Init
 .text.SetupDMAInterrupts
                0x000000000800cbbc       0xb8 H01R0/H01R0_dma.o
                0x000000000800cbbc                SetupDMAInterrupts
 .text.UnSetupDMAInterrupts
                0x000000000800cc74       0xa0 H01R0/H01R0_dma.o
                0x000000000800cc74                UnSetupDMAInterrupts
 .text.DMA_MSG_TX_UnSetup
                0x000000000800cd14       0x14 H01R0/H01R0_dma.o
                0x000000000800cd14                DMA_MSG_TX_UnSetup
 .text.RemapAndLinkDMAtoUARTRx
                0x000000000800cd28      0x65c H01R0/H01R0_dma.o
                0x000000000800cd28                RemapAndLinkDMAtoUARTRx
 .text.DMA_MSG_RX_Setup
                0x000000000800d384       0x30 H01R0/H01R0_dma.o
                0x000000000800d384                DMA_MSG_RX_Setup
 .text.SetupMessagingRxDMAs
                0x000000000800d3b4       0xa4 H01R0/H01R0_dma.o
                0x000000000800d3b4                SetupMessagingRxDMAs
 .text.DMA_STREAM_Setup
                0x000000000800d458       0x40 H01R0/H01R0_dma.o
                0x000000000800d458                DMA_STREAM_Setup
 .text.RemapAndLinkDMAtoUARTTx
                0x000000000800d498      0x65c H01R0/H01R0_dma.o
                0x000000000800d498                RemapAndLinkDMAtoUARTTx
 .text.DMA_MSG_TX_Setup
                0x000000000800daf4       0x44 H01R0/H01R0_dma.o
                0x000000000800daf4                DMA_MSG_TX_Setup
 .text.CRC_Init
                0x000000000800db38       0x28 H01R0/H01R0_dma.o
                0x000000000800db38                CRC_Init
 .text.HAL_CRC_MspInit
                0x000000000800db60       0x1c H01R0/H01R0_dma.o
                0x000000000800db60                HAL_CRC_MspInit
 .text.IND_LED_Init
                0x000000000800db7c       0x24 H01R0/H01R0_gpio.o
                0x000000000800db7c                IND_LED_Init
 .text.GPIO_Init
                0x000000000800dba0       0x6c H01R0/H01R0_gpio.o
                0x000000000800dba0                GPIO_Init
 .text.SysTick_Handler
                0x000000000800dc0c        0xc H01R0/H01R0_it.o
                0x000000000800dc0c                SysTick_Handler
 .text.HardFault_Handler
                0x000000000800dc18        0x2 H01R0/H01R0_it.o
                0x000000000800dc18                HardFault_Handler
 *fill*         0x000000000800dc1a        0x2 
 .text.USART1_IRQHandler
                0x000000000800dc1c       0x10 H01R0/H01R0_it.o
                0x000000000800dc1c                USART1_IRQHandler
 .text.USART2_IRQHandler
                0x000000000800dc2c       0x10 H01R0/H01R0_it.o
                0x000000000800dc2c                USART2_IRQHandler
 .text.USART3_8_IRQHandler
                0x000000000800dc3c       0x2c H01R0/H01R0_it.o
                0x000000000800dc3c                USART3_8_IRQHandler
 .text.DMA1_Ch1_IRQHandler
                0x000000000800dc68        0xa H01R0/H01R0_it.o
                0x000000000800dc68                DMA1_Ch1_IRQHandler
 *fill*         0x000000000800dc72        0x2 
 .text.DMA1_Ch2_3_DMA2_Ch1_2_IRQHandler
                0x000000000800dc74       0x40 H01R0/H01R0_it.o
                0x000000000800dc74                DMA1_Ch2_3_DMA2_Ch1_2_IRQHandler
 .text.DMA1_Ch4_7_DMA2_Ch3_5_IRQHandler
                0x000000000800dcb4       0x64 H01R0/H01R0_it.o
                0x000000000800dcb4                DMA1_Ch4_7_DMA2_Ch3_5_IRQHandler
 .text.HAL_UART_TxCpltCallback
                0x000000000800dd18       0x30 H01R0/H01R0_it.o
                0x000000000800dd18                HAL_UART_TxCpltCallback
 .text.HAL_UART_ErrorCallback
                0x000000000800dd48       0x4c H01R0/H01R0_it.o
                0x000000000800dd48                HAL_UART_ErrorCallback
 .text.HAL_UART_RxCpltCallback
                0x000000000800dd94       0x68 H01R0/H01R0_it.o
                0x000000000800dd94                HAL_UART_RxCpltCallback
 .text.TIM3_IRQHandler
                0x000000000800ddfc       0x10 H01R0/H01R0_it.o
                0x000000000800ddfc                TIM3_IRQHandler
 .text.vApplicationStackOverflowHook
                0x000000000800de0c        0x4 H01R0/H01R0_it.o
                0x000000000800de0c                vApplicationStackOverflowHook
 .text.vApplicationMallocFailedHook
                0x000000000800de10        0x4 H01R0/H01R0_it.o
                0x000000000800de10                vApplicationMallocFailedHook
 .text.MX_USART1_UART_Init
                0x000000000800de14       0x30 H01R0/H01R0_uart.o
                0x000000000800de14                MX_USART1_UART_Init
 .text.MX_USART2_UART_Init
                0x000000000800de44       0x30 H01R0/H01R0_uart.o
                0x000000000800de44                MX_USART2_UART_Init
 .text.MX_USART3_UART_Init
                0x000000000800de74       0x30 H01R0/H01R0_uart.o
                0x000000000800de74                MX_USART3_UART_Init
 .text.MX_USART4_UART_Init
                0x000000000800dea4       0x30 H01R0/H01R0_uart.o
                0x000000000800dea4                MX_USART4_UART_Init
 .text.MX_USART5_UART_Init
                0x000000000800ded4       0x30 H01R0/H01R0_uart.o
                0x000000000800ded4                MX_USART5_UART_Init
 .text.MX_USART6_UART_Init
                0x000000000800df04       0x30 H01R0/H01R0_uart.o
                0x000000000800df04                MX_USART6_UART_Init
 .text.HAL_UART_MspInit
                0x000000000800df34      0x270 H01R0/H01R0_uart.o
                0x000000000800df34                HAL_UART_MspInit
 .text.writePxMutex
                0x000000000800e1a4       0x54 H01R0/H01R0_uart.o
                0x000000000800e1a4                writePxMutex
 .text.writePxITMutex
                0x000000000800e1f8       0x40 H01R0/H01R0_uart.o
                0x000000000800e1f8                writePxITMutex
 .text.writePxDMAMutex
                0x000000000800e238       0x48 H01R0/H01R0_uart.o
                0x000000000800e238                writePxDMAMutex
 .text.UpdateBaudrate
                0x000000000800e280       0x12 H01R0/H01R0_uart.o
                0x000000000800e280                UpdateBaudrate
 *fill*         0x000000000800e292        0x2 
 .text.Reset_Handler
                0x000000000800e294       0x50 H01R0/startup_stm32f091xc.o
                0x000000000800e294                Reset_Handler
 .text.Default_Handler
                0x000000000800e2e4        0x2 H01R0/startup_stm32f091xc.o
                0x000000000800e2e4                TIM1_CC_IRQHandler
                0x000000000800e2e4                TSC_IRQHandler
                0x000000000800e2e4                ADC1_COMP_IRQHandler
                0x000000000800e2e4                NMI_Handler
                0x000000000800e2e4                I2C1_IRQHandler
                0x000000000800e2e4                RCC_CRS_IRQHandler
                0x000000000800e2e4                SPI1_IRQHandler
                0x000000000800e2e4                TIM6_DAC_IRQHandler
                0x000000000800e2e4                EXTI2_3_IRQHandler
                0x000000000800e2e4                I2C2_IRQHandler
                0x000000000800e2e4                TIM17_IRQHandler
                0x000000000800e2e4                CEC_CAN_IRQHandler
                0x000000000800e2e4                RTC_IRQHandler
                0x000000000800e2e4                PVD_VDDIO2_IRQHandler
                0x000000000800e2e4                TIM16_IRQHandler
                0x000000000800e2e4                EXTI4_15_IRQHandler
                0x000000000800e2e4                Default_Handler
                0x000000000800e2e4                TIM14_IRQHandler
                0x000000000800e2e4                TIM7_IRQHandler
                0x000000000800e2e4                TIM15_IRQHandler
                0x000000000800e2e4                EXTI0_1_IRQHandler
                0x000000000800e2e4                SPI2_IRQHandler
                0x000000000800e2e4                WWDG_IRQHandler
                0x000000000800e2e4                TIM2_IRQHandler
                0x000000000800e2e4                FLASH_IRQHandler
                0x000000000800e2e4                TIM1_BRK_UP_TRG_COM_IRQHandler
 *fill*         0x000000000800e2e6        0x2 
 .text.SystemInit
                0x000000000800e2e8       0x60 Thirdparty/CMSIS/Device/ST/STM32F0xx/Source/Templates/system_stm32f0xx.o
                0x000000000800e2e8                SystemInit
 .text.osKernelStart
                0x000000000800e348        0xa Thirdparty/Middleware/FreeRTOS/Source/CMSIS_RTOS/cmsis_os.o
                0x000000000800e348                osKernelStart
 .text.osDelay  0x000000000800e352       0x10 Thirdparty/Middleware/FreeRTOS/Source/CMSIS_RTOS/cmsis_os.o
                0x000000000800e352                osDelay
 .text.osSemaphoreCreate
                0x000000000800e362       0x2c Thirdparty/Middleware/FreeRTOS/Source/CMSIS_RTOS/cmsis_os.o
                0x000000000800e362                osSemaphoreCreate
 *fill*         0x000000000800e38e        0x2 
 .text.osSemaphoreWait
                0x000000000800e390       0x58 Thirdparty/Middleware/FreeRTOS/Source/CMSIS_RTOS/cmsis_os.o
                0x000000000800e390                osSemaphoreWait
 .text.osSemaphoreRelease
                0x000000000800e3e8       0x50 Thirdparty/Middleware/FreeRTOS/Source/CMSIS_RTOS/cmsis_os.o
                0x000000000800e3e8                osSemaphoreRelease
 .text.osSystickHandler
                0x000000000800e438       0x10 Thirdparty/Middleware/FreeRTOS/Source/CMSIS_RTOS/cmsis_os.o
                0x000000000800e438                osSystickHandler
 .text.FreeRTOS_CLIRegisterCommand
                0x000000000800e448       0x38 Thirdparty/Middleware/FreeRTOS/Source/FreeRTOS_CLI.o
                0x000000000800e448                FreeRTOS_CLIRegisterCommand
 .text.FreeRTOS_CLIProcessCommand
                0x000000000800e480       0xfc Thirdparty/Middleware/FreeRTOS/Source/FreeRTOS_CLI.o
                0x000000000800e480                FreeRTOS_CLIProcessCommand
 .text.FreeRTOS_CLIGetOutputBuffer
                0x000000000800e57c        0x8 Thirdparty/Middleware/FreeRTOS/Source/FreeRTOS_CLI.o
                0x000000000800e57c                FreeRTOS_CLIGetOutputBuffer
 .text.FreeRTOS_CLIGetParameter
                0x000000000800e584       0x72 Thirdparty/Middleware/FreeRTOS/Source/FreeRTOS_CLI.o
                0x000000000800e584                FreeRTOS_CLIGetParameter
 *fill*         0x000000000800e5f6        0x2 
 .text.prvHelpCommand
                0x000000000800e5f8      0x100 Thirdparty/Middleware/FreeRTOS/Source/FreeRTOS_CLI.o
 .text.vListInitialise
                0x000000000800e6f8       0x16 Thirdparty/Middleware/FreeRTOS/Source/list.o
                0x000000000800e6f8                vListInitialise
 .text.vListInitialiseItem
                0x000000000800e70e        0x6 Thirdparty/Middleware/FreeRTOS/Source/list.o
                0x000000000800e70e                vListInitialiseItem
 .text.vListInsertEnd
                0x000000000800e714       0x18 Thirdparty/Middleware/FreeRTOS/Source/list.o
                0x000000000800e714                vListInsertEnd
 .text.vListInsert
                0x000000000800e72c       0x2e Thirdparty/Middleware/FreeRTOS/Source/list.o
                0x000000000800e72c                vListInsert
 .text.uxListRemove
                0x000000000800e75a       0x26 Thirdparty/Middleware/FreeRTOS/Source/list.o
                0x000000000800e75a                uxListRemove
 .text.prvResetNextTaskUnblockTime
                0x000000000800e780       0x28 Thirdparty/Middleware/FreeRTOS/Source/tasks.o
 .text.prvWriteNameToBuffer
                0x000000000800e7a8       0x2e Thirdparty/Middleware/FreeRTOS/Source/tasks.o
 *fill*         0x000000000800e7d6        0x2 
 .text.prvIdleTask
                0x000000000800e7d8       0x60 Thirdparty/Middleware/FreeRTOS/Source/tasks.o
 .text.uxTaskGetSystemState
                0x000000000800e838       0x94 Thirdparty/Middleware/FreeRTOS/Source/tasks.o
                0x000000000800e838                uxTaskGetSystemState
 .text.pvTaskIncrementMutexHeldCount
                0x000000000800e8cc       0x1c Thirdparty/Middleware/FreeRTOS/Source/tasks.o
                0x000000000800e8cc                pvTaskIncrementMutexHeldCount
 .text.ulTaskNotifyTake
                0x000000000800e8e8       0x90 Thirdparty/Middleware/FreeRTOS/Source/tasks.o
                0x000000000800e8e8                ulTaskNotifyTake
 .text.xTaskGenericNotify
                0x000000000800e978       0xb4 Thirdparty/Middleware/FreeRTOS/Source/tasks.o
                0x000000000800e978                xTaskGenericNotify
 .text.prvTaskExitError
                0x000000000800ea2c       0x14 Thirdparty/Middleware/FreeRTOS/Source/portable/GCC/ARM_CM0/port.o
 .text.vPortStartFirstTask
                0x000000000800ea40       0x20 Thirdparty/Middleware/FreeRTOS/Source/portable/GCC/ARM_CM0/port.o
 .text.SVC_Handler
                0x000000000800ea60        0x2 Thirdparty/Middleware/FreeRTOS/Source/portable/GCC/ARM_CM0/port.o
                0x000000000800ea60                SVC_Handler
 *fill*         0x000000000800ea62        0x2 
 .text.vPortYield
                0x000000000800ea64       0x18 Thirdparty/Middleware/FreeRTOS/Source/portable/GCC/ARM_CM0/port.o
                0x000000000800ea64                vPortYield
 .text.vPortEnterCritical
                0x000000000800ea7c       0x18 Thirdparty/Middleware/FreeRTOS/Source/portable/GCC/ARM_CM0/port.o
                0x000000000800ea7c                vPortEnterCritical
 .text.vPortExitCritical
                0x000000000800ea94       0x20 Thirdparty/Middleware/FreeRTOS/Source/portable/GCC/ARM_CM0/port.o
                0x000000000800ea94                vPortExitCritical
 .text.ulSetInterruptMaskFromISR
                0x000000000800eab4        0xa Thirdparty/Middleware/FreeRTOS/Source/portable/GCC/ARM_CM0/port.o
                0x000000000800eab4                ulSetInterruptMaskFromISR
 .text.vClearInterruptMaskFromISR
                0x000000000800eabe        0x6 Thirdparty/Middleware/FreeRTOS/Source/portable/GCC/ARM_CM0/port.o
                0x000000000800eabe                vClearInterruptMaskFromISR
 .text.PendSV_Handler
                0x000000000800eac4       0x44 Thirdparty/Middleware/FreeRTOS/Source/portable/GCC/ARM_CM0/port.o
                0x000000000800eac4                PendSV_Handler
 .text.xPortSysTickHandler
                0x000000000800eb08       0x24 Thirdparty/Middleware/FreeRTOS/Source/portable/GCC/ARM_CM0/port.o
                0x000000000800eb08                xPortSysTickHandler
 .text.prvInsertBlockIntoFreeList
                0x000000000800eb2c       0x54 Thirdparty/Middleware/FreeRTOS/Source/portable/MemMang/heap_4.o
 .text.HAL_InitTick
                0x000000000800eb80       0x24 Thirdparty/STM32F0xx_HAL_Driver/Src/stm32f0xx_hal.o
                0x000000000800eb80                HAL_InitTick
 .text.HAL_Init
                0x000000000800eba4       0x20 Thirdparty/STM32F0xx_HAL_Driver/Src/stm32f0xx_hal.o
                0x000000000800eba4                HAL_Init
 .text.HAL_IncTick
                0x000000000800ebc4       0x10 Thirdparty/STM32F0xx_HAL_Driver/Src/stm32f0xx_hal.o
                0x000000000800ebc4                HAL_IncTick
 .text.HAL_GetTick
                0x000000000800ebd4        0xc Thirdparty/STM32F0xx_HAL_Driver/Src/stm32f0xx_hal.o
                0x000000000800ebd4                HAL_GetTick
 .text.HAL_Delay
                0x000000000800ebe0       0x1c Thirdparty/STM32F0xx_HAL_Driver/Src/stm32f0xx_hal.o
                0x000000000800ebe0                HAL_Delay
 .text.HAL_GetREVID
                0x000000000800ebfc        0xc Thirdparty/STM32F0xx_HAL_Driver/Src/stm32f0xx_hal.o
                0x000000000800ebfc                HAL_GetREVID
 .text.HAL_GetDEVID
                0x000000000800ec08       0x10 Thirdparty/STM32F0xx_HAL_Driver/Src/stm32f0xx_hal.o
                0x000000000800ec08                HAL_GetDEVID
 .text.HAL_NVIC_SetPriority
                0x000000000800ec18       0x68 Thirdparty/STM32F0xx_HAL_Driver/Src/stm32f0xx_hal_cortex.o
                0x000000000800ec18                HAL_NVIC_SetPriority
 .text.HAL_NVIC_EnableIRQ
                0x000000000800ec80       0x14 Thirdparty/STM32F0xx_HAL_Driver/Src/stm32f0xx_hal_cortex.o
                0x000000000800ec80                HAL_NVIC_EnableIRQ
 .text.HAL_NVIC_DisableIRQ
                0x000000000800ec94       0x14 Thirdparty/STM32F0xx_HAL_Driver/Src/stm32f0xx_hal_cortex.o
                0x000000000800ec94                HAL_NVIC_DisableIRQ
 .text.HAL_SYSTICK_Config
                0x000000000800eca8       0x38 Thirdparty/STM32F0xx_HAL_Driver/Src/stm32f0xx_hal_cortex.o
                0x000000000800eca8                HAL_SYSTICK_Config
 .text.HAL_SYSTICK_CLKSourceConfig
                0x000000000800ece0       0x20 Thirdparty/STM32F0xx_HAL_Driver/Src/stm32f0xx_hal_cortex.o
                0x000000000800ece0                HAL_SYSTICK_CLKSourceConfig
 .text.CRC_Handle_8
                0x000000000800ed00       0x7a Thirdparty/STM32F0xx_HAL_Driver/Src/stm32f0xx_hal_crc.o
 .text.CRC_Handle_16
                0x000000000800ed7a       0x32 Thirdparty/STM32F0xx_HAL_Driver/Src/stm32f0xx_hal_crc.o
 .text.HAL_CRC_Init
                0x000000000800edac       0x62 Thirdparty/STM32F0xx_HAL_Driver/Src/stm32f0xx_hal_crc.o
                0x000000000800edac                HAL_CRC_Init
 .text.HAL_CRC_Accumulate
                0x000000000800ee0e       0x58 Thirdparty/STM32F0xx_HAL_Driver/Src/stm32f0xx_hal_crc.o
                0x000000000800ee0e                HAL_CRC_Accumulate
 .text.HAL_CRC_Calculate
                0x000000000800ee66       0x62 Thirdparty/STM32F0xx_HAL_Driver/Src/stm32f0xx_hal_crc.o
                0x000000000800ee66                HAL_CRC_Calculate
 .text.HAL_CRCEx_Polynomial_Set
                0x000000000800eec8       0x5c Thirdparty/STM32F0xx_HAL_Driver/Src/stm32f0xx_hal_crc_ex.o
                0x000000000800eec8                HAL_CRCEx_Polynomial_Set
 .text.HAL_CRCEx_Init
                0x000000000800ef24       0x30 Thirdparty/STM32F0xx_HAL_Driver/Src/stm32f0xx_hal_crc_ex.o
                0x000000000800ef24                HAL_CRCEx_Init
 .text.HAL_DMA_Init
                0x000000000800ef54       0x54 Thirdparty/STM32F0xx_HAL_Driver/Src/stm32f0xx_hal_dma.o
                0x000000000800ef54                HAL_DMA_Init
 .text.HAL_DMA_Start_IT
                0x000000000800efa8       0x6a Thirdparty/STM32F0xx_HAL_Driver/Src/stm32f0xx_hal_dma.o
                0x000000000800efa8                HAL_DMA_Start_IT
 .text.HAL_DMA_Abort
                0x000000000800f012       0x52 Thirdparty/STM32F0xx_HAL_Driver/Src/stm32f0xx_hal_dma.o
                0x000000000800f012                HAL_DMA_Abort
 .text.HAL_DMA_IRQHandler
                0x000000000800f064      0x8ac Thirdparty/STM32F0xx_HAL_Driver/Src/stm32f0xx_hal_dma.o
                0x000000000800f064                HAL_DMA_IRQHandler
 .text.FLASH_SetErrorCode
                0x000000000800f910       0x34 Thirdparty/STM32F0xx_HAL_Driver/Src/stm32f0xx_hal_flash.o
 .text.HAL_FLASH_Unlock
                0x000000000800f944       0x24 Thirdparty/STM32F0xx_HAL_Driver/Src/stm32f0xx_hal_flash.o
                0x000000000800f944                HAL_FLASH_Unlock
 .text.HAL_FLASH_Lock
                0x000000000800f968       0x14 Thirdparty/STM32F0xx_HAL_Driver/Src/stm32f0xx_hal_flash.o
                0x000000000800f968                HAL_FLASH_Lock
 .text.FLASH_WaitForLastOperation
                0x000000000800f97c       0x5c Thirdparty/STM32F0xx_HAL_Driver/Src/stm32f0xx_hal_flash.o
                0x000000000800f97c                FLASH_WaitForLastOperation
 .text.HAL_FLASH_Program
                0x000000000800f9d8       0xcc Thirdparty/STM32F0xx_HAL_Driver/Src/stm32f0xx_hal_flash.o
                0x000000000800f9d8                HAL_FLASH_Program
 .text.FLASH_MassErase
                0x000000000800faa4       0x24 Thirdparty/STM32F0xx_HAL_Driver/Src/stm32f0xx_hal_flash_ex.o
 .text.FLASH_PageErase
                0x000000000800fac8       0x24 Thirdparty/STM32F0xx_HAL_Driver/Src/stm32f0xx_hal_flash_ex.o
                0x000000000800fac8                FLASH_PageErase
 .text.HAL_FLASHEx_Erase
                0x000000000800faec       0xc0 Thirdparty/STM32F0xx_HAL_Driver/Src/stm32f0xx_hal_flash_ex.o
                0x000000000800faec                HAL_FLASHEx_Erase
 .text.HAL_GPIO_Init
                0x000000000800fbac      0x1c0 Thirdparty/STM32F0xx_HAL_Driver/Src/stm32f0xx_hal_gpio.o
                0x000000000800fbac                HAL_GPIO_Init
 .text.HAL_GPIO_ReadPin
                0x000000000800fd6c        0xc Thirdparty/STM32F0xx_HAL_Driver/Src/stm32f0xx_hal_gpio.o
                0x000000000800fd6c                HAL_GPIO_ReadPin
 .text.HAL_GPIO_WritePin
                0x000000000800fd78        0xc Thirdparty/STM32F0xx_HAL_Driver/Src/stm32f0xx_hal_gpio.o
                0x000000000800fd78                HAL_GPIO_WritePin
 .text.HAL_GPIO_TogglePin
                0x000000000800fd84        0x8 Thirdparty/STM32F0xx_HAL_Driver/Src/stm32f0xx_hal_gpio.o
                0x000000000800fd84                HAL_GPIO_TogglePin
 .text.HAL_MspInit
                0x000000000800fd8c        0x2 Thirdparty/STM32F0xx_HAL_Driver/Src/stm32f0xx_hal_msp_template.o
                0x000000000800fd8c                HAL_MspInit
 *fill*         0x000000000800fd8e        0x2 
 .text.HAL_PWR_EnableBkUpAccess
                0x000000000800fd90       0x14 Thirdparty/STM32F0xx_HAL_Driver/Src/stm32f0xx_hal_pwr.o
                0x000000000800fd90                HAL_PWR_EnableBkUpAccess
 .text.HAL_RCC_OscConfig
                0x000000000800fda4      0x584 Thirdparty/STM32F0xx_HAL_Driver/Src/stm32f0xx_hal_rcc.o
                0x000000000800fda4                HAL_RCC_OscConfig
 .text.HAL_RCC_ClockConfig
                0x0000000008010328      0x274 Thirdparty/STM32F0xx_HAL_Driver/Src/stm32f0xx_hal_rcc.o
                0x0000000008010328                HAL_RCC_ClockConfig
 .text.HAL_RCC_GetSysClockFreq
                0x000000000801059c       0xa0 Thirdparty/STM32F0xx_HAL_Driver/Src/stm32f0xx_hal_rcc.o
                0x000000000801059c                HAL_RCC_GetSysClockFreq
 .text.HAL_RCC_GetHCLKFreq
                0x000000000801063c       0x28 Thirdparty/STM32F0xx_HAL_Driver/Src/stm32f0xx_hal_rcc.o
                0x000000000801063c                HAL_RCC_GetHCLKFreq
 .text.HAL_RCC_GetPCLK1Freq
                0x0000000008010664       0x20 Thirdparty/STM32F0xx_HAL_Driver/Src/stm32f0xx_hal_rcc.o
                0x0000000008010664                HAL_RCC_GetPCLK1Freq
 .text.HAL_RCCEx_PeriphCLKConfig
                0x0000000008010684      0x13c Thirdparty/STM32F0xx_HAL_Driver/Src/stm32f0xx_hal_rcc_ex.o
                0x0000000008010684                HAL_RCCEx_PeriphCLKConfig
 .text.HAL_RTC_MspInit
                0x00000000080107c0        0x2 Thirdparty/STM32F0xx_HAL_Driver/Src/stm32f0xx_hal_rtc.o
                0x00000000080107c0                HAL_RTC_MspInit
 .text.HAL_RTC_WaitForSynchro
                0x00000000080107c2       0x34 Thirdparty/STM32F0xx_HAL_Driver/Src/stm32f0xx_hal_rtc.o
                0x00000000080107c2                HAL_RTC_WaitForSynchro
 .text.RTC_EnterInitMode
                0x00000000080107f6       0x3c Thirdparty/STM32F0xx_HAL_Driver/Src/stm32f0xx_hal_rtc.o
                0x00000000080107f6                RTC_EnterInitMode
 *fill*         0x0000000008010832        0x2 
 .text.HAL_RTC_Init
                0x0000000008010834       0xa0 Thirdparty/STM32F0xx_HAL_Driver/Src/stm32f0xx_hal_rtc.o
                0x0000000008010834                HAL_RTC_Init
 .text.RTC_ByteToBcd2
                0x00000000080108d4       0x1c Thirdparty/STM32F0xx_HAL_Driver/Src/stm32f0xx_hal_rtc.o
                0x00000000080108d4                RTC_ByteToBcd2
 .text.HAL_RTC_SetTime
                0x00000000080108f0      0x10c Thirdparty/STM32F0xx_HAL_Driver/Src/stm32f0xx_hal_rtc.o
                0x00000000080108f0                HAL_RTC_SetTime
 .text.HAL_RTC_SetDate
                0x00000000080109fc       0xe4 Thirdparty/STM32F0xx_HAL_Driver/Src/stm32f0xx_hal_rtc.o
                0x00000000080109fc                HAL_RTC_SetDate
 .text.RTC_Bcd2ToByte
                0x0000000008010ae0       0x14 Thirdparty/STM32F0xx_HAL_Driver/Src/stm32f0xx_hal_rtc.o
                0x0000000008010ae0                RTC_Bcd2ToByte
 .text.HAL_RTC_GetTime
                0x0000000008010af4       0x4c Thirdparty/STM32F0xx_HAL_Driver/Src/stm32f0xx_hal_rtc.o
                0x0000000008010af4                HAL_RTC_GetTime
 .text.HAL_RTC_GetDate
                0x0000000008010b40       0x44 Thirdparty/STM32F0xx_HAL_Driver/Src/stm32f0xx_hal_rtc.o
                0x0000000008010b40                HAL_RTC_GetDate
 .text.HAL_RTCEx_BKUPWrite
                0x0000000008010b84        0xc Thirdparty/STM32F0xx_HAL_Driver/Src/stm32f0xx_hal_rtc_ex.o
                0x0000000008010b84                HAL_RTCEx_BKUPWrite
 .text.HAL_RTCEx_BKUPRead
                0x0000000008010b90        0xc Thirdparty/STM32F0xx_HAL_Driver/Src/stm32f0xx_hal_rtc_ex.o
                0x0000000008010b90                HAL_RTCEx_BKUPRead
 .text.TIM_OC1_SetConfig
                0x0000000008010b9c       0x9c Thirdparty/STM32F0xx_HAL_Driver/Src/stm32f0xx_hal_tim.o
 .text.TIM_OC3_SetConfig
                0x0000000008010c38       0x88 Thirdparty/STM32F0xx_HAL_Driver/Src/stm32f0xx_hal_tim.o
 .text.TIM_OC4_SetConfig
                0x0000000008010cc0       0x74 Thirdparty/STM32F0xx_HAL_Driver/Src/stm32f0xx_hal_tim.o
 .text.HAL_TIM_Base_MspInit
                0x0000000008010d34        0x2 Thirdparty/STM32F0xx_HAL_Driver/Src/stm32f0xx_hal_tim.o
                0x0000000008010d34                HAL_TIM_Base_MspInit
 .text.HAL_TIM_Base_Start
                0x0000000008010d36       0x18 Thirdparty/STM32F0xx_HAL_Driver/Src/stm32f0xx_hal_tim.o
                0x0000000008010d36                HAL_TIM_Base_Start
 *fill*         0x0000000008010d4e        0x2 
 .text.HAL_TIM_Base_Stop
                0x0000000008010d50       0x34 Thirdparty/STM32F0xx_HAL_Driver/Src/stm32f0xx_hal_tim.o
                0x0000000008010d50                HAL_TIM_Base_Stop
 .text.HAL_TIM_PWM_MspInit
                0x0000000008010d84        0x2 Thirdparty/STM32F0xx_HAL_Driver/Src/stm32f0xx_hal_tim.o
                0x0000000008010d84                HAL_TIM_PWM_MspInit
 *fill*         0x0000000008010d86        0x2 
 .text.HAL_TIM_ConfigClockSource
                0x0000000008010d88      0x1b4 Thirdparty/STM32F0xx_HAL_Driver/Src/stm32f0xx_hal_tim.o
                0x0000000008010d88                HAL_TIM_ConfigClockSource
 .text.HAL_TIM_PeriodElapsedCallback
                0x0000000008010f3c        0x2 Thirdparty/STM32F0xx_HAL_Driver/Src/stm32f0xx_hal_tim.o
                0x0000000008010f3c                HAL_TIM_PeriodElapsedCallback
 .text.HAL_TIM_OC_DelayElapsedCallback
                0x0000000008010f3e        0x2 Thirdparty/STM32F0xx_HAL_Driver/Src/stm32f0xx_hal_tim.o
                0x0000000008010f3e                HAL_TIM_OC_DelayElapsedCallback
 .text.HAL_TIM_IC_CaptureCallback
                0x0000000008010f40        0x2 Thirdparty/STM32F0xx_HAL_Driver/Src/stm32f0xx_hal_tim.o
                0x0000000008010f40                HAL_TIM_IC_CaptureCallback
 .text.HAL_TIM_PWM_PulseFinishedCallback
                0x0000000008010f42        0x2 Thirdparty/STM32F0xx_HAL_Driver/Src/stm32f0xx_hal_tim.o
                0x0000000008010f42                HAL_TIM_PWM_PulseFinishedCallback
 .text.HAL_TIM_TriggerCallback
                0x0000000008010f44        0x2 Thirdparty/STM32F0xx_HAL_Driver/Src/stm32f0xx_hal_tim.o
                0x0000000008010f44                HAL_TIM_TriggerCallback
 .text.HAL_TIM_IRQHandler
                0x0000000008010f46      0x15a Thirdparty/STM32F0xx_HAL_Driver/Src/stm32f0xx_hal_tim.o
                0x0000000008010f46                HAL_TIM_IRQHandler
 .text.TIM_Base_SetConfig
                0x00000000080110a0       0xf8 Thirdparty/STM32F0xx_HAL_Driver/Src/stm32f0xx_hal_tim.o
                0x00000000080110a0                TIM_Base_SetConfig
 .text.HAL_TIM_Base_Init
                0x0000000008011198       0x34 Thirdparty/STM32F0xx_HAL_Driver/Src/stm32f0xx_hal_tim.o
                0x0000000008011198                HAL_TIM_Base_Init
 .text.HAL_TIM_PWM_Init
                0x00000000080111cc       0x34 Thirdparty/STM32F0xx_HAL_Driver/Src/stm32f0xx_hal_tim.o
                0x00000000080111cc                HAL_TIM_PWM_Init
 .text.TIM_OC2_SetConfig
                0x0000000008011200       0x80 Thirdparty/STM32F0xx_HAL_Driver/Src/stm32f0xx_hal_tim.o
                0x0000000008011200                TIM_OC2_SetConfig
 .text.HAL_TIM_PWM_ConfigChannel
                0x0000000008011280       0xec Thirdparty/STM32F0xx_HAL_Driver/Src/stm32f0xx_hal_tim.o
                0x0000000008011280                HAL_TIM_PWM_ConfigChannel
 .text.TIM_CCxChannelCmd
                0x000000000801136c       0x16 Thirdparty/STM32F0xx_HAL_Driver/Src/stm32f0xx_hal_tim.o
                0x000000000801136c                TIM_CCxChannelCmd
 *fill*         0x0000000008011382        0x2 
 .text.HAL_TIM_PWM_Start
                0x0000000008011384       0x50 Thirdparty/STM32F0xx_HAL_Driver/Src/stm32f0xx_hal_tim.o
                0x0000000008011384                HAL_TIM_PWM_Start
 .text.HAL_TIMEx_MasterConfigSynchronization
                0x00000000080113d4       0x4c Thirdparty/STM32F0xx_HAL_Driver/Src/stm32f0xx_hal_tim_ex.o
                0x00000000080113d4                HAL_TIMEx_MasterConfigSynchronization
 .text.HAL_TIMEx_CommutationCallback
                0x0000000008011420        0x2 Thirdparty/STM32F0xx_HAL_Driver/Src/stm32f0xx_hal_tim_ex.o
                0x0000000008011420                HAL_TIMEx_CommutationCallback
 .text.HAL_TIMEx_BreakCallback
                0x0000000008011422        0x2 Thirdparty/STM32F0xx_HAL_Driver/Src/stm32f0xx_hal_tim_ex.o
                0x0000000008011422                HAL_TIMEx_BreakCallback
 .text.HAL_UART_MspDeInit
                0x0000000008011424        0x2 Thirdparty/STM32F0xx_HAL_Driver/Src/stm32f0xx_hal_uart.o
                0x0000000008011424                HAL_UART_MspDeInit
 .text.HAL_UART_DeInit
                0x0000000008011426       0x3a Thirdparty/STM32F0xx_HAL_Driver/Src/stm32f0xx_hal_uart.o
                0x0000000008011426                HAL_UART_DeInit
 .text.HAL_UART_Transmit_IT
                0x0000000008011460       0x78 Thirdparty/STM32F0xx_HAL_Driver/Src/stm32f0xx_hal_uart.o
                0x0000000008011460                HAL_UART_Transmit_IT
 .text.HAL_UART_Receive_IT
                0x00000000080114d8       0xe0 Thirdparty/STM32F0xx_HAL_Driver/Src/stm32f0xx_hal_uart.o
                0x00000000080114d8                HAL_UART_Receive_IT
 .text.HAL_UART_Transmit_DMA
                0x00000000080115b8       0xa0 Thirdparty/STM32F0xx_HAL_Driver/Src/stm32f0xx_hal_uart.o
                0x00000000080115b8                HAL_UART_Transmit_DMA
 .text.HAL_UART_Receive_DMA
                0x0000000008011658       0x98 Thirdparty/STM32F0xx_HAL_Driver/Src/stm32f0xx_hal_uart.o
                0x0000000008011658                HAL_UART_Receive_DMA
 .text.UART_DMATransmitCplt
                0x00000000080116f0       0x30 Thirdparty/STM32F0xx_HAL_Driver/Src/stm32f0xx_hal_uart.o
 .text.HAL_UART_TxHalfCpltCallback
                0x0000000008011720        0x2 Thirdparty/STM32F0xx_HAL_Driver/Src/stm32f0xx_hal_uart.o
                0x0000000008011720                HAL_UART_TxHalfCpltCallback
 .text.UART_DMATxHalfCplt
                0x0000000008011722        0xa Thirdparty/STM32F0xx_HAL_Driver/Src/stm32f0xx_hal_uart.o
 .text.UART_DMAReceiveCplt
                0x000000000801172c       0x3a Thirdparty/STM32F0xx_HAL_Driver/Src/stm32f0xx_hal_uart.o
 .text.HAL_UART_RxHalfCpltCallback
                0x0000000008011766        0x2 Thirdparty/STM32F0xx_HAL_Driver/Src/stm32f0xx_hal_uart.o
                0x0000000008011766                HAL_UART_RxHalfCpltCallback
 .text.UART_DMARxHalfCplt
                0x0000000008011768        0xa Thirdparty/STM32F0xx_HAL_Driver/Src/stm32f0xx_hal_uart.o
 .text.UART_DMAError
                0x0000000008011772       0x22 Thirdparty/STM32F0xx_HAL_Driver/Src/stm32f0xx_hal_uart.o
 .text.UART_SetConfig
                0x0000000008011794      0x248 Thirdparty/STM32F0xx_HAL_Driver/Src/stm32f0xx_hal_uart.o
                0x0000000008011794                UART_SetConfig
 .text.UART_AdvFeatureConfig
                0x00000000080119dc       0xe0 Thirdparty/STM32F0xx_HAL_Driver/Src/stm32f0xx_hal_uart.o
                0x00000000080119dc                UART_AdvFeatureConfig
 .text.UART_WaitOnFlagUntilTimeout
                0x0000000008011abc       0xd0 Thirdparty/STM32F0xx_HAL_Driver/Src/stm32f0xx_hal_uart.o
                0x0000000008011abc                UART_WaitOnFlagUntilTimeout
 .text.HAL_UART_Transmit
                0x0000000008011b8c       0xd4 Thirdparty/STM32F0xx_HAL_Driver/Src/stm32f0xx_hal_uart.o
                0x0000000008011b8c                HAL_UART_Transmit
 .text.UART_CheckIdleState
                0x0000000008011c60       0x78 Thirdparty/STM32F0xx_HAL_Driver/Src/stm32f0xx_hal_uart.o
                0x0000000008011c60                UART_CheckIdleState
 .text.HAL_UART_Init
                0x0000000008011cd8       0x70 Thirdparty/STM32F0xx_HAL_Driver/Src/stm32f0xx_hal_uart.o
                0x0000000008011cd8                HAL_UART_Init
 .text.UART_Transmit_IT
                0x0000000008011d48       0x70 Thirdparty/STM32F0xx_HAL_Driver/Src/stm32f0xx_hal_uart.o
                0x0000000008011d48                UART_Transmit_IT
 .text.UART_EndTransmit_IT
                0x0000000008011db8       0x32 Thirdparty/STM32F0xx_HAL_Driver/Src/stm32f0xx_hal_uart.o
                0x0000000008011db8                UART_EndTransmit_IT
 *fill*         0x0000000008011dea        0x2 
 .text.UART_Receive_IT
                0x0000000008011dec       0x98 Thirdparty/STM32F0xx_HAL_Driver/Src/stm32f0xx_hal_uart.o
                0x0000000008011dec                UART_Receive_IT
 .text.HAL_UARTEx_WakeupCallback
                0x0000000008011e84        0x2 Thirdparty/STM32F0xx_HAL_Driver/Src/stm32f0xx_hal_uart_ex.o
                0x0000000008011e84                HAL_UARTEx_WakeupCallback
 .text.HAL_UART_IRQHandler
                0x0000000008011e86       0xfc Thirdparty/STM32F0xx_HAL_Driver/Src/stm32f0xx_hal_uart_ex.o
                0x0000000008011e86                HAL_UART_IRQHandler
 .text.main     0x0000000008011f82       0x18 User/main.o
                0x0000000008011f82                main
 .text.UserTask
                0x0000000008011f9a        0x2 User/main.o
                0x0000000008011f9a                UserTask
 .text.atof     0x0000000008011f9c        0xa c:/st/stm32cubeide_1.0.0/stm32cubeide/plugins/com.st.stm32cube.ide.mcu.externaltools.gnu-tools-for-stm32.7-2018-q2-update.win32_1.0.0.201904181610/tools/bin/../lib/gcc/arm-none-eabi/7.3.1/../../../../arm-none-eabi/lib/thumb/v6-m\libc_nano.a(lib_a-atof.o)
                0x0000000008011f9c                atof
 .text.atoi     0x0000000008011fa6        0xc c:/st/stm32cubeide_1.0.0/stm32cubeide/plugins/com.st.stm32cube.ide.mcu.externaltools.gnu-tools-for-stm32.7-2018-q2-update.win32_1.0.0.201904181610/tools/bin/../lib/gcc/arm-none-eabi/7.3.1/../../../../arm-none-eabi/lib/thumb/v6-m\libc_nano.a(lib_a-atoi.o)
                0x0000000008011fa6                atoi
 .text.atol     0x0000000008011fb2        0xc c:/st/stm32cubeide_1.0.0/stm32cubeide/plugins/com.st.stm32cube.ide.mcu.externaltools.gnu-tools-for-stm32.7-2018-q2-update.win32_1.0.0.201904181610/tools/bin/../lib/gcc/arm-none-eabi/7.3.1/../../../../arm-none-eabi/lib/thumb/v6-m\libc_nano.a(lib_a-atol.o)
                0x0000000008011fb2                atol
 *fill*         0x0000000008011fbe        0x2 
 .text.__libc_init_array
                0x0000000008011fc0       0x48 c:/st/stm32cubeide_1.0.0/stm32cubeide/plugins/com.st.stm32cube.ide.mcu.externaltools.gnu-tools-for-stm32.7-2018-q2-update.win32_1.0.0.201904181610/tools/bin/../lib/gcc/arm-none-eabi/7.3.1/../../../../arm-none-eabi/lib/thumb/v6-m\libc_nano.a(lib_a-init.o)
                0x0000000008011fc0                __libc_init_array
 .text.__locale_ctype_ptr_l
                0x0000000008012008        0x6 c:/st/stm32cubeide_1.0.0/stm32cubeide/plugins/com.st.stm32cube.ide.mcu.externaltools.gnu-tools-for-stm32.7-2018-q2-update.win32_1.0.0.201904181610/tools/bin/../lib/gcc/arm-none-eabi/7.3.1/../../../../arm-none-eabi/lib/thumb/v6-m\libc_nano.a(lib_a-locale.o)
                0x0000000008012008                __locale_ctype_ptr_l
 *fill*         0x000000000801200e        0x2 
 .text.__locale_ctype_ptr
                0x0000000008012010       0x1c c:/st/stm32cubeide_1.0.0/stm32cubeide/plugins/com.st.stm32cube.ide.mcu.externaltools.gnu-tools-for-stm32.7-2018-q2-update.win32_1.0.0.201904181610/tools/bin/../lib/gcc/arm-none-eabi/7.3.1/../../../../arm-none-eabi/lib/thumb/v6-m\libc_nano.a(lib_a-locale.o)
                0x0000000008012010                __locale_ctype_ptr
 .text.malloc   0x000000000801202c       0x14 c:/st/stm32cubeide_1.0.0/stm32cubeide/plugins/com.st.stm32cube.ide.mcu.externaltools.gnu-tools-for-stm32.7-2018-q2-update.win32_1.0.0.201904181610/tools/bin/../lib/gcc/arm-none-eabi/7.3.1/../../../../arm-none-eabi/lib/thumb/v6-m\libc_nano.a(lib_a-malloc.o)
                0x000000000801202c                malloc
 .text.free     0x0000000008012040       0x14 c:/st/stm32cubeide_1.0.0/stm32cubeide/plugins/com.st.stm32cube.ide.mcu.externaltools.gnu-tools-for-stm32.7-2018-q2-update.win32_1.0.0.201904181610/tools/bin/../lib/gcc/arm-none-eabi/7.3.1/../../../../arm-none-eabi/lib/thumb/v6-m\libc_nano.a(lib_a-malloc.o)
                0x0000000008012040                free
 .text.__ascii_mbtowc
                0x0000000008012054       0x24 c:/st/stm32cubeide_1.0.0/stm32cubeide/plugins/com.st.stm32cube.ide.mcu.externaltools.gnu-tools-for-stm32.7-2018-q2-update.win32_1.0.0.201904181610/tools/bin/../lib/gcc/arm-none-eabi/7.3.1/../../../../arm-none-eabi/lib/thumb/v6-m\libc_nano.a(lib_a-mbtowc_r.o)
                0x0000000008012054                __ascii_mbtowc
 .text.memcmp   0x0000000008012078       0x1e c:/st/stm32cubeide_1.0.0/stm32cubeide/plugins/com.st.stm32cube.ide.mcu.externaltools.gnu-tools-for-stm32.7-2018-q2-update.win32_1.0.0.201904181610/tools/bin/../lib/gcc/arm-none-eabi/7.3.1/../../../../arm-none-eabi/lib/thumb/v6-m\libc_nano.a(lib_a-memcmp.o)
                0x0000000008012078                memcmp
 .text.memcpy   0x0000000008012096       0x12 c:/st/stm32cubeide_1.0.0/stm32cubeide/plugins/com.st.stm32cube.ide.mcu.externaltools.gnu-tools-for-stm32.7-2018-q2-update.win32_1.0.0.201904181610/tools/bin/../lib/gcc/arm-none-eabi/7.3.1/../../../../arm-none-eabi/lib/thumb/v6-m\libc_nano.a(lib_a-memcpy-stub.o)
                0x0000000008012096                memcpy
 .text.memset   0x00000000080120a8       0x10 c:/st/stm32cubeide_1.0.0/stm32cubeide/plugins/com.st.stm32cube.ide.mcu.externaltools.gnu-tools-for-stm32.7-2018-q2-update.win32_1.0.0.201904181610/tools/bin/../lib/gcc/arm-none-eabi/7.3.1/../../../../arm-none-eabi/lib/thumb/v6-m\libc_nano.a(lib_a-memset.o)
                0x00000000080120a8                memset
 .text._free_r  0x00000000080120b8       0x94 c:/st/stm32cubeide_1.0.0/stm32cubeide/plugins/com.st.stm32cube.ide.mcu.externaltools.gnu-tools-for-stm32.7-2018-q2-update.win32_1.0.0.201904181610/tools/bin/../lib/gcc/arm-none-eabi/7.3.1/../../../../arm-none-eabi/lib/thumb/v6-m\libc_nano.a(lib_a-nano-freer.o)
                0x00000000080120b8                _free_r
 .text._malloc_r
                0x000000000801214c       0xbc c:/st/stm32cubeide_1.0.0/stm32cubeide/plugins/com.st.stm32cube.ide.mcu.externaltools.gnu-tools-for-stm32.7-2018-q2-update.win32_1.0.0.201904181610/tools/bin/../lib/gcc/arm-none-eabi/7.3.1/../../../../arm-none-eabi/lib/thumb/v6-m\libc_nano.a(lib_a-nano-mallocr.o)
                0x000000000801214c                _malloc_r
 .text.rand     0x0000000008012208       0x64 c:/st/stm32cubeide_1.0.0/stm32cubeide/plugins/com.st.stm32cube.ide.mcu.externaltools.gnu-tools-for-stm32.7-2018-q2-update.win32_1.0.0.201904181610/tools/bin/../lib/gcc/arm-none-eabi/7.3.1/../../../../arm-none-eabi/lib/thumb/v6-m\libc_nano.a(lib_a-rand.o)
                0x0000000008012208                rand
 .text.realloc  0x000000000801226c       0x14 c:/st/stm32cubeide_1.0.0/stm32cubeide/plugins/com.st.stm32cube.ide.mcu.externaltools.gnu-tools-for-stm32.7-2018-q2-update.win32_1.0.0.201904181610/tools/bin/../lib/gcc/arm-none-eabi/7.3.1/../../../../arm-none-eabi/lib/thumb/v6-m\libc_nano.a(lib_a-realloc.o)
                0x000000000801226c                realloc
 .text._sbrk_r  0x0000000008012280       0x24 c:/st/stm32cubeide_1.0.0/stm32cubeide/plugins/com.st.stm32cube.ide.mcu.externaltools.gnu-tools-for-stm32.7-2018-q2-update.win32_1.0.0.201904181610/tools/bin/../lib/gcc/arm-none-eabi/7.3.1/../../../../arm-none-eabi/lib/thumb/v6-m\libc_nano.a(lib_a-sbrkr.o)
                0x0000000008012280                _sbrk_r
 .text.sprintf  0x00000000080122a4       0x40 c:/st/stm32cubeide_1.0.0/stm32cubeide/plugins/com.st.stm32cube.ide.mcu.externaltools.gnu-tools-for-stm32.7-2018-q2-update.win32_1.0.0.201904181610/tools/bin/../lib/gcc/arm-none-eabi/7.3.1/../../../../arm-none-eabi/lib/thumb/v6-m\libc_nano.a(lib_a-sprintf.o)
                0x00000000080122a4                siprintf
                0x00000000080122a4                sprintf
 .text.strcat   0x00000000080122e4       0x1c c:/st/stm32cubeide_1.0.0/stm32cubeide/plugins/com.st.stm32cube.ide.mcu.externaltools.gnu-tools-for-stm32.7-2018-q2-update.win32_1.0.0.201904181610/tools/bin/../lib/gcc/arm-none-eabi/7.3.1/../../../../arm-none-eabi/lib/thumb/v6-m\libc_nano.a(lib_a-strcat.o)
                0x00000000080122e4                strcat
 .text.strchr   0x0000000008012300       0x1c c:/st/stm32cubeide_1.0.0/stm32cubeide/plugins/com.st.stm32cube.ide.mcu.externaltools.gnu-tools-for-stm32.7-2018-q2-update.win32_1.0.0.201904181610/tools/bin/../lib/gcc/arm-none-eabi/7.3.1/../../../../arm-none-eabi/lib/thumb/v6-m\libc_nano.a(lib_a-strchr.o)
                0x0000000008012300                strchr
 .text.strcpy   0x000000000801231c       0x10 c:/st/stm32cubeide_1.0.0/stm32cubeide/plugins/com.st.stm32cube.ide.mcu.externaltools.gnu-tools-for-stm32.7-2018-q2-update.win32_1.0.0.201904181610/tools/bin/../lib/gcc/arm-none-eabi/7.3.1/../../../../arm-none-eabi/lib/thumb/v6-m\libc_nano.a(lib_a-strcpy.o)
                0x000000000801231c                strcpy
 .text.strncmp  0x000000000801232c       0x22 c:/st/stm32cubeide_1.0.0/stm32cubeide/plugins/com.st.stm32cube.ide.mcu.externaltools.gnu-tools-for-stm32.7-2018-q2-update.win32_1.0.0.201904181610/tools/bin/../lib/gcc/arm-none-eabi/7.3.1/../../../../arm-none-eabi/lib/thumb/v6-m\libc_nano.a(lib_a-strncmp.o)
                0x000000000801232c                strncmp
 .text.strncpy  0x000000000801234e       0x28 c:/st/stm32cubeide_1.0.0/stm32cubeide/plugins/com.st.stm32cube.ide.mcu.externaltools.gnu-tools-for-stm32.7-2018-q2-update.win32_1.0.0.201904181610/tools/bin/../lib/gcc/arm-none-eabi/7.3.1/../../../../arm-none-eabi/lib/thumb/v6-m\libc_nano.a(lib_a-strncpy.o)
                0x000000000801234e                strncpy
 *fill*         0x0000000008012376        0x2 
 .text.unlikely.sulp
                0x0000000008012378       0x30 c:/st/stm32cubeide_1.0.0/stm32cubeide/plugins/com.st.stm32cube.ide.mcu.externaltools.gnu-tools-for-stm32.7-2018-q2-update.win32_1.0.0.201904181610/tools/bin/../lib/gcc/arm-none-eabi/7.3.1/../../../../arm-none-eabi/lib/thumb/v6-m\libc_nano.a(lib_a-strtod.o)
 .text._strtod_l
                0x00000000080123a8      0xc50 c:/st/stm32cubeide_1.0.0/stm32cubeide/plugins/com.st.stm32cube.ide.mcu.externaltools.gnu-tools-for-stm32.7-2018-q2-update.win32_1.0.0.201904181610/tools/bin/../lib/gcc/arm-none-eabi/7.3.1/../../../../arm-none-eabi/lib/thumb/v6-m\libc_nano.a(lib_a-strtod.o)
                0x00000000080123a8                _strtod_l
 .text.strtod   0x0000000008012ff8       0x24 c:/st/stm32cubeide_1.0.0/stm32cubeide/plugins/com.st.stm32cube.ide.mcu.externaltools.gnu-tools-for-stm32.7-2018-q2-update.win32_1.0.0.201904181610/tools/bin/../lib/gcc/arm-none-eabi/7.3.1/../../../../arm-none-eabi/lib/thumb/v6-m\libc_nano.a(lib_a-strtod.o)
                0x0000000008012ff8                strtod
 .text.strtok   0x000000000801301c       0x50 c:/st/stm32cubeide_1.0.0/stm32cubeide/plugins/com.st.stm32cube.ide.mcu.externaltools.gnu-tools-for-stm32.7-2018-q2-update.win32_1.0.0.201904181610/tools/bin/../lib/gcc/arm-none-eabi/7.3.1/../../../../arm-none-eabi/lib/thumb/v6-m\libc_nano.a(lib_a-strtok.o)
                0x000000000801301c                strtok
 .text.__strtok_r
                0x000000000801306c       0x5a c:/st/stm32cubeide_1.0.0/stm32cubeide/plugins/com.st.stm32cube.ide.mcu.externaltools.gnu-tools-for-stm32.7-2018-q2-update.win32_1.0.0.201904181610/tools/bin/../lib/gcc/arm-none-eabi/7.3.1/../../../../arm-none-eabi/lib/thumb/v6-m\libc_nano.a(lib_a-strtok_r.o)
                0x000000000801306c                __strtok_r
 *fill*         0x00000000080130c6        0x2 
 .text._strtol_l.isra.0
                0x00000000080130c8      0x104 c:/st/stm32cubeide_1.0.0/stm32cubeide/plugins/com.st.stm32cube.ide.mcu.externaltools.gnu-tools-for-stm32.7-2018-q2-update.win32_1.0.0.201904181610/tools/bin/../lib/gcc/arm-none-eabi/7.3.1/../../../../arm-none-eabi/lib/thumb/v6-m\libc_nano.a(lib_a-strtol.o)
 .text.strtol   0x00000000080131cc       0x28 c:/st/stm32cubeide_1.0.0/stm32cubeide/plugins/com.st.stm32cube.ide.mcu.externaltools.gnu-tools-for-stm32.7-2018-q2-update.win32_1.0.0.201904181610/tools/bin/../lib/gcc/arm-none-eabi/7.3.1/../../../../arm-none-eabi/lib/thumb/v6-m\libc_nano.a(lib_a-strtol.o)
                0x00000000080131cc                strtol
 .text.__ascii_wctomb
                0x00000000080131f4       0x18 c:/st/stm32cubeide_1.0.0/stm32cubeide/plugins/com.st.stm32cube.ide.mcu.externaltools.gnu-tools-for-stm32.7-2018-q2-update.win32_1.0.0.201904181610/tools/bin/../lib/gcc/arm-none-eabi/7.3.1/../../../../arm-none-eabi/lib/thumb/v6-m\libc_nano.a(lib_a-wctomb_r.o)
                0x00000000080131f4                __ascii_wctomb
 .text.rshift   0x000000000801320c       0x68 c:/st/stm32cubeide_1.0.0/stm32cubeide/plugins/com.st.stm32cube.ide.mcu.externaltools.gnu-tools-for-stm32.7-2018-q2-update.win32_1.0.0.201904181610/tools/bin/../lib/gcc/arm-none-eabi/7.3.1/../../../../arm-none-eabi/lib/thumb/v6-m\libc_nano.a(lib_a-gdtoa-gethex.o)
 .text.__hexdig_fun
                0x0000000008013274       0x2a c:/st/stm32cubeide_1.0.0/stm32cubeide/plugins/com.st.stm32cube.ide.mcu.externaltools.gnu-tools-for-stm32.7-2018-q2-update.win32_1.0.0.201904181610/tools/bin/../lib/gcc/arm-none-eabi/7.3.1/../../../../arm-none-eabi/lib/thumb/v6-m\libc_nano.a(lib_a-gdtoa-gethex.o)
                0x0000000008013274                __hexdig_fun
 .text.__gethex
                0x000000000801329e      0x456 c:/st/stm32cubeide_1.0.0/stm32cubeide/plugins/com.st.stm32cube.ide.mcu.externaltools.gnu-tools-for-stm32.7-2018-q2-update.win32_1.0.0.201904181610/tools/bin/../lib/gcc/arm-none-eabi/7.3.1/../../../../arm-none-eabi/lib/thumb/v6-m\libc_nano.a(lib_a-gdtoa-gethex.o)
                0x000000000801329e                __gethex
 .text.L_shift  0x00000000080136f4       0x24 c:/st/stm32cubeide_1.0.0/stm32cubeide/plugins/com.st.stm32cube.ide.mcu.externaltools.gnu-tools-for-stm32.7-2018-q2-update.win32_1.0.0.201904181610/tools/bin/../lib/gcc/arm-none-eabi/7.3.1/../../../../arm-none-eabi/lib/thumb/v6-m\libc_nano.a(lib_a-gdtoa-hexnan.o)
 .text.__match  0x0000000008013718       0x28 c:/st/stm32cubeide_1.0.0/stm32cubeide/plugins/com.st.stm32cube.ide.mcu.externaltools.gnu-tools-for-stm32.7-2018-q2-update.win32_1.0.0.201904181610/tools/bin/../lib/gcc/arm-none-eabi/7.3.1/../../../../arm-none-eabi/lib/thumb/v6-m\libc_nano.a(lib_a-gdtoa-hexnan.o)
                0x0000000008013718                __match
 .text.__hexnan
                0x0000000008013740      0x12e c:/st/stm32cubeide_1.0.0/stm32cubeide/plugins/com.st.stm32cube.ide.mcu.externaltools.gnu-tools-for-stm32.7-2018-q2-update.win32_1.0.0.201904181610/tools/bin/../lib/gcc/arm-none-eabi/7.3.1/../../../../arm-none-eabi/lib/thumb/v6-m\libc_nano.a(lib_a-gdtoa-hexnan.o)
                0x0000000008013740                __hexnan
 .text.__localeconv_l
                0x000000000801386e        0x4 c:/st/stm32cubeide_1.0.0/stm32cubeide/plugins/com.st.stm32cube.ide.mcu.externaltools.gnu-tools-for-stm32.7-2018-q2-update.win32_1.0.0.201904181610/tools/bin/../lib/gcc/arm-none-eabi/7.3.1/../../../../arm-none-eabi/lib/thumb/v6-m\libc_nano.a(lib_a-localeconv.o)
                0x000000000801386e                __localeconv_l
 .text.__malloc_lock
                0x0000000008013872        0x2 c:/st/stm32cubeide_1.0.0/stm32cubeide/plugins/com.st.stm32cube.ide.mcu.externaltools.gnu-tools-for-stm32.7-2018-q2-update.win32_1.0.0.201904181610/tools/bin/../lib/gcc/arm-none-eabi/7.3.1/../../../../arm-none-eabi/lib/thumb/v6-m\libc_nano.a(lib_a-mlock.o)
                0x0000000008013872                __malloc_lock
 .text.__malloc_unlock
                0x0000000008013874        0x2 c:/st/stm32cubeide_1.0.0/stm32cubeide/plugins/com.st.stm32cube.ide.mcu.externaltools.gnu-tools-for-stm32.7-2018-q2-update.win32_1.0.0.201904181610/tools/bin/../lib/gcc/arm-none-eabi/7.3.1/../../../../arm-none-eabi/lib/thumb/v6-m\libc_nano.a(lib_a-mlock.o)
                0x0000000008013874                __malloc_unlock
 .text._Balloc  0x0000000008013876       0x70 c:/st/stm32cubeide_1.0.0/stm32cubeide/plugins/com.st.stm32cube.ide.mcu.externaltools.gnu-tools-for-stm32.7-2018-q2-update.win32_1.0.0.201904181610/tools/bin/../lib/gcc/arm-none-eabi/7.3.1/../../../../arm-none-eabi/lib/thumb/v6-m\libc_nano.a(lib_a-mprec.o)
                0x0000000008013876                _Balloc
 .text._Bfree   0x00000000080138e6       0x32 c:/st/stm32cubeide_1.0.0/stm32cubeide/plugins/com.st.stm32cube.ide.mcu.externaltools.gnu-tools-for-stm32.7-2018-q2-update.win32_1.0.0.201904181610/tools/bin/../lib/gcc/arm-none-eabi/7.3.1/../../../../arm-none-eabi/lib/thumb/v6-m\libc_nano.a(lib_a-mprec.o)
                0x00000000080138e6                _Bfree
 .text.__multadd
                0x0000000008013918       0x7c c:/st/stm32cubeide_1.0.0/stm32cubeide/plugins/com.st.stm32cube.ide.mcu.externaltools.gnu-tools-for-stm32.7-2018-q2-update.win32_1.0.0.201904181610/tools/bin/../lib/gcc/arm-none-eabi/7.3.1/../../../../arm-none-eabi/lib/thumb/v6-m\libc_nano.a(lib_a-mprec.o)
                0x0000000008013918                __multadd
 .text.__s2b    0x0000000008013994       0x7c c:/st/stm32cubeide_1.0.0/stm32cubeide/plugins/com.st.stm32cube.ide.mcu.externaltools.gnu-tools-for-stm32.7-2018-q2-update.win32_1.0.0.201904181610/tools/bin/../lib/gcc/arm-none-eabi/7.3.1/../../../../arm-none-eabi/lib/thumb/v6-m\libc_nano.a(lib_a-mprec.o)
                0x0000000008013994                __s2b
 .text.__hi0bits
                0x0000000008013a10       0x34 c:/st/stm32cubeide_1.0.0/stm32cubeide/plugins/com.st.stm32cube.ide.mcu.externaltools.gnu-tools-for-stm32.7-2018-q2-update.win32_1.0.0.201904181610/tools/bin/../lib/gcc/arm-none-eabi/7.3.1/../../../../arm-none-eabi/lib/thumb/v6-m\libc_nano.a(lib_a-mprec.o)
                0x0000000008013a10                __hi0bits
 .text.__lo0bits
                0x0000000008013a44       0x5e c:/st/stm32cubeide_1.0.0/stm32cubeide/plugins/com.st.stm32cube.ide.mcu.externaltools.gnu-tools-for-stm32.7-2018-q2-update.win32_1.0.0.201904181610/tools/bin/../lib/gcc/arm-none-eabi/7.3.1/../../../../arm-none-eabi/lib/thumb/v6-m\libc_nano.a(lib_a-mprec.o)
                0x0000000008013a44                __lo0bits