H01R0.c:1165:15:pulseColorCommand	72	static,ignoring_inline_asm
H01R0.c:1237:15:pulseRGBCommand	88	static,ignoring_inline_asm
H01R0.c:271:6:RegisterModuleCLICommands	8	static
H01R0.c:289:9:GetPort	0	static
H01R0.c:395:6:TIM3_Init	104	static
H01R0.c:169:6:Module_Init	40	static
H01R0.c:462:15:startPWM	32	static
H01R0.c:709:15:RGB_LED_on	8	static
H01R0.c:942:15:onCommand	24	static,ignoring_inline_asm
H01R0.c:740:15:RGB_LED_off	8	static
H01R0.c:981:15:offCommand	8	static,ignoring_inline_asm
H01R0.c:759:15:RGB_LED_toggle	8	static
H01R0.c:1123:15:toggleCommand	24	static,ignoring_inline_asm
H01R0.c:775:15:RGB_LED_setRGB	8	static
H01R0.c:551:6:RGBsweepFine	16	static
H01R0.c:1071:15:RGBCommand	56	static,ignoring_inline_asm
H01R0.c:790:15:RGB_LED_setColor	8	static
H01R0.c:488:6:RGBpulse	16	static
H01R0.c:517:6:RGBsweepBasic	8	static
H01R0.c:609:6:RGBdim	24	static
H01R0.c:324:6:RGBledTask	16	static
H01R0.c:909:15:demoCommand	32	static,ignoring_inline_asm
H01R0.c:1003:15:colorCommand	56	static,ignoring_inline_asm
H01R0.c:830:15:RGB_LED_pulseRGB	8	static
H01R0.c:846:15:RGB_LED_pulseColor	8	static
H01R0.c:862:15:RGB_LED_sweep	8	static
H01R0.c:1300:15:sweepCommand	72	static,ignoring_inline_asm
H01R0.c:883:15:RGB_LED_dim	8	static
H01R0.c:198:15:Module_MessagingTask	40	static
H01R0.c:1354:15:dimCommand	104	static,ignoring_inline_asm
