stm32f0xx_hal.c:157:19:HAL_Init	8	static
stm32f0xx_hal.c:181:19:HAL_DeInit	8	static
stm32f0xx_hal.c:204:13:HAL_MspInit	8	static
stm32f0xx_hal.c:215:13:HAL_MspDeInit	8	static
stm32f0xx_hal.c:238:26:HAL_InitTick	16	static
stm32f0xx_hal.c:286:13:HAL_IncTick	8	static
stm32f0xx_hal.c:297:17:HAL_GetTick	8	static
stm32f0xx_hal.c:313:13:HAL_Delay	24	static
stm32f0xx_hal.c:332:13:HAL_SuspendTick	8	static
stm32f0xx_hal.c:349:13:HAL_ResumeTick	8	static
stm32f0xx_hal.c:359:10:HAL_GetHalVersion	8	static
stm32f0xx_hal.c:368:10:HAL_GetREVID	8	static
stm32f0xx_hal.c:377:10:HAL_GetDEVID	8	static
stm32f0xx_hal.c:386:6:HAL_DBGMCU_EnableDBGStopMode	8	static
stm32f0xx_hal.c:395:6:HAL_DBGMCU_DisableDBGStopMode	8	static
stm32f0xx_hal.c:404:6:HAL_DBGMCU_EnableDBGStandbyMode	8	static
stm32f0xx_hal.c:413:6:HAL_DBGMCU_DisableDBGStandbyMode	8	static
