core_cm0.h:569:22:NVIC_EnableIRQ	16	static
core_cm0.h:581:22:NVIC_DisableIRQ	16	static
core_cm0.h:597:26:NVIC_GetPendingIRQ	16	static
core_cm0.h:609:22:NVIC_SetPendingIRQ	16	static
core_cm0.h:621:22:NVIC_ClearPendingIRQ	16	static
core_cm0.h:636:22:NVIC_SetPriority	24	static
core_cm0.h:660:26:NVIC_GetPriority	16	static
core_cm0.h:676:22:NVIC_SystemReset	8	static,ignoring_inline_asm
core_cm0.h:714:26:SysTick_Config	16	static
stm32f0xx_hal_cortex.c:154:6:HAL_NVIC_SetPriority	24	static
stm32f0xx_hal_cortex.c:170:6:HAL_NVIC_EnableIRQ	16	static
stm32f0xx_hal_cortex.c:186:6:HAL_NVIC_DisableIRQ	16	static
stm32f0xx_hal_cortex.c:199:6:HAL_NVIC_SystemReset	8	static
stm32f0xx_hal_cortex.c:212:10:HAL_SYSTICK_Config	16	static
stm32f0xx_hal_cortex.c:244:10:HAL_NVIC_GetPriority	16	static
stm32f0xx_hal_cortex.c:257:6:HAL_NVIC_SetPendingIRQ	16	static
stm32f0xx_hal_cortex.c:275:10:HAL_NVIC_GetPendingIRQ	16	static
stm32f0xx_hal_cortex.c:291:6:HAL_NVIC_ClearPendingIRQ	16	static
stm32f0xx_hal_cortex.c:308:6:HAL_SYSTICK_CLKSourceConfig	16	static
stm32f0xx_hal_cortex.c:326:6:HAL_SYSTICK_IRQHandler	8	static
stm32f0xx_hal_cortex.c:335:13:HAL_SYSTICK_Callback	8	static
